Archive member included to satisfy reference by file (symbol)

/private/var/folders/cs/8k4rd8wn11g9t0b617_34rdr0000gp/T/arduino/sketches/5DB0113F3FEAA46ED9EF506358AC432D/../../cores/arduino_samd_mkrwan1310_69f8762d4f40de9fbf6a58e02a638f5b/core.a(SERCOM.cpp.o)
                              /private/var/folders/cs/8k4rd8wn11g9t0b617_34rdr0000gp/T/arduino/sketches/5DB0113F3FEAA46ED9EF506358AC432D/core/variant.cpp.o (SERCOM::SERCOM(Sercom*))
/private/var/folders/cs/8k4rd8wn11g9t0b617_34rdr0000gp/T/arduino/sketches/5DB0113F3FEAA46ED9EF506358AC432D/../../cores/arduino_samd_mkrwan1310_69f8762d4f40de9fbf6a58e02a638f5b/core.a(CDC.cpp.o)
                              /private/var/folders/cs/8k4rd8wn11g9t0b617_34rdr0000gp/T/arduino/sketches/5DB0113F3FEAA46ED9EF506358AC432D/sketch/memoryUsage.ino.cpp.o (Serial_::begin(unsigned long))
/private/var/folders/cs/8k4rd8wn11g9t0b617_34rdr0000gp/T/arduino/sketches/5DB0113F3FEAA46ED9EF506358AC432D/../../cores/arduino_samd_mkrwan1310_69f8762d4f40de9fbf6a58e02a638f5b/core.a(USBCore.cpp.o)
                              /private/var/folders/cs/8k4rd8wn11g9t0b617_34rdr0000gp/T/arduino/sketches/5DB0113F3FEAA46ED9EF506358AC432D/../../cores/arduino_samd_mkrwan1310_69f8762d4f40de9fbf6a58e02a638f5b/core.a(CDC.cpp.o) (usbd)
/private/var/folders/cs/8k4rd8wn11g9t0b617_34rdr0000gp/T/arduino/sketches/5DB0113F3FEAA46ED9EF506358AC432D/../../cores/arduino_samd_mkrwan1310_69f8762d4f40de9fbf6a58e02a638f5b/core.a(Uart.cpp.o)
                              /private/var/folders/cs/8k4rd8wn11g9t0b617_34rdr0000gp/T/arduino/sketches/5DB0113F3FEAA46ED9EF506358AC432D/core/variant.cpp.o (Uart::Uart(SERCOM*, unsigned char, unsigned char, SercomRXPad, SercomUartTXPad))
/private/var/folders/cs/8k4rd8wn11g9t0b617_34rdr0000gp/T/arduino/sketches/5DB0113F3FEAA46ED9EF506358AC432D/../../cores/arduino_samd_mkrwan1310_69f8762d4f40de9fbf6a58e02a638f5b/core.a(PluggableUSB.cpp.o)
                              /private/var/folders/cs/8k4rd8wn11g9t0b617_34rdr0000gp/T/arduino/sketches/5DB0113F3FEAA46ED9EF506358AC432D/../../cores/arduino_samd_mkrwan1310_69f8762d4f40de9fbf6a58e02a638f5b/core.a(USBCore.cpp.o) (arduino::PluggableUSB_::getInterface(unsigned char*))
/private/var/folders/cs/8k4rd8wn11g9t0b617_34rdr0000gp/T/arduino/sketches/5DB0113F3FEAA46ED9EF506358AC432D/../../cores/arduino_samd_mkrwan1310_69f8762d4f40de9fbf6a58e02a638f5b/core.a(Print.cpp.o)
                              /private/var/folders/cs/8k4rd8wn11g9t0b617_34rdr0000gp/T/arduino/sketches/5DB0113F3FEAA46ED9EF506358AC432D/../../cores/arduino_samd_mkrwan1310_69f8762d4f40de9fbf6a58e02a638f5b/core.a(Uart.cpp.o) (arduino::Print::write(unsigned char const*, unsigned int))
/private/var/folders/cs/8k4rd8wn11g9t0b617_34rdr0000gp/T/arduino/sketches/5DB0113F3FEAA46ED9EF506358AC432D/../../cores/arduino_samd_mkrwan1310_69f8762d4f40de9fbf6a58e02a638f5b/core.a(String.cpp.o)
                              /private/var/folders/cs/8k4rd8wn11g9t0b617_34rdr0000gp/T/arduino/sketches/5DB0113F3FEAA46ED9EF506358AC432D/libraries/Arduino_MKRMEM/Arduino_SPIFFS_DirectoryEntry.cpp.o (arduino::String::String(char const*))
/private/var/folders/cs/8k4rd8wn11g9t0b617_34rdr0000gp/T/arduino/sketches/5DB0113F3FEAA46ED9EF506358AC432D/../../cores/arduino_samd_mkrwan1310_69f8762d4f40de9fbf6a58e02a638f5b/core.a(dtostrf.c.o)
                              /private/var/folders/cs/8k4rd8wn11g9t0b617_34rdr0000gp/T/arduino/sketches/5DB0113F3FEAA46ED9EF506358AC432D/../../cores/arduino_samd_mkrwan1310_69f8762d4f40de9fbf6a58e02a638f5b/core.a(String.cpp.o) (dtostrf)
/private/var/folders/cs/8k4rd8wn11g9t0b617_34rdr0000gp/T/arduino/sketches/5DB0113F3FEAA46ED9EF506358AC432D/../../cores/arduino_samd_mkrwan1310_69f8762d4f40de9fbf6a58e02a638f5b/core.a(cortex_handlers.c.o)
                              (Reset_Handler)
/private/var/folders/cs/8k4rd8wn11g9t0b617_34rdr0000gp/T/arduino/sketches/5DB0113F3FEAA46ED9EF506358AC432D/../../cores/arduino_samd_mkrwan1310_69f8762d4f40de9fbf6a58e02a638f5b/core.a(delay.c.o)
                              /private/var/folders/cs/8k4rd8wn11g9t0b617_34rdr0000gp/T/arduino/sketches/5DB0113F3FEAA46ED9EF506358AC432D/../../cores/arduino_samd_mkrwan1310_69f8762d4f40de9fbf6a58e02a638f5b/core.a(CDC.cpp.o) (millis)
/private/var/folders/cs/8k4rd8wn11g9t0b617_34rdr0000gp/T/arduino/sketches/5DB0113F3FEAA46ED9EF506358AC432D/../../cores/arduino_samd_mkrwan1310_69f8762d4f40de9fbf6a58e02a638f5b/core.a(hooks.c.o)
                              /private/var/folders/cs/8k4rd8wn11g9t0b617_34rdr0000gp/T/arduino/sketches/5DB0113F3FEAA46ED9EF506358AC432D/../../cores/arduino_samd_mkrwan1310_69f8762d4f40de9fbf6a58e02a638f5b/core.a(delay.c.o) (yield)
/private/var/folders/cs/8k4rd8wn11g9t0b617_34rdr0000gp/T/arduino/sketches/5DB0113F3FEAA46ED9EF506358AC432D/../../cores/arduino_samd_mkrwan1310_69f8762d4f40de9fbf6a58e02a638f5b/core.a(itoa.c.o)
[...]
Memory Configuration

Name             Origin             Length             Attributes
FLASH            0x0000000000002000 0x000000000003e000 xr
RAM              0x0000000020000000 0x0000000000008000 xrw
*default*        0x0000000000000000 0xffffffffffffffff

Linker script and memory map

LOAD /Users/student/Library/Arduino15/packages/arduino/tools/arm-none-eabi-gcc/7-2017q4/bin/../lib/gcc/arm-none-eabi/7.2.1/thumb/v6-m/crti.o
LOAD /Users/student/Library/Arduino15/packages/arduino/tools/arm-none-eabi-gcc/7-2017q4/bin/../lib/gcc/arm-none-eabi/7.2.1/thumb/v6-m/crtbegin.o
LOAD /Users/student/Library/Arduino15/packages/arduino/tools/arm-none-eabi-gcc/7-2017q4/bin/../lib/gcc/arm-none-eabi/7.2.1/../../../../arm-none-eabi/lib/thumb/v6-m/crt0.o
LOAD /private/var/folders/cs/8k4rd8wn11g9t0b617_34rdr0000gp/T/arduino/sketches/5DB0113F3FEAA46ED9EF506358AC432D/sketch/memoryUsage.ino.cpp.o
LOAD /private/var/folders/cs/8k4rd8wn11g9t0b617_34rdr0000gp/T/arduino/sketches/5DB0113F3FEAA46ED9EF506358AC432D/libraries/Arduino_MKRMEM/Arduino_SPIFFS.cpp.o
LOAD /private/var/folders/cs/8k4rd8wn11g9t0b617_34rdr0000gp/T/arduino/sketches/5DB0113F3FEAA46ED9EF506358AC432D/libraries/Arduino_MKRMEM/Arduino_SPIFFS_Directory.cpp.o
LOAD /private/var/folders/cs/8k4rd8wn11g9t0b617_34rdr0000gp/T/arduino/sketches/5DB0113F3FEAA46ED9EF506358AC432D/libraries/Arduino_MKRMEM/Arduino_SPIFFS_DirectoryEntry.cpp.o
LOAD /private/var/folders/cs/8k4rd8wn11g9t0b617_34rdr0000gp/T/arduino/sketches/5DB0113F3FEAA46ED9EF506358AC432D/libraries/Arduino_MKRMEM/Arduino_SPIFFS_File.cpp.o
LOAD /private/var/folders/cs/8k4rd8wn11g9t0b617_34rdr0000gp/T/arduino/sketches/5DB0113F3FEAA46ED9EF506358AC432D/libraries/Arduino_MKRMEM/Arduino_W25Q16DV.cpp.o
LOAD /private/var/folders/cs/8k4rd8wn11g9t0b617_34rdr0000gp/T/arduino/sketches/5DB0113F3FEAA46ED9EF506358AC432D/libraries/Arduino_MKRMEM/spiffs_cache.c.o
LOAD /private/var/folders/cs/8k4rd8wn11g9t0b617_34rdr0000gp/T/arduino/sketches/5DB0113F3FEAA46ED9EF506358AC432D/libraries/Arduino_MKRMEM/spiffs_check.c.o
LOAD /private/var/folders/cs/8k4rd8wn11g9t0b617_34rdr0000gp/T/arduino/sketches/5DB0113F3FEAA46ED9EF506358AC432D/libraries/Arduino_MKRMEM/spiffs_gc.c.o
LOAD /private/var/folders/cs/8k4rd8wn11g9t0b617_34rdr0000gp/T/arduino/sketches/5DB0113F3FEAA46ED9EF506358AC432D/libraries/Arduino_MKRMEM/spiffs_hydrogen.c.o
LOAD /private/var/folders/cs/8k4rd8wn11g9t0b617_34rdr0000gp/T/arduino/sketches/5DB0113F3FEAA46ED9EF506358AC432D/libraries/Arduino_MKRMEM/spiffs_nucleus.c.o
LOAD /private/var/folders/cs/8k4rd8wn11g9t0b617_34rdr0000gp/T/arduino/sketches/5DB0113F3FEAA46ED9EF506358AC432D/libraries/SPI/SPI.cpp.o
LOAD /private/var/folders/cs/8k4rd8wn11g9t0b617_34rdr0000gp/T/arduino/sketches/5DB0113F3FEAA46ED9EF506358AC432D/core/variant.cpp.o
START GROUP
LOAD /Users/student/Library/Arduino15/packages/arduino/tools/CMSIS/4.5.0/CMSIS/Lib/GCC//libarm_cortexM0l_math.a
LOAD /private/var/folders/cs/8k4rd8wn11g9t0b617_34rdr0000gp/T/arduino/sketches/5DB0113F3FEAA46ED9EF506358AC432D/../../cores/arduino_samd_mkrwan1310_69f8762d4f40de9fbf6a58e02a638f5b/core.a
END GROUP
LOAD /Users/student/Library/Arduino15/packages/arduino/tools/arm-none-eabi-gcc/7-2017q4/bin/../lib/gcc/arm-none-eabi/7.2.1/../../../../arm-none-eabi/lib/thumb/v6-m/libstdc++_nano.a
LOAD /Users/student/Library/Arduino15/packages/arduino/tools/arm-none-eabi-gcc/7-2017q4/bin/../lib/gcc/arm-none-eabi/7.2.1/../../../../arm-none-eabi/lib/thumb/v6-m/libm.a
START GROUP
LOAD /Users/student/Library/Arduino15/packages/arduino/tools/arm-none-eabi-gcc/7-2017q4/bin/../lib/gcc/arm-none-eabi/7.2.1/thumb/v6-m/libgcc.a
LOAD /Users/student/Library/Arduino15/packages/arduino/tools/arm-none-eabi-gcc/7-2017q4/bin/../lib/gcc/arm-none-eabi/7.2.1/../../../../arm-none-eabi/lib/thumb/v6-m/libc_nano.a
END GROUP
START GROUP
LOAD /Users/student/Library/Arduino15/packages/arduino/tools/arm-none-eabi-gcc/7-2017q4/bin/../lib/gcc/arm-none-eabi/7.2.1/thumb/v6-m/libgcc.a
LOAD /Users/student/Library/Arduino15/packages/arduino/tools/arm-none-eabi-gcc/7-2017q4/bin/../lib/gcc/arm-none-eabi/7.2.1/../../../../arm-none-eabi/lib/thumb/v6-m/libc_nano.a
LOAD /Users/student/Library/Arduino15/packages/arduino/tools/arm-none-eabi-gcc/7-2017q4/bin/../lib/gcc/arm-none-eabi/7.2.1/../../../../arm-none-eabi/lib/thumb/v6-m/libnosys.a
END GROUP
START GROUP
LOAD /Users/student/Library/Arduino15/packages/arduino/tools/arm-none-eabi-gcc/7-2017q4/bin/../lib/gcc/arm-none-eabi/7.2.1/thumb/v6-m/libgcc.a
LOAD /Users/student/Library/Arduino15/packages/arduino/tools/arm-none-eabi-gcc/7-2017q4/bin/../lib/gcc/arm-none-eabi/7.2.1/../../../../arm-none-eabi/lib/thumb/v6-m/libc_nano.a
LOAD /Users/student/Library/Arduino15/packages/arduino/tools/arm-none-eabi-gcc/7-2017q4/bin/../lib/gcc/arm-none-eabi/7.2.1/../../../../arm-none-eabi/lib/thumb/v6-m/libnosys.a
END GROUP
LOAD /Users/student/Library/Arduino15/packages/arduino/tools/arm-none-eabi-gcc/7-2017q4/bin/../lib/gcc/arm-none-eabi/7.2.1/thumb/v6-m/crtend.o
LOAD /Users/student/Library/Arduino15/packages/arduino/tools/arm-none-eabi-gcc/7-2017q4/bin/../lib/gcc/arm-none-eabi/7.2.1/thumb/v6-m/crtn.o

.text           0x0000000000002000     0x6be4
                0x0000000000002000                __text_start__ = .
 *(.sketch_boot)
                0x0000000000002000                . = ALIGN (0x2000)
 *(.isr_vector)
 .isr_vector    0x0000000000002000       0xb4 /private/var/folders/cs/8k4rd8wn11g9t0b617_34rdr0000gp/T/arduino/sketches/5DB0113F3FEAA46ED9EF506358AC432D/../../cores/arduino_samd_mkrwan1310_69f8762d4f40de9fbf6a58e02a638f5b/core.a(cortex_handlers.c.o)
                0x0000000000002000                exception_table
 *(.text*)
 .text          0x00000000000020b4       0x48 /Users/student/Library/Arduino15/packages/arduino/tools/arm-none-eabi-gcc/7-2017q4/bin/../lib/gcc/arm-none-eabi/7.2.1/thumb/v6-m/crtbegin.o
 .text._Z21on_exit_with_error_dov
                0x00000000000020fc       0x14 /private/var/folders/cs/8k4rd8wn11g9t0b617_34rdr0000gp/T/arduino/sketches/5DB0113F3FEAA46ED9EF506358AC432D/sketch/memoryUsage.ino.cpp.o
                0x00000000000020fc                on_exit_with_error_do()
 .text.loop     0x0000000000002110       0xb8 /private/var/folders/cs/8k4rd8wn11g9t0b617_34rdr0000gp/T/arduino/sketches/5DB0113F3FEAA46ED9EF506358AC432D/sketch/memoryUsage.ino.cpp.o
                0x0000000000002110                loop
 .text.startup._GLOBAL__sub_I_flash
                0x00000000000021c8       0x18 /private/var/folders/cs/8k4rd8wn11g9t0b617_34rdr0000gp/T/arduino/sketches/5DB0113F3FEAA46ED9EF506358AC432D/sketch/memoryUsage.ino.cpp.o
 .text.setup    0x00000000000021e0       0x78 /private/var/folders/cs/8k4rd8wn11g9t0b617_34rdr0000gp/T/arduino/sketches/5DB0113F3FEAA46ED9EF506358AC432D/sketch/memoryUsage.ino.cpp.o
                0x00000000000021e0                setup
 .text._ZN14Arduino_SPIFFS5mountEv
                0x0000000000002258       0x30 /private/var/folders/cs/8k4rd8wn11g9t0b617_34rdr0000gp/T/arduino/sketches/5DB0113F3FEAA46ED9EF506358AC432D/libraries/Arduino_MKRMEM/Arduino_SPIFFS.cpp.o
                0x0000000000002258                Arduino_SPIFFS::mount()
 .text._ZN14Arduino_SPIFFS4openEPKct
                0x0000000000002288       0x1c /private/var/folders/cs/8k4rd8wn11g9t0b617_34rdr0000gp/T/arduino/sketches/5DB0113F3FEAA46ED9EF506358AC432D/libraries/Arduino_MKRMEM/Arduino_SPIFFS.cpp.o
                0x0000000000002288                Arduino_SPIFFS::open(char const*, unsigned short)
 .text.startup._GLOBAL__sub_I__ZN14Arduino_SPIFFSC2EPFlmmPhES2_PFlmmE
                0x00000000000022a4       0x20 /private/var/folders/cs/8k4rd8wn11g9t0b617_34rdr0000gp/T/arduino/sketches/5DB0113F3FEAA46ED9EF506358AC432D/libraries/Arduino_MKRMEM/Arduino_SPIFFS.cpp.o
 .text._ZN19Arduino_SPIFFS_FilecvbEv
                0x00000000000022c4        0xa /private/var/folders/cs/8k4rd8wn11g9t0b617_34rdr0000gp/T/arduino/sketches/5DB0113F3FEAA46ED9EF506358AC432D/libraries/Arduino_MKRMEM/Arduino_SPIFFS_File.cpp.o
                0x00000000000022c4                Arduino_SPIFFS_File::operator bool()
 *fill*         0x00000000000022ce        0x2 
 .text._ZN19Arduino_SPIFFS_File4readEPvi
                0x00000000000022d0       0x18 /private/var/folders/cs/8k4rd8wn11g9t0b617_34rdr0000gp/T/arduino/sketches/5DB0113F3FEAA46ED9EF506358AC432D/libraries/Arduino_MKRMEM/Arduino_SPIFFS_File.cpp.o
                0x00000000000022d0                Arduino_SPIFFS_File::read(void*, int)
 .text._ZN19Arduino_SPIFFS_File3eofEv
                0x00000000000022e8       0x14 /private/var/folders/cs/8k4rd8wn11g9t0b617_34rdr0000gp/T/arduino/sketches/5DB0113F3FEAA46ED9EF506358AC432D/libraries/Arduino_MKRMEM/Arduino_SPIFFS_File.cpp.o
                0x00000000000022e8                Arduino_SPIFFS_File::eof()
 .text._ZN19Arduino_SPIFFS_File5closeEv
                0x00000000000022fc       0x14 /private/var/folders/cs/8k4rd8wn11g9t0b617_34rdr0000gp/T/arduino/sketches/5DB0113F3FEAA46ED9EF506358AC432D/libraries/Arduino_MKRMEM/Arduino_SPIFFS_File.cpp.o
                0x00000000000022fc                Arduino_SPIFFS_File::close()
 .text._ZN19Arduino_SPIFFS_File6createEs
                0x0000000000002310        0x4 /private/var/folders/cs/8k4rd8wn11g9t0b617_34rdr0000gp/T/arduino/sketches/5DB0113F3FEAA46ED9EF506358AC432D/libraries/Arduino_MKRMEM/Arduino_SPIFFS_File.cpp.o
                0x0000000000002310                Arduino_SPIFFS_File::create(short)
 .text._ZN16Arduino_W25Q16DVC2ERN7arduino11HardwareSPIEi
                0x0000000000002314        0x6 /private/var/folders/cs/8k4rd8wn11g9t0b617_34rdr0000gp/T/arduino/sketches/5DB0113F3FEAA46ED9EF506358AC432D/libraries/Arduino_MKRMEM/Arduino_W25Q16DV.cpp.o
                0x0000000000002314                Arduino_W25Q16DV::Arduino_W25Q16DV(arduino::HardwareSPI&, int)
                0x0000000000002314                Arduino_W25Q16DV::Arduino_W25Q16DV(arduino::HardwareSPI&, int)
 .text._ZN16Arduino_W25Q16DV6selectEv
                0x000000000000231a        0xe /private/var/folders/cs/8k4rd8wn11g9t0b617_34rdr0000gp/T/arduino/sketches/5DB0113F3FEAA46ED9EF506358AC432D/libraries/Arduino_MKRMEM/Arduino_W25Q16DV.cpp.o
                0x000000000000231a                Arduino_W25Q16DV::select()
 .text._ZN16Arduino_W25Q16DV8deselectEv
                0x0000000000002328        0xe /private/var/folders/cs/8k4rd8wn11g9t0b617_34rdr0000gp/T/arduino/sketches/5DB0113F3FEAA46ED9EF506358AC432D/libraries/Arduino_MKRMEM/Arduino_W25Q16DV.cpp.o
                0x0000000000002328                Arduino_W25Q16DV::deselect()
 .text._ZN16Arduino_W25Q16DV5beginEv
                0x0000000000002336       0x1e /private/var/folders/cs/8k4rd8wn11g9t0b617_34rdr0000gp/T/arduino/sketches/5DB0113F3FEAA46ED9EF506358AC432D/libraries/Arduino_MKRMEM/Arduino_W25Q16DV.cpp.o
                0x0000000000002336                Arduino_W25Q16DV::begin()
 .text._ZN16Arduino_W25Q16DV14readStatusReg1Ev
                0x0000000000002354       0x38 /private/var/folders/cs/8k4rd8wn11g9t0b617_34rdr0000gp/T/arduino/sketches/5DB0113F3FEAA46ED9EF506358AC432D/libraries/Arduino_MKRMEM/Arduino_W25Q16DV.cpp.o
                0x0000000000002354                Arduino_W25Q16DV::readStatusReg1()
 .text._ZN16Arduino_W25Q16DV6isBusyEv
                0x000000000000238c        0xc /private/var/folders/cs/8k4rd8wn11g9t0b617_34rdr0000gp/T/arduino/sketches/5DB0113F3FEAA46ED9EF506358AC432D/libraries/Arduino_MKRMEM/Arduino_W25Q16DV.cpp.o
                0x000000000000238c                Arduino_W25Q16DV::isBusy()
 .text._ZN16Arduino_W25Q16DV4readEmPhm
                0x0000000000002398       0x80 /private/var/folders/cs/8k4rd8wn11g9t0b617_34rdr0000gp/T/arduino/sketches/5DB0113F3FEAA46ED9EF506358AC432D/libraries/Arduino_MKRMEM/Arduino_W25Q16DV.cpp.o
                0x0000000000002398                Arduino_W25Q16DV::read(unsigned long, unsigned char*, unsigned long)
 .text._ZN16Arduino_W25Q16DV11enableWriteEv
                0x0000000000002418       0x2c /private/var/folders/cs/8k4rd8wn11g9t0b617_34rdr0000gp/T/arduino/sketches/5DB0113F3FEAA46ED9EF506358AC432D/libraries/Arduino_MKRMEM/Arduino_W25Q16DV.cpp.o
                0x0000000000002418                Arduino_W25Q16DV::enableWrite()
 .text._ZN16Arduino_W25Q16DV11programPageEmPKhm
                0x0000000000002444       0x84 /private/var/folders/cs/8k4rd8wn11g9t0b617_34rdr0000gp/T/arduino/sketches/5DB0113F3FEAA46ED9EF506358AC432D/libraries/Arduino_MKRMEM/Arduino_W25Q16DV.cpp.o
                0x0000000000002444                Arduino_W25Q16DV::programPage(unsigned long, unsigned char const*, unsigned long)
 .text._ZN16Arduino_W25Q16DV11eraseSectorEm
                0x00000000000024c8       0x68 /private/var/folders/cs/8k4rd8wn11g9t0b617_34rdr0000gp/T/arduino/sketches/5DB0113F3FEAA46ED9EF506358AC432D/libraries/Arduino_MKRMEM/Arduino_W25Q16DV.cpp.o
                0x00000000000024c8                Arduino_W25Q16DV::eraseSector(unsigned long)
 .text._Z15w25q16_spi_readmmPh
                0x0000000000002530       0x14 /private/var/folders/cs/8k4rd8wn11g9t0b617_34rdr0000gp/T/arduino/sketches/5DB0113F3FEAA46ED9EF506358AC432D/libraries/Arduino_MKRMEM/Arduino_W25Q16DV.cpp.o
                0x0000000000002530                w25q16_spi_read(unsigned long, unsigned long, unsigned char*)
 .text._Z16w25q16_spi_writemmPh
                0x0000000000002544       0x14 /private/var/folders/cs/8k4rd8wn11g9t0b617_34rdr0000gp/T/arduino/sketches/5DB0113F3FEAA46ED9EF506358AC432D/libraries/Arduino_MKRMEM/Arduino_W25Q16DV.cpp.o
                0x0000000000002544                w25q16_spi_write(unsigned long, unsigned long, unsigned char*)
 .text._Z16w25q16_spi_erasemm
                0x0000000000002558       0x14 /private/var/folders/cs/8k4rd8wn11g9t0b617_34rdr0000gp/T/arduino/sketches/5DB0113F3FEAA46ED9EF506358AC432D/libraries/Arduino_MKRMEM/Arduino_W25Q16DV.cpp.o
                0x0000000000002558                w25q16_spi_erase(unsigned long, unsigned long)
 .text.startup._GLOBAL__sub_I__ZN16Arduino_W25Q16DVC2ERN7arduino11HardwareSPIEi
                0x000000000000256c       0x2c /private/var/folders/cs/8k4rd8wn11g9t0b617_34rdr0000gp/T/arduino/sketches/5DB0113F3FEAA46ED9EF506358AC432D/libraries/Arduino_MKRMEM/Arduino_W25Q16DV.cpp.o
 .text.spiffs_cache_page_free
                0x0000000000002598       0x52 /private/var/folders/cs/8k4rd8wn11g9t0b617_34rdr0000gp/T/arduino/sketches/5DB0113F3FEAA46ED9EF506358AC432D/libraries/Arduino_MKRMEM/spiffs_cache.c.o
 .text.spiffs_cache_page_get.isra.0
                0x00000000000025ea       0x44 /private/var/folders/cs/8k4rd8wn11g9t0b617_34rdr0000gp/T/arduino/sketches/5DB0113F3FEAA46ED9EF506358AC432D/libraries/Arduino_MKRMEM/spiffs_cache.c.o
 .text.spiffs_cache_page_allocate.isra.1
                0x000000000000262e       0x3a /private/var/folders/cs/8k4rd8wn11g9t0b617_34rdr0000gp/T/arduino/sketches/5DB0113F3FEAA46ED9EF506358AC432D/libraries/Arduino_MKRMEM/spiffs_cache.c.o
 .text.spiffs_cache_page_remove_oldest.constprop.2
                0x0000000000002668       0x54 /private/var/folders/cs/8k4rd8wn11g9t0b617_34rdr0000gp/T/arduino/sketches/5DB0113F3FEAA46ED9EF506358AC432D/libraries/Arduino_MKRMEM/spiffs_cache.c.o
 .text.spiffs_cache_drop_page
                0x00000000000026bc       0x1a /private/var/folders/cs/8k4rd8wn11g9t0b617_34rdr0000gp/T/arduino/sketches/5DB0113F3FEAA46ED9EF506358AC432D/libraries/Arduino_MKRMEM/spiffs_cache.c.o
                0x00000000000026bc                spiffs_cache_drop_page
 .text.spiffs_phys_rd
                0x00000000000026d6       0xc8 /private/var/folders/cs/8k4rd8wn11g9t0b617_34rdr0000gp/T/arduino/sketches/5DB0113F3FEAA46ED9EF506358AC432D/libraries/Arduino_MKRMEM/spiffs_cache.c.o
                0x00000000000026d6                spiffs_phys_rd
 .text.spiffs_phys_wr
                0x000000000000279e       0x6a /private/var/folders/cs/8k4rd8wn11g9t0b617_34rdr0000gp/T/arduino/sketches/5DB0113F3FEAA46ED9EF506358AC432D/libraries/Arduino_MKRMEM/spiffs_cache.c.o
                0x000000000000279e                spiffs_phys_wr
 .text.spiffs_cache_page_get_by_fd
                0x0000000000002808       0x48 /private/var/folders/cs/8k4rd8wn11g9t0b617_34rdr0000gp/T/arduino/sketches/5DB0113F3FEAA46ED9EF506358AC432D/libraries/Arduino_MKRMEM/spiffs_cache.c.o
                0x0000000000002808                spiffs_cache_page_get_by_fd
 .text.spiffs_cache_fd_release
                0x0000000000002850       0x3c /private/var/folders/cs/8k4rd8wn11g9t0b617_34rdr0000gp/T/arduino/sketches/5DB0113F3FEAA46ED9EF506358AC432D/libraries/Arduino_MKRMEM/spiffs_cache.c.o
                0x0000000000002850                spiffs_cache_fd_release
 .text.spiffs_cache_init
                0x000000000000288c       0x8c /private/var/folders/cs/8k4rd8wn11g9t0b617_34rdr0000gp/T/arduino/sketches/5DB0113F3FEAA46ED9EF506358AC432D/libraries/Arduino_MKRMEM/spiffs_cache.c.o
                0x000000000000288c                spiffs_cache_init
 .text.spiffs_gc_erase_block
                0x0000000000002918       0x2c /private/var/folders/cs/8k4rd8wn11g9t0b617_34rdr0000gp/T/arduino/sketches/5DB0113F3FEAA46ED9EF506358AC432D/libraries/Arduino_MKRMEM/spiffs_gc.c.o
 .text.spiffs_gc_quick
                0x0000000000002944       0xa0 /private/var/folders/cs/8k4rd8wn11g9t0b617_34rdr0000gp/T/arduino/sketches/5DB0113F3FEAA46ED9EF506358AC432D/libraries/Arduino_MKRMEM/spiffs_gc.c.o
                0x0000000000002944                spiffs_gc_quick
 .text.spiffs_gc_erase_page_stats
                0x00000000000029e4       0x54 /private/var/folders/cs/8k4rd8wn11g9t0b617_34rdr0000gp/T/arduino/sketches/5DB0113F3FEAA46ED9EF506358AC432D/libraries/Arduino_MKRMEM/spiffs_gc.c.o
                0x00000000000029e4                spiffs_gc_erase_page_stats
 .text.spiffs_gc_find_candidate
                0x0000000000002a38      0x188 /private/var/folders/cs/8k4rd8wn11g9t0b617_34rdr0000gp/T/arduino/sketches/5DB0113F3FEAA46ED9EF506358AC432D/libraries/Arduino_MKRMEM/spiffs_gc.c.o
                0x0000000000002a38                spiffs_gc_find_candidate
 .text.spiffs_gc_clean
                0x0000000000002bc0      0x448 /private/var/folders/cs/8k4rd8wn11g9t0b617_34rdr0000gp/T/arduino/sketches/5DB0113F3FEAA46ED9EF506358AC432D/libraries/Arduino_MKRMEM/spiffs_gc.c.o
                0x0000000000002bc0                spiffs_gc_clean
 .text.spiffs_gc_check
                0x0000000000003008       0xdc /private/var/folders/cs/8k4rd8wn11g9t0b617_34rdr0000gp/T/arduino/sketches/5DB0113F3FEAA46ED9EF506358AC432D/libraries/Arduino_MKRMEM/spiffs_gc.c.o
                0x0000000000003008                spiffs_gc_check
 .text.spiffs_hydro_write.isra.0
                0x00000000000030e4       0x54 /private/var/folders/cs/8k4rd8wn11g9t0b617_34rdr0000gp/T/arduino/sketches/5DB0113F3FEAA46ED9EF506358AC432D/libraries/Arduino_MKRMEM/spiffs_hydrogen.c.o
 .text.spiffs_fflush_cache
                0x0000000000003138       0x5e /private/var/folders/cs/8k4rd8wn11g9t0b617_34rdr0000gp/T/arduino/sketches/5DB0113F3FEAA46ED9EF506358AC432D/libraries/Arduino_MKRMEM/spiffs_hydrogen.c.o
 *fill*         0x0000000000003196        0x2 
 .text.SPIFFS_mount
                0x0000000000003198       0xb4 /private/var/folders/cs/8k4rd8wn11g9t0b617_34rdr0000gp/T/arduino/sketches/5DB0113F3FEAA46ED9EF506358AC432D/libraries/Arduino_MKRMEM/spiffs_hydrogen.c.o
                0x0000000000003198                SPIFFS_mount
 .text.SPIFFS_unmount
                0x000000000000324c       0x4c /private/var/folders/cs/8k4rd8wn11g9t0b617_34rdr0000gp/T/arduino/sketches/5DB0113F3FEAA46ED9EF506358AC432D/libraries/Arduino_MKRMEM/spiffs_hydrogen.c.o
                0x000000000000324c                SPIFFS_unmount
 .text.SPIFFS_open
                0x0000000000003298      0x120 /private/var/folders/cs/8k4rd8wn11g9t0b617_34rdr0000gp/T/arduino/sketches/5DB0113F3FEAA46ED9EF506358AC432D/libraries/Arduino_MKRMEM/spiffs_hydrogen.c.o
                0x0000000000003298                SPIFFS_open
 .text.SPIFFS_read
                0x00000000000033b8       0xc4 /private/var/folders/cs/8k4rd8wn11g9t0b617_34rdr0000gp/T/arduino/sketches/5DB0113F3FEAA46ED9EF506358AC432D/libraries/Arduino_MKRMEM/spiffs_hydrogen.c.o
                0x00000000000033b8                SPIFFS_read
 .text.SPIFFS_close
                0x000000000000347c       0x44 /private/var/folders/cs/8k4rd8wn11g9t0b617_34rdr0000gp/T/arduino/sketches/5DB0113F3FEAA46ED9EF506358AC432D/libraries/Arduino_MKRMEM/spiffs_hydrogen.c.o
                0x000000000000347c                SPIFFS_close
 .text.SPIFFS_eof
                0x00000000000034c0       0x58 /private/var/folders/cs/8k4rd8wn11g9t0b617_34rdr0000gp/T/arduino/sketches/5DB0113F3FEAA46ED9EF506358AC432D/libraries/Arduino_MKRMEM/spiffs_hydrogen.c.o
                0x00000000000034c0                SPIFFS_eof
 .text.spiffs_obj_lu_find_id_and_span_v
                0x0000000000003518       0x70 /private/var/folders/cs/8k4rd8wn11g9t0b617_34rdr0000gp/T/arduino/sketches/5DB0113F3FEAA46ED9EF506358AC432D/libraries/Arduino_MKRMEM/spiffs_nucleus.c.o
 .text.spiffs_page_index_check
                0x0000000000003588       0x98 /private/var/folders/cs/8k4rd8wn11g9t0b617_34rdr0000gp/T/arduino/sketches/5DB0113F3FEAA46ED9EF506358AC432D/libraries/Arduino_MKRMEM/spiffs_nucleus.c.o
 .text.spiffs_object_find_object_index_header_by_name_v
                0x0000000000003620       0x64 /private/var/folders/cs/8k4rd8wn11g9t0b617_34rdr0000gp/T/arduino/sketches/5DB0113F3FEAA46ED9EF506358AC432D/libraries/Arduino_MKRMEM/spiffs_nucleus.c.o
 .text.spiffs_obj_lu_find_free_obj_id_bitmap_v
                0x0000000000003684       0x98 /private/var/folders/cs/8k4rd8wn11g9t0b617_34rdr0000gp/T/arduino/sketches/5DB0113F3FEAA46ED9EF506358AC432D/libraries/Arduino_MKRMEM/spiffs_nucleus.c.o
 .text.spiffs_obj_lu_scan_v
                0x000000000000371c       0x30 /private/var/folders/cs/8k4rd8wn11g9t0b617_34rdr0000gp/T/arduino/sketches/5DB0113F3FEAA46ED9EF506358AC432D/libraries/Arduino_MKRMEM/spiffs_nucleus.c.o
 .text.spiffs_update_ix_map.isra.1
                0x000000000000374c       0xc0 /private/var/folders/cs/8k4rd8wn11g9t0b617_34rdr0000gp/T/arduino/sketches/5DB0113F3FEAA46ED9EF506358AC432D/libraries/Arduino_MKRMEM/spiffs_nucleus.c.o
 .text.spiffs_hash.isra.2
                0x000000000000380c       0x24 /private/var/folders/cs/8k4rd8wn11g9t0b617_34rdr0000gp/T/arduino/sketches/5DB0113F3FEAA46ED9EF506358AC432D/libraries/Arduino_MKRMEM/spiffs_nucleus.c.o
 .text.spiffs_page_data_check.isra.3
                0x0000000000003830       0x90 /private/var/folders/cs/8k4rd8wn11g9t0b617_34rdr0000gp/T/arduino/sketches/5DB0113F3FEAA46ED9EF506358AC432D/libraries/Arduino_MKRMEM/spiffs_nucleus.c.o
 .text.spiffs_obj_lu_find_free_obj_id_compact_v
                0x00000000000038c0       0x94 /private/var/folders/cs/8k4rd8wn11g9t0b617_34rdr0000gp/T/arduino/sketches/5DB0113F3FEAA46ED9EF506358AC432D/libraries/Arduino_MKRMEM/spiffs_nucleus.c.o
 .text.spiffs_phys_cpy
                0x0000000000003954       0x54 /private/var/folders/cs/8k4rd8wn11g9t0b617_34rdr0000gp/T/arduino/sketches/5DB0113F3FEAA46ED9EF506358AC432D/libraries/Arduino_MKRMEM/spiffs_nucleus.c.o
                0x0000000000003954                spiffs_phys_cpy
 .text.spiffs_obj_lu_find_entry_visitor
                0x00000000000039a8      0x18c /private/var/folders/cs/8k4rd8wn11g9t0b617_34rdr0000gp/T/arduino/sketches/5DB0113F3FEAA46ED9EF506358AC432D/libraries/Arduino_MKRMEM/spiffs_nucleus.c.o
                0x00000000000039a8                spiffs_obj_lu_find_entry_visitor
 .text.spiffs_erase_block
                0x0000000000003b34       0x78 /private/var/folders/cs/8k4rd8wn11g9t0b617_34rdr0000gp/T/arduino/sketches/5DB0113F3FEAA46ED9EF506358AC432D/libraries/Arduino_MKRMEM/spiffs_nucleus.c.o
                0x0000000000003b34                spiffs_erase_block
 .text.spiffs_obj_lu_scan
                0x0000000000003bac      0x110 /private/var/folders/cs/8k4rd8wn11g9t0b617_34rdr0000gp/T/arduino/sketches/5DB0113F3FEAA46ED9EF506358AC432D/libraries/Arduino_MKRMEM/spiffs_nucleus.c.o
                0x0000000000003bac                spiffs_obj_lu_scan
 .text.spiffs_obj_lu_find_id
                0x0000000000003cbc       0x30 /private/var/folders/cs/8k4rd8wn11g9t0b617_34rdr0000gp/T/arduino/sketches/5DB0113F3FEAA46ED9EF506358AC432D/libraries/Arduino_MKRMEM/spiffs_nucleus.c.o
                0x0000000000003cbc                spiffs_obj_lu_find_id
 .text.spiffs_obj_lu_find_free
                0x0000000000003cec       0x74 /private/var/folders/cs/8k4rd8wn11g9t0b617_34rdr0000gp/T/arduino/sketches/5DB0113F3FEAA46ED9EF506358AC432D/libraries/Arduino_MKRMEM/spiffs_nucleus.c.o
                0x0000000000003cec                spiffs_obj_lu_find_free
 .text.spiffs_obj_lu_find_id_and_span
                0x0000000000003d60       0x70 /private/var/folders/cs/8k4rd8wn11g9t0b617_34rdr0000gp/T/arduino/sketches/5DB0113F3FEAA46ED9EF506358AC432D/libraries/Arduino_MKRMEM/spiffs_nucleus.c.o
                0x0000000000003d60                spiffs_obj_lu_find_id_and_span
 .text.spiffs_page_allocate_data
                0x0000000000003dd0      0x102 /private/var/folders/cs/8k4rd8wn11g9t0b617_34rdr0000gp/T/arduino/sketches/5DB0113F3FEAA46ED9EF506358AC432D/libraries/Arduino_MKRMEM/spiffs_nucleus.c.o
                0x0000000000003dd0                spiffs_page_allocate_data
 *fill*         0x0000000000003ed2        0x2 
 .text.spiffs_page_delete
                0x0000000000003ed4       0x60 /private/var/folders/cs/8k4rd8wn11g9t0b617_34rdr0000gp/T/arduino/sketches/5DB0113F3FEAA46ED9EF506358AC432D/libraries/Arduino_MKRMEM/spiffs_nucleus.c.o
                0x0000000000003ed4                spiffs_page_delete
 .text.spiffs_page_move
                0x0000000000003f34       0xfc /private/var/folders/cs/8k4rd8wn11g9t0b617_34rdr0000gp/T/arduino/sketches/5DB0113F3FEAA46ED9EF506358AC432D/libraries/Arduino_MKRMEM/spiffs_nucleus.c.o
                0x0000000000003f34                spiffs_page_move
 .text.spiffs_cb_object_event
                0x0000000000004030      0x158 /private/var/folders/cs/8k4rd8wn11g9t0b617_34rdr0000gp/T/arduino/sketches/5DB0113F3FEAA46ED9EF506358AC432D/libraries/Arduino_MKRMEM/spiffs_nucleus.c.o
                0x0000000000004030                spiffs_cb_object_event
 .text.spiffs_object_create
                0x0000000000004188       0xf8 /private/var/folders/cs/8k4rd8wn11g9t0b617_34rdr0000gp/T/arduino/sketches/5DB0113F3FEAA46ED9EF506358AC432D/libraries/Arduino_MKRMEM/spiffs_nucleus.c.o
                0x0000000000004188                spiffs_object_create
 .text.spiffs_object_update_index_hdr
                0x0000000000004280      0x100 /private/var/folders/cs/8k4rd8wn11g9t0b617_34rdr0000gp/T/arduino/sketches/5DB0113F3FEAA46ED9EF506358AC432D/libraries/Arduino_MKRMEM/spiffs_nucleus.c.o
                0x0000000000004280                spiffs_object_update_index_hdr
 .text.spiffs_object_open_by_page
                0x0000000000004380       0xb0 /private/var/folders/cs/8k4rd8wn11g9t0b617_34rdr0000gp/T/arduino/sketches/5DB0113F3FEAA46ED9EF506358AC432D/libraries/Arduino_MKRMEM/spiffs_nucleus.c.o
                0x0000000000004380                spiffs_object_open_by_page
 .text.spiffs_object_append
                0x0000000000004430      0x570 /private/var/folders/cs/8k4rd8wn11g9t0b617_34rdr0000gp/T/arduino/sketches/5DB0113F3FEAA46ED9EF506358AC432D/libraries/Arduino_MKRMEM/spiffs_nucleus.c.o
                0x0000000000004430                spiffs_object_append
 .text.spiffs_object_modify
                0x00000000000049a0      0x4c4 /private/var/folders/cs/8k4rd8wn11g9t0b617_34rdr0000gp/T/arduino/sketches/5DB0113F3FEAA46ED9EF506358AC432D/libraries/Arduino_MKRMEM/spiffs_nucleus.c.o
                0x00000000000049a0                spiffs_object_modify
 .text.spiffs_object_find_object_index_header_by_name
                0x0000000000004e64       0x5c /private/var/folders/cs/8k4rd8wn11g9t0b617_34rdr0000gp/T/arduino/sketches/5DB0113F3FEAA46ED9EF506358AC432D/libraries/Arduino_MKRMEM/spiffs_nucleus.c.o
                0x0000000000004e64                spiffs_object_find_object_index_header_by_name
 .text.spiffs_object_truncate
                0x0000000000004ec0      0x4d0 /private/var/folders/cs/8k4rd8wn11g9t0b617_34rdr0000gp/T/arduino/sketches/5DB0113F3FEAA46ED9EF506358AC432D/libraries/Arduino_MKRMEM/spiffs_nucleus.c.o
                0x0000000000004ec0                spiffs_object_truncate
 .text.spiffs_object_read
                0x0000000000005390      0x1f0 /private/var/folders/cs/8k4rd8wn11g9t0b617_34rdr0000gp/T/arduino/sketches/5DB0113F3FEAA46ED9EF506358AC432D/libraries/Arduino_MKRMEM/spiffs_nucleus.c.o
                0x0000000000005390                spiffs_object_read
 .text.spiffs_obj_lu_find_free_obj_id
                0x0000000000005580      0x15c /private/var/folders/cs/8k4rd8wn11g9t0b617_34rdr0000gp/T/arduino/sketches/5DB0113F3FEAA46ED9EF506358AC432D/libraries/Arduino_MKRMEM/spiffs_nucleus.c.o
                0x0000000000005580                spiffs_obj_lu_find_free_obj_id
 .text.spiffs_fd_find_new
                0x00000000000056dc       0xe4 /private/var/folders/cs/8k4rd8wn11g9t0b617_34rdr0000gp/T/arduino/sketches/5DB0113F3FEAA46ED9EF506358AC432D/libraries/Arduino_MKRMEM/spiffs_nucleus.c.o
                0x00000000000056dc                spiffs_fd_find_new
 .text.spiffs_fd_return
                0x00000000000057c0       0x38 /private/var/folders/cs/8k4rd8wn11g9t0b617_34rdr0000gp/T/arduino/sketches/5DB0113F3FEAA46ED9EF506358AC432D/libraries/Arduino_MKRMEM/spiffs_nucleus.c.o
                0x00000000000057c0                spiffs_fd_return
 .text.spiffs_fd_get
                0x00000000000057f8       0x38 /private/var/folders/cs/8k4rd8wn11g9t0b617_34rdr0000gp/T/arduino/sketches/5DB0113F3FEAA46ED9EF506358AC432D/libraries/Arduino_MKRMEM/spiffs_nucleus.c.o
                0x00000000000057f8                spiffs_fd_get
 .text._ZN12SPIClassSAMD8transferEPvj
                0x0000000000005830       0x1e /private/var/folders/cs/8k4rd8wn11g9t0b617_34rdr0000gp/T/arduino/sketches/5DB0113F3FEAA46ED9EF506358AC432D/libraries/SPI/SPI.cpp.o
                0x0000000000005830                SPIClassSAMD::transfer(void*, unsigned int)
 .text._ZN12SPIClassSAMD15attachInterruptEv
                0x000000000000584e        0x2 /private/var/folders/cs/8k4rd8wn11g9t0b617_34rdr0000gp/T/arduino/sketches/5DB0113F3FEAA46ED9EF506358AC432D/libraries/SPI/SPI.cpp.o
                0x000000000000584e                SPIClassSAMD::attachInterrupt()
                0x000000000000584e                SPIClassSAMD::detachInterrupt()
 .text._ZN12SPIClassSAMDD2Ev
                0x0000000000005850        0x2 /private/var/folders/cs/8k4rd8wn11g9t0b617_34rdr0000gp/T/arduino/sketches/5DB0113F3FEAA46ED9EF506358AC432D/libraries/SPI/SPI.cpp.o
                0x0000000000005850                SPIClassSAMD::~SPIClassSAMD()
                0x0000000000005850                SPIClassSAMD::~SPIClassSAMD()
 .text._ZN12SPIClassSAMD3endEv
                0x0000000000005852       0x10 /private/var/folders/cs/8k4rd8wn11g9t0b617_34rdr0000gp/T/arduino/sketches/5DB0113F3FEAA46ED9EF506358AC432D/libraries/SPI/SPI.cpp.o
                0x0000000000005852                SPIClassSAMD::end()
 .text._ZN12SPIClassSAMD8transferEh
                0x0000000000005862        0xa /private/var/folders/cs/8k4rd8wn11g9t0b617_34rdr0000gp/T/arduino/sketches/5DB0113F3FEAA46ED9EF506358AC432D/libraries/SPI/SPI.cpp.o
                0x0000000000005862                SPIClassSAMD::transfer(unsigned char)
 .text._ZN12SPIClassSAMD10transfer16Et
                0x000000000000586c       0x58 /private/var/folders/cs/8k4rd8wn11g9t0b617_34rdr0000gp/T/arduino/sketches/5DB0113F3FEAA46ED9EF506358AC432D/libraries/SPI/SPI.cpp.o
                0x000000000000586c                SPIClassSAMD::transfer16(unsigned short)
 .text._ZN12SPIClassSAMDD0Ev
                0x00000000000058c4        0xc /private/var/folders/cs/8k4rd8wn11g9t0b617_34rdr0000gp/T/arduino/sketches/5DB0113F3FEAA46ED9EF506358AC432D/libraries/SPI/SPI.cpp.o
                0x00000000000058c4                SPIClassSAMD::~SPIClassSAMD()
 .text._ZN12SPIClassSAMD14usingInterruptEi
                0x00000000000058d0       0x44 /private/var/folders/cs/8k4rd8wn11g9t0b617_34rdr0000gp/T/arduino/sketches/5DB0113F3FEAA46ED9EF506358AC432D/libraries/SPI/SPI.cpp.o
                0x00000000000058d0                SPIClassSAMD::usingInterrupt(int)
 .text._ZN12SPIClassSAMD17notUsingInterruptEi
                0x0000000000005914       0x3c /private/var/folders/cs/8k4rd8wn11g9t0b617_34rdr0000gp/T/arduino/sketches/5DB0113F3FEAA46ED9EF506358AC432D/libraries/SPI/SPI.cpp.o
                0x0000000000005914                SPIClassSAMD::notUsingInterrupt(int)
 .text._ZN12SPIClassSAMD14endTransactionEv
                0x0000000000005950       0x28 /private/var/folders/cs/8k4rd8wn11g9t0b617_34rdr0000gp/T/arduino/sketches/5DB0113F3FEAA46ED9EF506358AC432D/libraries/SPI/SPI.cpp.o
                0x0000000000005950                SPIClassSAMD::endTransaction()
 .text._ZN12SPIClassSAMD4initEv
                0x0000000000005978       0x12 /private/var/folders/cs/8k4rd8wn11g9t0b617_34rdr0000gp/T/arduino/sketches/5DB0113F3FEAA46ED9EF506358AC432D/libraries/SPI/SPI.cpp.o
                0x0000000000005978                SPIClassSAMD::init()
 *fill*         0x000000000000598a        0x2 
 .text._ZN12SPIClassSAMD6configEN7arduino11SPISettingsE
                0x000000000000598c       0x74 /private/var/folders/cs/8k4rd8wn11g9t0b617_34rdr0000gp/T/arduino/sketches/5DB0113F3FEAA46ED9EF506358AC432D/libraries/SPI/SPI.cpp.o
                0x000000000000598c                SPIClassSAMD::config(arduino::SPISettings)
 .text._ZN12SPIClassSAMD5beginEv
                0x0000000000005a00       0x50 /private/var/folders/cs/8k4rd8wn11g9t0b617_34rdr0000gp/T/arduino/sketches/5DB0113F3FEAA46ED9EF506358AC432D/libraries/SPI/SPI.cpp.o
                0x0000000000005a00                SPIClassSAMD::begin()
 .text._ZN12SPIClassSAMD16beginTransactionEN7arduino11SPISettingsE
                0x0000000000005a50       0x38 /private/var/folders/cs/8k4rd8wn11g9t0b617_34rdr0000gp/T/arduino/sketches/5DB0113F3FEAA46ED9EF506358AC432D/libraries/SPI/SPI.cpp.o
                0x0000000000005a50                SPIClassSAMD::beginTransaction(arduino::SPISettings)
 .text.startup._GLOBAL__sub_I__ZN12SPIClassSAMDC2EP6SERCOMhhh14SercomSpiTXPad11SercomRXPad
                0x0000000000005a88       0x98 /private/var/folders/cs/8k4rd8wn11g9t0b617_34rdr0000gp/T/arduino/sketches/5DB0113F3FEAA46ED9EF506358AC432D/libraries/SPI/SPI.cpp.o
 .text.initVariant
                0x0000000000005b20       0xcc /private/var/folders/cs/8k4rd8wn11g9t0b617_34rdr0000gp/T/arduino/sketches/5DB0113F3FEAA46ED9EF506358AC432D/core/variant.cpp.o
                0x0000000000005b20                initVariant
 .text.SERCOM5_Handler
                0x0000000000005bec       0x10 /private/var/folders/cs/8k4rd8wn11g9t0b617_34rdr0000gp/T/arduino/sketches/5DB0113F3FEAA46ED9EF506358AC432D/core/variant.cpp.o
                0x0000000000005bec                SERCOM5_Handler
 .text.SERCOM4_Handler
                0x0000000000005bfc       0x10 /private/var/folders/cs/8k4rd8wn11g9t0b617_34rdr0000gp/T/arduino/sketches/5DB0113F3FEAA46ED9EF506358AC432D/core/variant.cpp.o
                0x0000000000005bfc                SERCOM4_Handler
 .text.startup._GLOBAL__sub_I_g_APinDescription
                0x0000000000005c0c       0x98 /private/var/folders/cs/8k4rd8wn11g9t0b617_34rdr0000gp/T/arduino/sketches/5DB0113F3FEAA46ED9EF506358AC432D/core/variant.cpp.o
 .text._ZN6SERCOMC2EP6Sercom
                0x0000000000005ca4        0x8 /private/var/folders/cs/8k4rd8wn11g9t0b617_34rdr0000gp/T/arduino/sketches/5DB0113F3FEAA46ED9EF506358AC432D/../../cores/arduino_samd_mkrwan1310_69f8762d4f40de9fbf6a58e02a638f5b/core.a(SERCOM.cpp.o)
                0x0000000000005ca4                SERCOM::SERCOM(Sercom*)
                0x0000000000005ca4                SERCOM::SERCOM(Sercom*)
 .text._ZN6SERCOM9initFrameE18SercomUartCharSize15SercomDataOrder16SercomParityMode19SercomNumberStopBit
                0x0000000000005cac       0x3a /private/var/folders/cs/8k4rd8wn11g9t0b617_34rdr0000gp/T/arduino/sketches/5DB0113F3FEAA46ED9EF506358AC432D/../../cores/arduino_samd_mkrwan1310_69f8762d4f40de9fbf6a58e02a638f5b/core.a(SERCOM.cpp.o)
                0x0000000000005cac                SERCOM::initFrame(SercomUartCharSize, SercomDataOrder, SercomParityMode, SercomNumberStopBit)
 .text._ZN6SERCOM8initPadsE15SercomUartTXPad11SercomRXPad
                0x0000000000005ce6       0x26 /private/var/folders/cs/8k4rd8wn11g9t0b617_34rdr0000gp/T/arduino/sketches/5DB0113F3FEAA46ED9EF506358AC432D/../../cores/arduino_samd_mkrwan1310_69f8762d4f40de9fbf6a58e02a638f5b/core.a(SERCOM.cpp.o)
                0x0000000000005ce6                SERCOM::initPads(SercomUartTXPad, SercomRXPad)
 .text._ZN6SERCOM9resetUARTEv
                0x0000000000005d0c       0x1a /private/var/folders/cs/8k4rd8wn11g9t0b617_34rdr0000gp/T/arduino/sketches/5DB0113F3FEAA46ED9EF506358AC432D/../../cores/arduino_samd_mkrwan1310_69f8762d4f40de9fbf6a58e02a638f5b/core.a(SERCOM.cpp.o)
                0x0000000000005d0c                SERCOM::resetUART()
 .text._ZN6SERCOM10enableUARTEv
                0x0000000000005d26       0x14 /private/var/folders/cs/8k4rd8wn11g9t0b617_34rdr0000gp/T/arduino/sketches/5DB0113F3FEAA46ED9EF506358AC432D/../../cores/arduino_samd_mkrwan1310_69f8762d4f40de9fbf6a58e02a638f5b/core.a(SERCOM.cpp.o)
                0x0000000000005d26                SERCOM::enableUART()
 .text._ZN6SERCOM9flushUARTEv
                0x0000000000005d3a       0x14 /private/var/folders/cs/8k4rd8wn11g9t0b617_34rdr0000gp/T/arduino/sketches/5DB0113F3FEAA46ED9EF506358AC432D/../../cores/arduino_samd_mkrwan1310_69f8762d4f40de9fbf6a58e02a638f5b/core.a(SERCOM.cpp.o)
                0x0000000000005d3a                SERCOM::flushUART()
 .text._ZN6SERCOM15clearStatusUARTEv
                0x0000000000005d4e        0x8 /private/var/folders/cs/8k4rd8wn11g9t0b617_34rdr0000gp/T/arduino/sketches/5DB0113F3FEAA46ED9EF506358AC432D/../../cores/arduino_samd_mkrwan1310_69f8762d4f40de9fbf6a58e02a638f5b/core.a(SERCOM.cpp.o)
                0x0000000000005d4e                SERCOM::clearStatusUART()
 .text._ZN6SERCOM17availableDataUARTEv
                0x0000000000005d56        0xa /private/var/folders/cs/8k4rd8wn11g9t0b617_34rdr0000gp/T/arduino/sketches/5DB0113F3FEAA46ED9EF506358AC432D/../../cores/arduino_samd_mkrwan1310_69f8762d4f40de9fbf6a58e02a638f5b/core.a(SERCOM.cpp.o)
                0x0000000000005d56                SERCOM::availableDataUART()
 .text._ZN6SERCOM11isUARTErrorEv
                0x0000000000005d60        0x8 /private/var/folders/cs/8k4rd8wn11g9t0b617_34rdr0000gp/T/arduino/sketches/5DB0113F3FEAA46ED9EF506358AC432D/../../cores/arduino_samd_mkrwan1310_69f8762d4f40de9fbf6a58e02a638f5b/core.a(SERCOM.cpp.o)
                0x0000000000005d60                SERCOM::isUARTError()
 .text._ZN6SERCOM20acknowledgeUARTErrorEv
                0x0000000000005d68        0xe /private/var/folders/cs/8k4rd8wn11g9t0b617_34rdr0000gp/T/arduino/sketches/5DB0113F3FEAA46ED9EF506358AC432D/../../cores/arduino_samd_mkrwan1310_69f8762d4f40de9fbf6a58e02a638f5b/core.a(SERCOM.cpp.o)
                0x0000000000005d68                SERCOM::acknowledgeUARTError()
 .text._ZN6SERCOM16isFrameErrorUARTEv
                0x0000000000005d76        0xa /private/var/folders/cs/8k4rd8wn11g9t0b617_34rdr0000gp/T/arduino/sketches/5DB0113F3FEAA46ED9EF506358AC432D/../../cores/arduino_samd_mkrwan1310_69f8762d4f40de9fbf6a58e02a638f5b/core.a(SERCOM.cpp.o)
                0x0000000000005d76                SERCOM::isFrameErrorUART()
 .text._ZN6SERCOM19clearFrameErrorUARTEv
                0x0000000000005d80        0xc /private/var/folders/cs/8k4rd8wn11g9t0b617_34rdr0000gp/T/arduino/sketches/5DB0113F3FEAA46ED9EF506358AC432D/../../cores/arduino_samd_mkrwan1310_69f8762d4f40de9fbf6a58e02a638f5b/core.a(SERCOM.cpp.o)
                0x0000000000005d80                SERCOM::clearFrameErrorUART()
 .text._ZN6SERCOM23isDataRegisterEmptyUARTEv
                0x0000000000005d8c        0xa /private/var/folders/cs/8k4rd8wn11g9t0b617_34rdr0000gp/T/arduino/sketches/5DB0113F3FEAA46ED9EF506358AC432D/../../cores/arduino_samd_mkrwan1310_69f8762d4f40de9fbf6a58e02a638f5b/core.a(SERCOM.cpp.o)
                0x0000000000005d8c                SERCOM::isDataRegisterEmptyUART()
 .text._ZN6SERCOM12readDataUARTEv
                0x0000000000005d96        0x8 /private/var/folders/cs/8k4rd8wn11g9t0b617_34rdr0000gp/T/arduino/sketches/5DB0113F3FEAA46ED9EF506358AC432D/../../cores/arduino_samd_mkrwan1310_69f8762d4f40de9fbf6a58e02a638f5b/core.a(SERCOM.cpp.o)
                0x0000000000005d96                SERCOM::readDataUART()
 .text._ZN6SERCOM13writeDataUARTEh
                0x0000000000005d9e       0x14 /private/var/folders/cs/8k4rd8wn11g9t0b617_34rdr0000gp/T/arduino/sketches/5DB0113F3FEAA46ED9EF506358AC432D/../../cores/arduino_samd_mkrwan1310_69f8762d4f40de9fbf6a58e02a638f5b/core.a(SERCOM.cpp.o)
                0x0000000000005d9e                SERCOM::writeDataUART(unsigned char)
 .text._ZN6SERCOM36enableDataRegisterEmptyInterruptUARTEv
                0x0000000000005db2        0x8 /private/var/folders/cs/8k4rd8wn11g9t0b617_34rdr0000gp/T/arduino/sketches/5DB0113F3FEAA46ED9EF506358AC432D/../../cores/arduino_samd_mkrwan1310_69f8762d4f40de9fbf6a58e02a638f5b/core.a(SERCOM.cpp.o)
                0x0000000000005db2                SERCOM::enableDataRegisterEmptyInterruptUART()
 .text._ZN6SERCOM37disableDataRegisterEmptyInterruptUARTEv
                0x0000000000005dba        0x8 /private/var/folders/cs/8k4rd8wn11g9t0b617_34rdr0000gp/T/arduino/sketches/5DB0113F3FEAA46ED9EF506358AC432D/../../cores/arduino_samd_mkrwan1310_69f8762d4f40de9fbf6a58e02a638f5b/core.a(SERCOM.cpp.o)
                0x0000000000005dba                SERCOM::disableDataRegisterEmptyInterruptUART()
 *fill*         0x0000000000005dc2        0x2 
 .text._ZN6SERCOM12initSPIClockE18SercomSpiClockModem
                0x0000000000005dc4       0x30 /private/var/folders/cs/8k4rd8wn11g9t0b617_34rdr0000gp/T/arduino/sketches/5DB0113F3FEAA46ED9EF506358AC432D/../../cores/arduino_samd_mkrwan1310_69f8762d4f40de9fbf6a58e02a638f5b/core.a(SERCOM.cpp.o)
                0x0000000000005dc4                SERCOM::initSPIClock(SercomSpiClockMode, unsigned long)
 .text._ZN6SERCOM8resetSPIEv
                0x0000000000005df4       0x1a /private/var/folders/cs/8k4rd8wn11g9t0b617_34rdr0000gp/T/arduino/sketches/5DB0113F3FEAA46ED9EF506358AC432D/../../cores/arduino_samd_mkrwan1310_69f8762d4f40de9fbf6a58e02a638f5b/core.a(SERCOM.cpp.o)
                0x0000000000005df4                SERCOM::resetSPI()
 .text._ZN6SERCOM9enableSPIEv
                0x0000000000005e0e       0x14 /private/var/folders/cs/8k4rd8wn11g9t0b617_34rdr0000gp/T/arduino/sketches/5DB0113F3FEAA46ED9EF506358AC432D/../../cores/arduino_samd_mkrwan1310_69f8762d4f40de9fbf6a58e02a638f5b/core.a(SERCOM.cpp.o)
                0x0000000000005e0e                SERCOM::enableSPI()
 .text._ZN6SERCOM10disableSPIEv
                0x0000000000005e22       0x12 /private/var/folders/cs/8k4rd8wn11g9t0b617_34rdr0000gp/T/arduino/sketches/5DB0113F3FEAA46ED9EF506358AC432D/../../cores/arduino_samd_mkrwan1310_69f8762d4f40de9fbf6a58e02a638f5b/core.a(SERCOM.cpp.o)
                0x0000000000005e22                SERCOM::disableSPI()
 .text._ZN6SERCOM15getDataOrderSPIEv
                0x0000000000005e34        0xa /private/var/folders/cs/8k4rd8wn11g9t0b617_34rdr0000gp/T/arduino/sketches/5DB0113F3FEAA46ED9EF506358AC432D/../../cores/arduino_samd_mkrwan1310_69f8762d4f40de9fbf6a58e02a638f5b/core.a(SERCOM.cpp.o)
                0x0000000000005e34                SERCOM::getDataOrderSPI()
 .text._ZN6SERCOM15transferDataSPIEh
                0x0000000000005e3e       0x1a /private/var/folders/cs/8k4rd8wn11g9t0b617_34rdr0000gp/T/arduino/sketches/5DB0113F3FEAA46ED9EF506358AC432D/../../cores/arduino_samd_mkrwan1310_69f8762d4f40de9fbf6a58e02a638f5b/core.a(SERCOM.cpp.o)
                0x0000000000005e3e                SERCOM::transferDataSPI(unsigned char)
 .text._ZN6SERCOM9resetWIREEv
                0x0000000000005e58       0x1a /private/var/folders/cs/8k4rd8wn11g9t0b617_34rdr0000gp/T/arduino/sketches/5DB0113F3FEAA46ED9EF506358AC432D/../../cores/arduino_samd_mkrwan1310_69f8762d4f40de9fbf6a58e02a638f5b/core.a(SERCOM.cpp.o)
                0x0000000000005e58                SERCOM::resetWIRE()
 .text._ZN6SERCOM10enableWIREEv
                0x0000000000005e72       0x2a /private/var/folders/cs/8k4rd8wn11g9t0b617_34rdr0000gp/T/arduino/sketches/5DB0113F3FEAA46ED9EF506358AC432D/../../cores/arduino_samd_mkrwan1310_69f8762d4f40de9fbf6a58e02a638f5b/core.a(SERCOM.cpp.o)
                0x0000000000005e72                SERCOM::enableWIRE()
 .text._ZN6SERCOM11disableWIREEv
                0x0000000000005e9c       0x14 /private/var/folders/cs/8k4rd8wn11g9t0b617_34rdr0000gp/T/arduino/sketches/5DB0113F3FEAA46ED9EF506358AC432D/../../cores/arduino_samd_mkrwan1310_69f8762d4f40de9fbf6a58e02a638f5b/core.a(SERCOM.cpp.o)
                0x0000000000005e9c                SERCOM::disableWIRE()
 .text._ZN6SERCOM18prepareNackBitWIREEv
                0x0000000000005eb0       0x10 /private/var/folders/cs/8k4rd8wn11g9t0b617_34rdr0000gp/T/arduino/sketches/5DB0113F3FEAA46ED9EF506358AC432D/../../cores/arduino_samd_mkrwan1310_69f8762d4f40de9fbf6a58e02a638f5b/core.a(SERCOM.cpp.o)
                0x0000000000005eb0                SERCOM::prepareNackBitWIRE()
 .text._ZN6SERCOM22prepareCommandBitsWireEh
                0x0000000000005ec0       0x2c /private/var/folders/cs/8k4rd8wn11g9t0b617_34rdr0000gp/T/arduino/sketches/5DB0113F3FEAA46ED9EF506358AC432D/../../cores/arduino_samd_mkrwan1310_69f8762d4f40de9fbf6a58e02a638f5b/core.a(SERCOM.cpp.o)
                0x0000000000005ec0                SERCOM::prepareCommandBitsWire(unsigned char)
 .text._ZN6SERCOM21startTransmissionWIREEh23SercomWireReadWriteFlag
                0x0000000000005eec       0x84 /private/var/folders/cs/8k4rd8wn11g9t0b617_34rdr0000gp/T/arduino/sketches/5DB0113F3FEAA46ED9EF506358AC432D/../../cores/arduino_samd_mkrwan1310_69f8762d4f40de9fbf6a58e02a638f5b/core.a(SERCOM.cpp.o)
                0x0000000000005eec                SERCOM::startTransmissionWIRE(unsigned char, SercomWireReadWriteFlag)
 .text._ZN6SERCOM18sendDataMasterWIREEh
                0x0000000000005f70       0x30 /private/var/folders/cs/8k4rd8wn11g9t0b617_34rdr0000gp/T/arduino/sketches/5DB0113F3FEAA46ED9EF506358AC432D/../../cores/arduino_samd_mkrwan1310_69f8762d4f40de9fbf6a58e02a638f5b/core.a(SERCOM.cpp.o)
                0x0000000000005f70                SERCOM::sendDataMasterWIRE(unsigned char)
 .text._ZN6SERCOM12readDataWIREEv
                0x0000000000005fa0       0x20 /private/var/folders/cs/8k4rd8wn11g9t0b617_34rdr0000gp/T/arduino/sketches/5DB0113F3FEAA46ED9EF506358AC432D/../../cores/arduino_samd_mkrwan1310_69f8762d4f40de9fbf6a58e02a638f5b/core.a(SERCOM.cpp.o)
                0x0000000000005fa0                SERCOM::readDataWIRE()
 .text._ZN6SERCOM13initClockNVICEv
                0x0000000000005fc0       0xa8 /private/var/folders/cs/8k4rd8wn11g9t0b617_34rdr0000gp/T/arduino/sketches/5DB0113F3FEAA46ED9EF506358AC432D/../../cores/arduino_samd_mkrwan1310_69f8762d4f40de9fbf6a58e02a638f5b/core.a(SERCOM.cpp.o)
                0x0000000000005fc0                SERCOM::initClockNVIC()
 .text._ZN6SERCOM8initUARTE14SercomUartMode20SercomUartSampleRatem
                0x0000000000006068       0x6c /private/var/folders/cs/8k4rd8wn11g9t0b617_34rdr0000gp/T/arduino/sketches/5DB0113F3FEAA46ED9EF506358AC432D/../../cores/arduino_samd_mkrwan1310_69f8762d4f40de9fbf6a58e02a638f5b/core.a(SERCOM.cpp.o)
                0x0000000000006068                SERCOM::initUART(SercomUartMode, SercomUartSampleRate, unsigned long)
 .text._ZN6SERCOM7initSPIE14SercomSpiTXPad11SercomRXPad17SercomSpiCharSize15SercomDataOrder
                0x00000000000060d4       0x4a /private/var/folders/cs/8k4rd8wn11g9t0b617_34rdr0000gp/T/arduino/sketches/5DB0113F3FEAA46ED9EF506358AC432D/../../cores/arduino_samd_mkrwan1310_69f8762d4f40de9fbf6a58e02a638f5b/core.a(SERCOM.cpp.o)
                0x00000000000060d4                SERCOM::initSPI(SercomSpiTXPad, SercomRXPad, SercomSpiCharSize, SercomDataOrder)
 *fill*         0x000000000000611e        0x2 
 .text._ZN6SERCOM14initMasterWIREEm
                0x0000000000006120       0x54 /private/var/folders/cs/8k4rd8wn11g9t0b617_34rdr0000gp/T/arduino/sketches/5DB0113F3FEAA46ED9EF506358AC432D/../../cores/arduino_samd_mkrwan1310_69f8762d4f40de9fbf6a58e02a638f5b/core.a(SERCOM.cpp.o)
                0x0000000000006120                SERCOM::initMasterWIRE(unsigned long)
 .text._ZN7Serial_13getDescriptorERN7arduino8USBSetupE
                0x0000000000006174        0x4 /private/var/folders/cs/8k4rd8wn11g9t0b617_34rdr0000gp/T/arduino/sketches/5DB0113F3FEAA46ED9EF506358AC432D/../../cores/arduino_samd_mkrwan1310_69f8762d4f40de9fbf6a58e02a638f5b/core.a(CDC.cpp.o)
                0x0000000000006174                Serial_::getDescriptor(arduino::USBSetup&)
 .text._ZL5utox8mPc
                0x0000000000006178       0x24 /private/var/folders/cs/8k4rd8wn11g9t0b617_34rdr0000gp/T/arduino/sketches/5DB0113F3FEAA46ED9EF506358AC432D/../../cores/arduino_samd_mkrwan1310_69f8762d4f40de9fbf6a58e02a638f5b/core.a(CDC.cpp.o)
 .text._ZN7Serial_12getShortNameEPc
                0x000000000000619c       0x44 /private/var/folders/cs/8k4rd8wn11g9t0b617_34rdr0000gp/T/arduino/sketches/5DB0113F3FEAA46ED9EF506358AC432D/../../cores/arduino_samd_mkrwan1310_69f8762d4f40de9fbf6a58e02a638f5b/core.a(CDC.cpp.o)
                0x000000000000619c                Serial_::getShortName(char*)
 .text._ZThn16_N7Serial_12getShortNameEPc
                0x00000000000061e0       0x10 /private/var/folders/cs/8k4rd8wn11g9t0b617_34rdr0000gp/T/arduino/sketches/5DB0113F3FEAA46ED9EF506358AC432D/../../cores/arduino_samd_mkrwan1310_69f8762d4f40de9fbf6a58e02a638f5b/core.a(CDC.cpp.o)
                0x00000000000061e0                non-virtual thunk to Serial_::getShortName(char*)
 .text._ZN7Serial_5beginEm
                0x00000000000061f0        0x2 /private/var/folders/cs/8k4rd8wn11g9t0b617_34rdr0000gp/T/arduino/sketches/5DB0113F3FEAA46ED9EF506358AC432D/../../cores/arduino_samd_mkrwan1310_69f8762d4f40de9fbf6a58e02a638f5b/core.a(CDC.cpp.o)
                0x00000000000061f0                Serial_::begin(unsigned long)
 .text._ZN7Serial_5beginEmt
                0x00000000000061f2        0x2 /private/var/folders/cs/8k4rd8wn11g9t0b617_34rdr0000gp/T/arduino/sketches/5DB0113F3FEAA46ED9EF506358AC432D/../../cores/arduino_samd_mkrwan1310_69f8762d4f40de9fbf6a58e02a638f5b/core.a(CDC.cpp.o)
                0x00000000000061f2                Serial_::begin(unsigned long, unsigned short)
 .text._ZN7Serial_17availableForWriteEv
                0x00000000000061f4        0x4 /private/var/folders/cs/8k4rd8wn11g9t0b617_34rdr0000gp/T/arduino/sketches/5DB0113F3FEAA46ED9EF506358AC432D/../../cores/arduino_samd_mkrwan1310_69f8762d4f40de9fbf6a58e02a638f5b/core.a(CDC.cpp.o)
                0x00000000000061f4                Serial_::availableForWrite()
 .text._ZN7Serial_5writeEh
                0x00000000000061f8       0x14 /private/var/folders/cs/8k4rd8wn11g9t0b617_34rdr0000gp/T/arduino/sketches/5DB0113F3FEAA46ED9EF506358AC432D/../../cores/arduino_samd_mkrwan1310_69f8762d4f40de9fbf6a58e02a638f5b/core.a(CDC.cpp.o)
                0x00000000000061f8                Serial_::write(unsigned char)
 .text._ZN7Serial_12getInterfaceEPh
                0x000000000000620c      0x11c /private/var/folders/cs/8k4rd8wn11g9t0b617_34rdr0000gp/T/arduino/sketches/5DB0113F3FEAA46ED9EF506358AC432D/../../cores/arduino_samd_mkrwan1310_69f8762d4f40de9fbf6a58e02a638f5b/core.a(CDC.cpp.o)
                0x000000000000620c                Serial_::getInterface(unsigned char*)
 .text._ZThn16_N7Serial_12getInterfaceEPh
                0x0000000000006328       0x10 /private/var/folders/cs/8k4rd8wn11g9t0b617_34rdr0000gp/T/arduino/sketches/5DB0113F3FEAA46ED9EF506358AC432D/../../cores/arduino_samd_mkrwan1310_69f8762d4f40de9fbf6a58e02a638f5b/core.a(CDC.cpp.o)
                0x0000000000006328                non-virtual thunk to Serial_::getInterface(unsigned char*)
 .text._ZN7Serial_5setupERN7arduino8USBSetupE
                0x0000000000006338       0x98 /private/var/folders/cs/8k4rd8wn11g9t0b617_34rdr0000gp/T/arduino/sketches/5DB0113F3FEAA46ED9EF506358AC432D/../../cores/arduino_samd_mkrwan1310_69f8762d4f40de9fbf6a58e02a638f5b/core.a(CDC.cpp.o)
                0x0000000000006338                Serial_::setup(arduino::USBSetup&)
 .text._ZThn16_N7Serial_5setupERN7arduino8USBSetupE
                0x00000000000063d0       0x10 /private/var/folders/cs/8k4rd8wn11g9t0b617_34rdr0000gp/T/arduino/sketches/5DB0113F3FEAA46ED9EF506358AC432D/../../cores/arduino_samd_mkrwan1310_69f8762d4f40de9fbf6a58e02a638f5b/core.a(CDC.cpp.o)
                0x00000000000063d0                non-virtual thunk to Serial_::setup(arduino::USBSetup&)
 .text._ZN7Serial_3endEv
                0x00000000000063e0       0x14 /private/var/folders/cs/8k4rd8wn11g9t0b617_34rdr0000gp/T/arduino/sketches/5DB0113F3FEAA46ED9EF506358AC432D/../../cores/arduino_samd_mkrwan1310_69f8762d4f40de9fbf6a58e02a638f5b/core.a(CDC.cpp.o)
                0x00000000000063e0                Serial_::end()
 .text._ZN7Serial_9availableEv
                0x00000000000063f4       0x20 /private/var/folders/cs/8k4rd8wn11g9t0b617_34rdr0000gp/T/arduino/sketches/5DB0113F3FEAA46ED9EF506358AC432D/../../cores/arduino_samd_mkrwan1310_69f8762d4f40de9fbf6a58e02a638f5b/core.a(CDC.cpp.o)
                0x00000000000063f4                Serial_::available()
 .text._ZN7Serial_5flushEv
                0x0000000000006414        0xe /private/var/folders/cs/8k4rd8wn11g9t0b617_34rdr0000gp/T/arduino/sketches/5DB0113F3FEAA46ED9EF506358AC432D/../../cores/arduino_samd_mkrwan1310_69f8762d4f40de9fbf6a58e02a638f5b/core.a(CDC.cpp.o)
                0x0000000000006414                Serial_::flush()
 .text._ZN7Serial_5clearEv
                0x0000000000006422        0xe /private/var/folders/cs/8k4rd8wn11g9t0b617_34rdr0000gp/T/arduino/sketches/5DB0113F3FEAA46ED9EF506358AC432D/../../cores/arduino_samd_mkrwan1310_69f8762d4f40de9fbf6a58e02a638f5b/core.a(CDC.cpp.o)
                0x0000000000006422                Serial_::clear()
 .text._ZN7Serial_5writeEPKhj
                0x0000000000006430       0x1e /private/var/folders/cs/8k4rd8wn11g9t0b617_34rdr0000gp/T/arduino/sketches/5DB0113F3FEAA46ED9EF506358AC432D/../../cores/arduino_samd_mkrwan1310_69f8762d4f40de9fbf6a58e02a638f5b/core.a(CDC.cpp.o)
                0x0000000000006430                Serial_::write(unsigned char const*, unsigned int)
 *fill*         0x000000000000644e        0x2 
 .text._ZN7Serial_4peekEv
                0x0000000000006450       0x1c /private/var/folders/cs/8k4rd8wn11g9t0b617_34rdr0000gp/T/arduino/sketches/5DB0113F3FEAA46ED9EF506358AC432D/../../cores/arduino_samd_mkrwan1310_69f8762d4f40de9fbf6a58e02a638f5b/core.a(CDC.cpp.o)
                0x0000000000006450                Serial_::peek()
 .text._ZN7Serial_4readEv
                0x000000000000646c       0x24 /private/var/folders/cs/8k4rd8wn11g9t0b617_34rdr0000gp/T/arduino/sketches/5DB0113F3FEAA46ED9EF506358AC432D/../../cores/arduino_samd_mkrwan1310_69f8762d4f40de9fbf6a58e02a638f5b/core.a(CDC.cpp.o)
                0x000000000000646c                Serial_::read()
 .text._ZN7Serial_cvbEv
                0x0000000000006490       0x28 /private/var/folders/cs/8k4rd8wn11g9t0b617_34rdr0000gp/T/arduino/sketches/5DB0113F3FEAA46ED9EF506358AC432D/../../cores/arduino_samd_mkrwan1310_69f8762d4f40de9fbf6a58e02a638f5b/core.a(CDC.cpp.o)
                0x0000000000006490                Serial_::operator bool()
 .text._ZThn16_N7Serial_13getDescriptorERN7arduino8USBSetupE
                0x00000000000064b8        0x4 /private/var/folders/cs/8k4rd8wn11g9t0b617_34rdr0000gp/T/arduino/sketches/5DB0113F3FEAA46ED9EF506358AC432D/../../cores/arduino_samd_mkrwan1310_69f8762d4f40de9fbf6a58e02a638f5b/core.a(CDC.cpp.o)
                0x00000000000064b8                non-virtual thunk to Serial_::getDescriptor(arduino::USBSetup&)
 .text.resetExternalChip
                0x00000000000064bc        0x2 /private/var/folders/cs/8k4rd8wn11g9t0b617_34rdr0000gp/T/arduino/sketches/5DB0113F3FEAA46ED9EF506358AC432D/../../cores/arduino_samd_mkrwan1310_69f8762d4f40de9fbf6a58e02a638f5b/core.a(CDC.cpp.o)
                0x00000000000064bc                resetExternalChip
 .text._ZN7Serial_14handleEndpointEi
                0x00000000000064be        0x2 /private/var/folders/cs/8k4rd8wn11g9t0b617_34rdr0000gp/T/arduino/sketches/5DB0113F3FEAA46ED9EF506358AC432D/../../cores/arduino_samd_mkrwan1310_69f8762d4f40de9fbf6a58e02a638f5b/core.a(CDC.cpp.o)
                0x00000000000064be                Serial_::handleEndpoint(int)
 .text._ZN7Serial_C2ER14USBDeviceClass
                0x00000000000064c0       0x50 /private/var/folders/cs/8k4rd8wn11g9t0b617_34rdr0000gp/T/arduino/sketches/5DB0113F3FEAA46ED9EF506358AC432D/../../cores/arduino_samd_mkrwan1310_69f8762d4f40de9fbf6a58e02a638f5b/core.a(CDC.cpp.o)
                0x00000000000064c0                Serial_::Serial_(USBDeviceClass&)
                0x00000000000064c0                Serial_::Serial_(USBDeviceClass&)
 .text._ZN7Serial_15enableInterruptEv
                0x0000000000006510       0x30 /private/var/folders/cs/8k4rd8wn11g9t0b617_34rdr0000gp/T/arduino/sketches/5DB0113F3FEAA46ED9EF506358AC432D/../../cores/arduino_samd_mkrwan1310_69f8762d4f40de9fbf6a58e02a638f5b/core.a(CDC.cpp.o)
                0x0000000000006510                Serial_::enableInterrupt()
 .text.startup._GLOBAL__sub_I__ZN7Serial_12getInterfaceEPh
                0x0000000000006540       0x14 /private/var/folders/cs/8k4rd8wn11g9t0b617_34rdr0000gp/T/arduino/sketches/5DB0113F3FEAA46ED9EF506358AC432D/../../cores/arduino_samd_mkrwan1310_69f8762d4f40de9fbf6a58e02a638f5b/core.a(CDC.cpp.o)
 .text._ZN26DoubleBufferedEPOutHandlerD2Ev
                0x0000000000006554        0x2 /private/var/folders/cs/8k4rd8wn11g9t0b617_34rdr0000gp/T/arduino/sketches/5DB0113F3FEAA46ED9EF506358AC432D/../../cores/arduino_samd_mkrwan1310_69f8762d4f40de9fbf6a58e02a638f5b/core.a(USBCore.cpp.o)
                0x0000000000006554                DoubleBufferedEPOutHandler::~DoubleBufferedEPOutHandler()
                0x0000000000006554                DoubleBufferedEPOutHandler::~DoubleBufferedEPOutHandler()
 .text._ZN26DoubleBufferedEPOutHandlerD0Ev
                0x0000000000006556        0xc /private/var/folders/cs/8k4rd8wn11g9t0b617_34rdr0000gp/T/arduino/sketches/5DB0113F3FEAA46ED9EF506358AC432D/../../cores/arduino_samd_mkrwan1310_69f8762d4f40de9fbf6a58e02a638f5b/core.a(USBCore.cpp.o)
                0x0000000000006556                DoubleBufferedEPOutHandler::~DoubleBufferedEPOutHandler()
 *fill*         0x0000000000006562        0x2 
 .text._ZN14USBDeviceClass6initEPEmm.part.7
                0x0000000000006564       0xc4 /private/var/folders/cs/8k4rd8wn11g9t0b617_34rdr0000gp/T/arduino/sketches/5DB0113F3FEAA46ED9EF506358AC432D/../../cores/arduino_samd_mkrwan1310_69f8762d4f40de9fbf6a58e02a638f5b/core.a(USBCore.cpp.o)
 .text._ZN7__GuardC2Ev
                0x0000000000006628        0xe /private/var/folders/cs/8k4rd8wn11g9t0b617_34rdr0000gp/T/arduino/sketches/5DB0113F3FEAA46ED9EF506358AC432D/../../cores/arduino_samd_mkrwan1310_69f8762d4f40de9fbf6a58e02a638f5b/core.a(USBCore.cpp.o)
                0x0000000000006628                __Guard::__Guard()
                0x0000000000006628                __Guard::__Guard()
 .text._ZN7__GuardD2Ev
                0x0000000000006636        0xe /private/var/folders/cs/8k4rd8wn11g9t0b617_34rdr0000gp/T/arduino/sketches/5DB0113F3FEAA46ED9EF506358AC432D/../../cores/arduino_samd_mkrwan1310_69f8762d4f40de9fbf6a58e02a638f5b/core.a(USBCore.cpp.o)
                0x0000000000006636                __Guard::~__Guard()
                0x0000000000006636                __Guard::~__Guard()
 .text._ZNK26DoubleBufferedEPOutHandler10_availableEv
                0x0000000000006644       0x70 /private/var/folders/cs/8k4rd8wn11g9t0b617_34rdr0000gp/T/arduino/sketches/5DB0113F3FEAA46ED9EF506358AC432D/../../cores/arduino_samd_mkrwan1310_69f8762d4f40de9fbf6a58e02a638f5b/core.a(USBCore.cpp.o)
                0x0000000000006644                DoubleBufferedEPOutHandler::_available() const
 .text._ZN26DoubleBufferedEPOutHandler7releaseEv
                0x00000000000066b4       0x38 /private/var/folders/cs/8k4rd8wn11g9t0b617_34rdr0000gp/T/arduino/sketches/5DB0113F3FEAA46ED9EF506358AC432D/../../cores/arduino_samd_mkrwan1310_69f8762d4f40de9fbf6a58e02a638f5b/core.a(USBCore.cpp.o)
                0x00000000000066b4                DoubleBufferedEPOutHandler::release()
 .text._ZN26DoubleBufferedEPOutHandler14handleEndpointEv
                0x00000000000066ec       0xe2 /private/var/folders/cs/8k4rd8wn11g9t0b617_34rdr0000gp/T/arduino/sketches/5DB0113F3FEAA46ED9EF506358AC432D/../../cores/arduino_samd_mkrwan1310_69f8762d4f40de9fbf6a58e02a638f5b/core.a(USBCore.cpp.o)
                0x00000000000066ec                DoubleBufferedEPOutHandler::handleEndpoint()
 .text._ZN14USBDeviceClass14SendInterfacesEPm
                0x00000000000067ce       0x20 /private/var/folders/cs/8k4rd8wn11g9t0b617_34rdr0000gp/T/arduino/sketches/5DB0113F3FEAA46ED9EF506358AC432D/../../cores/arduino_samd_mkrwan1310_69f8762d4f40de9fbf6a58e02a638f5b/core.a(USBCore.cpp.o)
                0x00000000000067ce                USBDeviceClass::SendInterfaces(unsigned long*)
 *fill*         0x00000000000067ee        0x2 
 .text._ZN14USBDeviceClass6attachEv
                0x00000000000067f0       0x34 /private/var/folders/cs/8k4rd8wn11g9t0b617_34rdr0000gp/T/arduino/sketches/5DB0113F3FEAA46ED9EF506358AC432D/../../cores/arduino_samd_mkrwan1310_69f8762d4f40de9fbf6a58e02a638f5b/core.a(USBCore.cpp.o)
                0x00000000000067f0                USBDeviceClass::attach()
 .text._ZN14USBDeviceClass10setAddressEm
                0x0000000000006824       0x48 /private/var/folders/cs/8k4rd8wn11g9t0b617_34rdr0000gp/T/arduino/sketches/5DB0113F3FEAA46ED9EF506358AC432D/../../cores/arduino_samd_mkrwan1310_69f8762d4f40de9fbf6a58e02a638f5b/core.a(USBCore.cpp.o)
                0x0000000000006824                USBDeviceClass::setAddress(unsigned long)
 .text._ZN14USBDeviceClass25handleClassInterfaceSetupERN7arduino8USBSetupE
                0x000000000000686c       0x24 /private/var/folders/cs/8k4rd8wn11g9t0b617_34rdr0000gp/T/arduino/sketches/5DB0113F3FEAA46ED9EF506358AC432D/../../cores/arduino_samd_mkrwan1310_69f8762d4f40de9fbf6a58e02a638f5b/core.a(USBCore.cpp.o)
                0x000000000000686c                USBDeviceClass::handleClassInterfaceSetup(arduino::USBSetup&)
 .text._ZN14USBDeviceClass6initEPEmm
                0x0000000000006890      0x10c /private/var/folders/cs/8k4rd8wn11g9t0b617_34rdr0000gp/T/arduino/sketches/5DB0113F3FEAA46ED9EF506358AC432D/../../cores/arduino_samd_mkrwan1310_69f8762d4f40de9fbf6a58e02a638f5b/core.a(USBCore.cpp.o)
                0x0000000000006890                USBDeviceClass::initEP(unsigned long, unsigned long)
 .text._ZN14USBDeviceClass13initEndpointsEv
                0x000000000000699c       0x24 /private/var/folders/cs/8k4rd8wn11g9t0b617_34rdr0000gp/T/arduino/sketches/5DB0113F3FEAA46ED9EF506358AC432D/../../cores/arduino_samd_mkrwan1310_69f8762d4f40de9fbf6a58e02a638f5b/core.a(USBCore.cpp.o)
                0x000000000000699c                USBDeviceClass::initEndpoints()
 .text._ZN14USBDeviceClass5clearEm
                0x00000000000069c0       0x38 /private/var/folders/cs/8k4rd8wn11g9t0b617_34rdr0000gp/T/arduino/sketches/5DB0113F3FEAA46ED9EF506358AC432D/../../cores/arduino_samd_mkrwan1310_69f8762d4f40de9fbf6a58e02a638f5b/core.a(USBCore.cpp.o)
                0x00000000000069c0                USBDeviceClass::clear(unsigned long)
 .text._ZN14USBDeviceClass9availableEm
                0x00000000000069f8       0x2c /private/var/folders/cs/8k4rd8wn11g9t0b617_34rdr0000gp/T/arduino/sketches/5DB0113F3FEAA46ED9EF506358AC432D/../../cores/arduino_samd_mkrwan1310_69f8762d4f40de9fbf6a58e02a638f5b/core.a(USBCore.cpp.o)
                0x00000000000069f8                USBDeviceClass::available(unsigned long)
 .text._ZN14USBDeviceClass5flushEm
                0x0000000000006a24       0x2c /private/var/folders/cs/8k4rd8wn11g9t0b617_34rdr0000gp/T/arduino/sketches/5DB0113F3FEAA46ED9EF506358AC432D/../../cores/arduino_samd_mkrwan1310_69f8762d4f40de9fbf6a58e02a638f5b/core.a(USBCore.cpp.o)
                0x0000000000006a24                USBDeviceClass::flush(unsigned long)
 .text._ZN14USBDeviceClass4recvEmPvm
                0x0000000000006a50       0xc0 /private/var/folders/cs/8k4rd8wn11g9t0b617_34rdr0000gp/T/arduino/sketches/5DB0113F3FEAA46ED9EF506358AC432D/../../cores/arduino_samd_mkrwan1310_69f8762d4f40de9fbf6a58e02a638f5b/core.a(USBCore.cpp.o)
                0x0000000000006a50                USBDeviceClass::recv(unsigned long, void*, unsigned long)
 .text._ZN14USBDeviceClass4recvEm
                0x0000000000006b10       0x1c /private/var/folders/cs/8k4rd8wn11g9t0b617_34rdr0000gp/T/arduino/sketches/5DB0113F3FEAA46ED9EF506358AC432D/../../cores/arduino_samd_mkrwan1310_69f8762d4f40de9fbf6a58e02a638f5b/core.a(USBCore.cpp.o)
                0x0000000000006b10                USBDeviceClass::recv(unsigned long)
 .text._ZN14USBDeviceClass14armRecvCtrlOUTEm
                0x0000000000006b2c       0x5c /private/var/folders/cs/8k4rd8wn11g9t0b617_34rdr0000gp/T/arduino/sketches/5DB0113F3FEAA46ED9EF506358AC432D/../../cores/arduino_samd_mkrwan1310_69f8762d4f40de9fbf6a58e02a638f5b/core.a(USBCore.cpp.o)
                0x0000000000006b2c                USBDeviceClass::armRecvCtrlOUT(unsigned long)
 .text._ZN14USBDeviceClass11recvControlEPvm
                0x0000000000006b88       0x28 /private/var/folders/cs/8k4rd8wn11g9t0b617_34rdr0000gp/T/arduino/sketches/5DB0113F3FEAA46ED9EF506358AC432D/../../cores/arduino_samd_mkrwan1310_69f8762d4f40de9fbf6a58e02a638f5b/core.a(USBCore.cpp.o)
                0x0000000000006b88                USBDeviceClass::recvControl(void*, unsigned long)
 .text._ZN14USBDeviceClass4sendEmPKvm
                0x0000000000006bb0      0x10c /private/var/folders/cs/8k4rd8wn11g9t0b617_34rdr0000gp/T/arduino/sketches/5DB0113F3FEAA46ED9EF506358AC432D/../../cores/arduino_samd_mkrwan1310_69f8762d4f40de9fbf6a58e02a638f5b/core.a(USBCore.cpp.o)
                0x0000000000006bb0                USBDeviceClass::send(unsigned long, void const*, unsigned long)
 .text._ZN14USBDeviceClass7armSendEmPKvm
                0x0000000000006cbc       0x48 /private/var/folders/cs/8k4rd8wn11g9t0b617_34rdr0000gp/T/arduino/sketches/5DB0113F3FEAA46ED9EF506358AC432D/../../cores/arduino_samd_mkrwan1310_69f8762d4f40de9fbf6a58e02a638f5b/core.a(USBCore.cpp.o)
                0x0000000000006cbc                USBDeviceClass::armSend(unsigned long, void const*, unsigned long)
 .text._ZN14USBDeviceClass11sendControlEPKvm
                0x0000000000006d04       0x54 /private/var/folders/cs/8k4rd8wn11g9t0b617_34rdr0000gp/T/arduino/sketches/5DB0113F3FEAA46ED9EF506358AC432D/../../cores/arduino_samd_mkrwan1310_69f8762d4f40de9fbf6a58e02a638f5b/core.a(USBCore.cpp.o)
                0x0000000000006d04                USBDeviceClass::sendControl(void const*, unsigned long)
 .text._ZN14USBDeviceClass20sendStringDescriptorEPKhm
                0x0000000000006d58       0x64 /private/var/folders/cs/8k4rd8wn11g9t0b617_34rdr0000gp/T/arduino/sketches/5DB0113F3FEAA46ED9EF506358AC432D/../../cores/arduino_samd_mkrwan1310_69f8762d4f40de9fbf6a58e02a638f5b/core.a(USBCore.cpp.o)
                0x0000000000006d58                USBDeviceClass::sendStringDescriptor(unsigned char const*, unsigned long)
 .text._ZN14USBDeviceClass17sendConfigurationEm
                0x0000000000006dbc       0x80 /private/var/folders/cs/8k4rd8wn11g9t0b617_34rdr0000gp/T/arduino/sketches/5DB0113F3FEAA46ED9EF506358AC432D/../../cores/arduino_samd_mkrwan1310_69f8762d4f40de9fbf6a58e02a638f5b/core.a(USBCore.cpp.o)
                0x0000000000006dbc                USBDeviceClass::sendConfiguration(unsigned long)
 .text._ZN14USBDeviceClass14sendDescriptorERN7arduino8USBSetupE
                0x0000000000006e3c       0xd8 /private/var/folders/cs/8k4rd8wn11g9t0b617_34rdr0000gp/T/arduino/sketches/5DB0113F3FEAA46ED9EF506358AC432D/../../cores/arduino_samd_mkrwan1310_69f8762d4f40de9fbf6a58e02a638f5b/core.a(USBCore.cpp.o)
                0x0000000000006e3c                USBDeviceClass::sendDescriptor(arduino::USBSetup&)
 .text._ZN14USBDeviceClass7sendZlpEm
                0x0000000000006f14       0x18 /private/var/folders/cs/8k4rd8wn11g9t0b617_34rdr0000gp/T/arduino/sketches/5DB0113F3FEAA46ED9EF506358AC432D/../../cores/arduino_samd_mkrwan1310_69f8762d4f40de9fbf6a58e02a638f5b/core.a(USBCore.cpp.o)
                0x0000000000006f14                USBDeviceClass::sendZlp(unsigned long)
 .text._ZN14USBDeviceClass19handleStandardSetupERN7arduino8USBSetupE
                0x0000000000006f2c       0xf0 /private/var/folders/cs/8k4rd8wn11g9t0b617_34rdr0000gp/T/arduino/sketches/5DB0113F3FEAA46ED9EF506358AC432D/../../cores/arduino_samd_mkrwan1310_69f8762d4f40de9fbf6a58e02a638f5b/core.a(USBCore.cpp.o)
                0x0000000000006f2c                USBDeviceClass::handleStandardSetup(arduino::USBSetup&)
 .text._ZN14USBDeviceClass10ISRHandlerEv
                0x000000000000701c      0x108 /private/var/folders/cs/8k4rd8wn11g9t0b617_34rdr0000gp/T/arduino/sketches/5DB0113F3FEAA46ED9EF506358AC432D/../../cores/arduino_samd_mkrwan1310_69f8762d4f40de9fbf6a58e02a638f5b/core.a(USBCore.cpp.o)
                0x000000000000701c                USBDeviceClass::ISRHandler()
 .text.UDD_Handler
                0x0000000000007124       0x10 /private/var/folders/cs/8k4rd8wn11g9t0b617_34rdr0000gp/T/arduino/sketches/5DB0113F3FEAA46ED9EF506358AC432D/../../cores/arduino_samd_mkrwan1310_69f8762d4f40de9fbf6a58e02a638f5b/core.a(USBCore.cpp.o)
                0x0000000000007124                UDD_Handler
 .text._ZN7arduino13PluggableUSB_C2Ev
                0x0000000000007134       0x10 /private/var/folders/cs/8k4rd8wn11g9t0b617_34rdr0000gp/T/arduino/sketches/5DB0113F3FEAA46ED9EF506358AC432D/../../cores/arduino_samd_mkrwan1310_69f8762d4f40de9fbf6a58e02a638f5b/core.a(USBCore.cpp.o)
                0x0000000000007134                arduino::PluggableUSB_::PluggableUSB_()
                0x0000000000007134                arduino::PluggableUSB_::PluggableUSB_()
 .text._Z8epBufferj
                0x0000000000007144        0xc /private/var/folders/cs/8k4rd8wn11g9t0b617_34rdr0000gp/T/arduino/sketches/5DB0113F3FEAA46ED9EF506358AC432D/../../cores/arduino_samd_mkrwan1310_69f8762d4f40de9fbf6a58e02a638f5b/core.a(USBCore.cpp.o)
                0x0000000000007144                epBuffer(unsigned int)
 .text._ZN7arduino11RingBufferNILi64EE10store_charEh
                0x0000000000007150       0x1c /private/var/folders/cs/8k4rd8wn11g9t0b617_34rdr0000gp/T/arduino/sketches/5DB0113F3FEAA46ED9EF506358AC432D/../../cores/arduino_samd_mkrwan1310_69f8762d4f40de9fbf6a58e02a638f5b/core.a(USBCore.cpp.o)
                0x0000000000007150                arduino::RingBufferN<64>::store_char(unsigned char)
 .text._ZN26DoubleBufferedEPOutHandler5_recvEv
                0x000000000000716c      0x15e /private/var/folders/cs/8k4rd8wn11g9t0b617_34rdr0000gp/T/arduino/sketches/5DB0113F3FEAA46ED9EF506358AC432D/../../cores/arduino_samd_mkrwan1310_69f8762d4f40de9fbf6a58e02a638f5b/core.a(USBCore.cpp.o)
                0x000000000000716c                DoubleBufferedEPOutHandler::_recv()
 .text._ZN26DoubleBufferedEPOutHandler9availableEv
                0x00000000000072ca        0xc /private/var/folders/cs/8k4rd8wn11g9t0b617_34rdr0000gp/T/arduino/sketches/5DB0113F3FEAA46ED9EF506358AC432D/../../cores/arduino_samd_mkrwan1310_69f8762d4f40de9fbf6a58e02a638f5b/core.a(USBCore.cpp.o)
                0x00000000000072ca                DoubleBufferedEPOutHandler::available()
 .text._ZN26DoubleBufferedEPOutHandler4peekEv
                0x00000000000072d6       0x1c /private/var/folders/cs/8k4rd8wn11g9t0b617_34rdr0000gp/T/arduino/sketches/5DB0113F3FEAA46ED9EF506358AC432D/../../cores/arduino_samd_mkrwan1310_69f8762d4f40de9fbf6a58e02a638f5b/core.a(USBCore.cpp.o)
                0x00000000000072d6                DoubleBufferedEPOutHandler::peek()
 .text._ZN26DoubleBufferedEPOutHandler4recvEPvm
                0x00000000000072f2       0x60 /private/var/folders/cs/8k4rd8wn11g9t0b617_34rdr0000gp/T/arduino/sketches/5DB0113F3FEAA46ED9EF506358AC432D/../../cores/arduino_samd_mkrwan1310_69f8762d4f40de9fbf6a58e02a638f5b/core.a(USBCore.cpp.o)
                0x00000000000072f2                DoubleBufferedEPOutHandler::recv(void*, unsigned long)
 *fill*         0x0000000000007352        0x2 
 .text.startup._GLOBAL__sub_I_usbd
                0x0000000000007354       0x10 /private/var/folders/cs/8k4rd8wn11g9t0b617_34rdr0000gp/T/arduino/sketches/5DB0113F3FEAA46ED9EF506358AC432D/../../cores/arduino_samd_mkrwan1310_69f8762d4f40de9fbf6a58e02a638f5b/core.a(USBCore.cpp.o)
 .text._ZN14USBDeviceClass4initEv
                0x0000000000007364      0x15c /private/var/folders/cs/8k4rd8wn11g9t0b617_34rdr0000gp/T/arduino/sketches/5DB0113F3FEAA46ED9EF506358AC432D/../../cores/arduino_samd_mkrwan1310_69f8762d4f40de9fbf6a58e02a638f5b/core.a(USBCore.cpp.o)
                0x0000000000007364                USBDeviceClass::init()
 .text._ZN4UartcvbEv
                0x00000000000074c0        0x4 /private/var/folders/cs/8k4rd8wn11g9t0b617_34rdr0000gp/T/arduino/sketches/5DB0113F3FEAA46ED9EF506358AC432D/../../cores/arduino_samd_mkrwan1310_69f8762d4f40de9fbf6a58e02a638f5b/core.a(Uart.cpp.o)
                0x00000000000074c0                Uart::operator bool()
 .text._ZN4Uart5beginEm
                0x00000000000074c4       0x10 /private/var/folders/cs/8k4rd8wn11g9t0b617_34rdr0000gp/T/arduino/sketches/5DB0113F3FEAA46ED9EF506358AC432D/../../cores/arduino_samd_mkrwan1310_69f8762d4f40de9fbf6a58e02a638f5b/core.a(Uart.cpp.o)
                0x00000000000074c4                Uart::begin(unsigned long)
 .text._ZN4Uart9availableEv
                0x00000000000074d4        0x6 /private/var/folders/cs/8k4rd8wn11g9t0b617_34rdr0000gp/T/arduino/sketches/5DB0113F3FEAA46ED9EF506358AC432D/../../cores/arduino_samd_mkrwan1310_69f8762d4f40de9fbf6a58e02a638f5b/core.a(Uart.cpp.o)
                0x00000000000074d4                Uart::available()
 .text._ZN4Uart17availableForWriteEv
                0x00000000000074da       0x10 /private/var/folders/cs/8k4rd8wn11g9t0b617_34rdr0000gp/T/arduino/sketches/5DB0113F3FEAA46ED9EF506358AC432D/../../cores/arduino_samd_mkrwan1310_69f8762d4f40de9fbf6a58e02a638f5b/core.a(Uart.cpp.o)
                0x00000000000074da                Uart::availableForWrite()
 .text._ZN4Uart4peekEv
                0x00000000000074ea       0x18 /private/var/folders/cs/8k4rd8wn11g9t0b617_34rdr0000gp/T/arduino/sketches/5DB0113F3FEAA46ED9EF506358AC432D/../../cores/arduino_samd_mkrwan1310_69f8762d4f40de9fbf6a58e02a638f5b/core.a(Uart.cpp.o)
                0x00000000000074ea                Uart::peek()
 .text._ZN4Uart3endEv
                0x0000000000007502       0x24 /private/var/folders/cs/8k4rd8wn11g9t0b617_34rdr0000gp/T/arduino/sketches/5DB0113F3FEAA46ED9EF506358AC432D/../../cores/arduino_samd_mkrwan1310_69f8762d4f40de9fbf6a58e02a638f5b/core.a(Uart.cpp.o)
                0x0000000000007502                Uart::end()
 .text._ZN4Uart5flushEv
                0x0000000000007526       0x16 /private/var/folders/cs/8k4rd8wn11g9t0b617_34rdr0000gp/T/arduino/sketches/5DB0113F3FEAA46ED9EF506358AC432D/../../cores/arduino_samd_mkrwan1310_69f8762d4f40de9fbf6a58e02a638f5b/core.a(Uart.cpp.o)
                0x0000000000007526                Uart::flush()
 .text._ZN4Uart16extractNbStopBitEt
                0x000000000000753c        0xc /private/var/folders/cs/8k4rd8wn11g9t0b617_34rdr0000gp/T/arduino/sketches/5DB0113F3FEAA46ED9EF506358AC432D/../../cores/arduino_samd_mkrwan1310_69f8762d4f40de9fbf6a58e02a638f5b/core.a(Uart.cpp.o)
                0x000000000000753c                Uart::extractNbStopBit(unsigned short)
 .text._ZN4Uart15extractCharSizeEt
                0x0000000000007548       0x28 /private/var/folders/cs/8k4rd8wn11g9t0b617_34rdr0000gp/T/arduino/sketches/5DB0113F3FEAA46ED9EF506358AC432D/../../cores/arduino_samd_mkrwan1310_69f8762d4f40de9fbf6a58e02a638f5b/core.a(Uart.cpp.o)
                0x0000000000007548                Uart::extractCharSize(unsigned short)
 .text._ZN4Uart13extractParityEt
                0x0000000000007570       0x14 /private/var/folders/cs/8k4rd8wn11g9t0b617_34rdr0000gp/T/arduino/sketches/5DB0113F3FEAA46ED9EF506358AC432D/../../cores/arduino_samd_mkrwan1310_69f8762d4f40de9fbf6a58e02a638f5b/core.a(Uart.cpp.o)
                0x0000000000007570                Uart::extractParity(unsigned short)
 .text._ZN4Uart5beginEmt
                0x0000000000007584       0xf8 /private/var/folders/cs/8k4rd8wn11g9t0b617_34rdr0000gp/T/arduino/sketches/5DB0113F3FEAA46ED9EF506358AC432D/../../cores/arduino_samd_mkrwan1310_69f8762d4f40de9fbf6a58e02a638f5b/core.a(Uart.cpp.o)
                0x0000000000007584                Uart::begin(unsigned long, unsigned short)
 .text._ZN7arduino11RingBufferNILi256EEC2Ev
                0x000000000000767c       0x1e /private/var/folders/cs/8k4rd8wn11g9t0b617_34rdr0000gp/T/arduino/sketches/5DB0113F3FEAA46ED9EF506358AC432D/../../cores/arduino_samd_mkrwan1310_69f8762d4f40de9fbf6a58e02a638f5b/core.a(Uart.cpp.o)
                0x000000000000767c                arduino::RingBufferN<256>::RingBufferN()
                0x000000000000767c                arduino::RingBufferN<256>::RingBufferN()
 *fill*         0x000000000000769a        0x2 
 .text._ZN4UartC2EP6SERCOMhh11SercomRXPad15SercomUartTXPad
                0x000000000000769c       0x74 /private/var/folders/cs/8k4rd8wn11g9t0b617_34rdr0000gp/T/arduino/sketches/5DB0113F3FEAA46ED9EF506358AC432D/../../cores/arduino_samd_mkrwan1310_69f8762d4f40de9fbf6a58e02a638f5b/core.a(Uart.cpp.o)
                0x000000000000769c                Uart::Uart(SERCOM*, unsigned char, unsigned char, SercomRXPad, SercomUartTXPad)
                0x000000000000769c                Uart::Uart(SERCOM*, unsigned char, unsigned char, SercomRXPad, SercomUartTXPad)
 .text._ZN7arduino15SafeRingBufferNILi256EE10store_charEh
                0x0000000000007710       0x4a /private/var/folders/cs/8k4rd8wn11g9t0b617_34rdr0000gp/T/arduino/sketches/5DB0113F3FEAA46ED9EF506358AC432D/../../cores/arduino_samd_mkrwan1310_69f8762d4f40de9fbf6a58e02a638f5b/core.a(Uart.cpp.o)
                0x0000000000007710                arduino::SafeRingBufferN<256>::store_char(unsigned char)
 .text._ZN7arduino15SafeRingBufferNILi256EE9read_charEv
                0x000000000000775a       0x50 /private/var/folders/cs/8k4rd8wn11g9t0b617_34rdr0000gp/T/arduino/sketches/5DB0113F3FEAA46ED9EF506358AC432D/../../cores/arduino_samd_mkrwan1310_69f8762d4f40de9fbf6a58e02a638f5b/core.a(Uart.cpp.o)
                0x000000000000775a                arduino::SafeRingBufferN<256>::read_char()
 .text._ZN4Uart10IrqHandlerEv
                0x00000000000077aa       0xa4 /private/var/folders/cs/8k4rd8wn11g9t0b617_34rdr0000gp/T/arduino/sketches/5DB0113F3FEAA46ED9EF506358AC432D/../../cores/arduino_samd_mkrwan1310_69f8762d4f40de9fbf6a58e02a638f5b/core.a(Uart.cpp.o)
                0x00000000000077aa                Uart::IrqHandler()
 *fill*         0x000000000000784e        0x2 
 .text._ZN4Uart5writeEh
                0x0000000000007850       0x9c /private/var/folders/cs/8k4rd8wn11g9t0b617_34rdr0000gp/T/arduino/sketches/5DB0113F3FEAA46ED9EF506358AC432D/../../cores/arduino_samd_mkrwan1310_69f8762d4f40de9fbf6a58e02a638f5b/core.a(Uart.cpp.o)
                0x0000000000007850                Uart::write(unsigned char)
 .text._ZN4Uart4readEv
                0x00000000000078ec       0x34 /private/var/folders/cs/8k4rd8wn11g9t0b617_34rdr0000gp/T/arduino/sketches/5DB0113F3FEAA46ED9EF506358AC432D/../../cores/arduino_samd_mkrwan1310_69f8762d4f40de9fbf6a58e02a638f5b/core.a(Uart.cpp.o)
                0x00000000000078ec                Uart::read()
 .text._ZN7arduino13PluggableUSB_12getInterfaceEPh
                0x0000000000007920       0x28 /private/var/folders/cs/8k4rd8wn11g9t0b617_34rdr0000gp/T/arduino/sketches/5DB0113F3FEAA46ED9EF506358AC432D/../../cores/arduino_samd_mkrwan1310_69f8762d4f40de9fbf6a58e02a638f5b/core.a(PluggableUSB.cpp.o)
                0x0000000000007920                arduino::PluggableUSB_::getInterface(unsigned char*)
 .text._ZN7arduino13PluggableUSB_13getDescriptorERNS_8USBSetupE
                0x0000000000007948       0x20 /private/var/folders/cs/8k4rd8wn11g9t0b617_34rdr0000gp/T/arduino/sketches/5DB0113F3FEAA46ED9EF506358AC432D/../../cores/arduino_samd_mkrwan1310_69f8762d4f40de9fbf6a58e02a638f5b/core.a(PluggableUSB.cpp.o)
                0x0000000000007948                arduino::PluggableUSB_::getDescriptor(arduino::USBSetup&)
 .text._ZN7arduino13PluggableUSB_12getShortNameEPc
                0x0000000000007968       0x1e /private/var/folders/cs/8k4rd8wn11g9t0b617_34rdr0000gp/T/arduino/sketches/5DB0113F3FEAA46ED9EF506358AC432D/../../cores/arduino_samd_mkrwan1310_69f8762d4f40de9fbf6a58e02a638f5b/core.a(PluggableUSB.cpp.o)
                0x0000000000007968                arduino::PluggableUSB_::getShortName(char*)
 .text._ZN7arduino13PluggableUSB_5setupERNS_8USBSetupE
                0x0000000000007986       0x20 /private/var/folders/cs/8k4rd8wn11g9t0b617_34rdr0000gp/T/arduino/sketches/5DB0113F3FEAA46ED9EF506358AC432D/../../cores/arduino_samd_mkrwan1310_69f8762d4f40de9fbf6a58e02a638f5b/core.a(PluggableUSB.cpp.o)
                0x0000000000007986                arduino::PluggableUSB_::setup(arduino::USBSetup&)
 .text._ZN7arduino13PluggableUSB_4plugEPNS_18PluggableUSBModuleE
                0x00000000000079a6       0x5c /private/var/folders/cs/8k4rd8wn11g9t0b617_34rdr0000gp/T/arduino/sketches/5DB0113F3FEAA46ED9EF506358AC432D/../../cores/arduino_samd_mkrwan1310_69f8762d4f40de9fbf6a58e02a638f5b/core.a(PluggableUSB.cpp.o)
                0x00000000000079a6                arduino::PluggableUSB_::plug(arduino::PluggableUSBModule*)
 *fill*         0x0000000000007a02        0x2 
 .text._Z12PluggableUSBv
                0x0000000000007a04       0x24 /private/var/folders/cs/8k4rd8wn11g9t0b617_34rdr0000gp/T/arduino/sketches/5DB0113F3FEAA46ED9EF506358AC432D/../../cores/arduino_samd_mkrwan1310_69f8762d4f40de9fbf6a58e02a638f5b/core.a(PluggableUSB.cpp.o)
                0x0000000000007a04                PluggableUSB()
 .text._ZN7arduino5Print5writeEPKhj
                0x0000000000007a28       0x28 /private/var/folders/cs/8k4rd8wn11g9t0b617_34rdr0000gp/T/arduino/sketches/5DB0113F3FEAA46ED9EF506358AC432D/../../cores/arduino_samd_mkrwan1310_69f8762d4f40de9fbf6a58e02a638f5b/core.a(Print.cpp.o)
                0x0000000000007a28                arduino::Print::write(unsigned char const*, unsigned int)
 .text._ZN7arduino5Print5writeEPKc.part.2
                0x0000000000007a50       0x1a /private/var/folders/cs/8k4rd8wn11g9t0b617_34rdr0000gp/T/arduino/sketches/5DB0113F3FEAA46ED9EF506358AC432D/../../cores/arduino_samd_mkrwan1310_69f8762d4f40de9fbf6a58e02a638f5b/core.a(Print.cpp.o)
 .text._ZN7arduino5Print5writeEPKc
                0x0000000000007a6a       0x10 /private/var/folders/cs/8k4rd8wn11g9t0b617_34rdr0000gp/T/arduino/sketches/5DB0113F3FEAA46ED9EF506358AC432D/../../cores/arduino_samd_mkrwan1310_69f8762d4f40de9fbf6a58e02a638f5b/core.a(Print.cpp.o)
                0x0000000000007a6a                arduino::Print::write(char const*)
 .text._ZN7arduino5Print5printEPKc
                0x0000000000007a7a        0x8 /private/var/folders/cs/8k4rd8wn11g9t0b617_34rdr0000gp/T/arduino/sketches/5DB0113F3FEAA46ED9EF506358AC432D/../../cores/arduino_samd_mkrwan1310_69f8762d4f40de9fbf6a58e02a638f5b/core.a(Print.cpp.o)
                0x0000000000007a7a                arduino::Print::print(char const*)
 .text._ZN7arduino5Print5printEc
                0x0000000000007a82        0xa /private/var/folders/cs/8k4rd8wn11g9t0b617_34rdr0000gp/T/arduino/sketches/5DB0113F3FEAA46ED9EF506358AC432D/../../cores/arduino_samd_mkrwan1310_69f8762d4f40de9fbf6a58e02a638f5b/core.a(Print.cpp.o)
                0x0000000000007a82                arduino::Print::print(char)
 .text._ZN7arduino5Print7printlnEv
                0x0000000000007a8c       0x10 /private/var/folders/cs/8k4rd8wn11g9t0b617_34rdr0000gp/T/arduino/sketches/5DB0113F3FEAA46ED9EF506358AC432D/../../cores/arduino_samd_mkrwan1310_69f8762d4f40de9fbf6a58e02a638f5b/core.a(Print.cpp.o)
                0x0000000000007a8c                arduino::Print::println()
 .text._ZN7arduino5Print7printlnEPKc
                0x0000000000007a9c       0x14 /private/var/folders/cs/8k4rd8wn11g9t0b617_34rdr0000gp/T/arduino/sketches/5DB0113F3FEAA46ED9EF506358AC432D/../../cores/arduino_samd_mkrwan1310_69f8762d4f40de9fbf6a58e02a638f5b/core.a(Print.cpp.o)
                0x0000000000007a9c                arduino::Print::println(char const*)
 .text._ZN7arduino5Print11printNumberEmh
                0x0000000000007ab0       0x48 /private/var/folders/cs/8k4rd8wn11g9t0b617_34rdr0000gp/T/arduino/sketches/5DB0113F3FEAA46ED9EF506358AC432D/../../cores/arduino_samd_mkrwan1310_69f8762d4f40de9fbf6a58e02a638f5b/core.a(Print.cpp.o)
                0x0000000000007ab0                arduino::Print::printNumber(unsigned long, unsigned char)
 .text._ZN7arduino5Print5printEli
                0x0000000000007af8       0x3e /private/var/folders/cs/8k4rd8wn11g9t0b617_34rdr0000gp/T/arduino/sketches/5DB0113F3FEAA46ED9EF506358AC432D/../../cores/arduino_samd_mkrwan1310_69f8762d4f40de9fbf6a58e02a638f5b/core.a(Print.cpp.o)
                0x0000000000007af8                arduino::Print::print(long, int)
 .text._ZN7arduino5Print7printlnEii
                0x0000000000007b36       0x14 /private/var/folders/cs/8k4rd8wn11g9t0b617_34rdr0000gp/T/arduino/sketches/5DB0113F3FEAA46ED9EF506358AC432D/../../cores/arduino_samd_mkrwan1310_69f8762d4f40de9fbf6a58e02a638f5b/core.a(Print.cpp.o)
                0x0000000000007b36                arduino::Print::println(int, int)
 .text.Dummy_Handler
                0x0000000000007b4a        0x2 /private/var/folders/cs/8k4rd8wn11g9t0b617_34rdr0000gp/T/arduino/sketches/5DB0113F3FEAA46ED9EF506358AC432D/../../cores/arduino_samd_mkrwan1310_69f8762d4f40de9fbf6a58e02a638f5b/core.a(cortex_handlers.c.o)
                0x0000000000007b4a                SYSCTRL_Handler
                0x0000000000007b4a                HardFault_Handler
                0x0000000000007b4a                AC_Handler
                0x0000000000007b4a                PendSV_Handler
                0x0000000000007b4a                NMI_Handler
                0x0000000000007b4a                TC7_Handler
                0x0000000000007b4a                SERCOM1_Handler
                0x0000000000007b4a                ADC_Handler
                0x0000000000007b4a                TCC1_Handler
                0x0000000000007b4a                SERCOM2_Handler
                0x0000000000007b4a                TCC0_Handler
                0x0000000000007b4a                RTC_Handler
                0x0000000000007b4a                EIC_Handler
                0x0000000000007b4a                TC6_Handler
                0x0000000000007b4a                WDT_Handler
                0x0000000000007b4a                TC4_Handler
                0x0000000000007b4a                TC3_Handler
                0x0000000000007b4a                Dummy_Handler
                0x0000000000007b4a                PM_Handler
                0x0000000000007b4a                SVC_Handler
                0x0000000000007b4a                TCC2_Handler
                0x0000000000007b4a                EVSYS_Handler
                0x0000000000007b4a                SERCOM3_Handler
                0x0000000000007b4a                I2S_Handler
                0x0000000000007b4a                NVMCTRL_Handler
                0x0000000000007b4a                SERCOM0_Handler
                0x0000000000007b4a                DAC_Handler
                0x0000000000007b4a                PTC_Handler
                0x0000000000007b4a                DMAC_Handler
 .text.USB_Handler
                0x0000000000007b4c       0x14 /private/var/folders/cs/8k4rd8wn11g9t0b617_34rdr0000gp/T/arduino/sketches/5DB0113F3FEAA46ED9EF506358AC432D/../../cores/arduino_samd_mkrwan1310_69f8762d4f40de9fbf6a58e02a638f5b/core.a(cortex_handlers.c.o)
                0x0000000000007b4c                USB_Handler
 .text.Reset_Handler
                0x0000000000007b60       0x54 /private/var/folders/cs/8k4rd8wn11g9t0b617_34rdr0000gp/T/arduino/sketches/5DB0113F3FEAA46ED9EF506358AC432D/../../cores/arduino_samd_mkrwan1310_69f8762d4f40de9fbf6a58e02a638f5b/core.a(cortex_handlers.c.o)
                0x0000000000007b60                Reset_Handler
 .text.SysTick_Handler
                0x0000000000007bb4       0x10 /private/var/folders/cs/8k4rd8wn11g9t0b617_34rdr0000gp/T/arduino/sketches/5DB0113F3FEAA46ED9EF506358AC432D/../../cores/arduino_samd_mkrwan1310_69f8762d4f40de9fbf6a58e02a638f5b/core.a(cortex_handlers.c.o)
                0x0000000000007bb4                SysTick_Handler
 .text.USB_SetHandler
                0x0000000000007bc4        0xc /private/var/folders/cs/8k4rd8wn11g9t0b617_34rdr0000gp/T/arduino/sketches/5DB0113F3FEAA46ED9EF506358AC432D/../../cores/arduino_samd_mkrwan1310_69f8762d4f40de9fbf6a58e02a638f5b/core.a(cortex_handlers.c.o)
                0x0000000000007bc4                USB_SetHandler
 .text.millis   0x0000000000007bd0        0xc /private/var/folders/cs/8k4rd8wn11g9t0b617_34rdr0000gp/T/arduino/sketches/5DB0113F3FEAA46ED9EF506358AC432D/../../cores/arduino_samd_mkrwan1310_69f8762d4f40de9fbf6a58e02a638f5b/core.a(delay.c.o)
                0x0000000000007bd0                millis
 .text.micros   0x0000000000007bdc       0x60 /private/var/folders/cs/8k4rd8wn11g9t0b617_34rdr0000gp/T/arduino/sketches/5DB0113F3FEAA46ED9EF506358AC432D/../../cores/arduino_samd_mkrwan1310_69f8762d4f40de9fbf6a58e02a638f5b/core.a(delay.c.o)
                0x0000000000007bdc                micros
 .text.delay    0x0000000000007c3c       0x30 /private/var/folders/cs/8k4rd8wn11g9t0b617_34rdr0000gp/T/arduino/sketches/5DB0113F3FEAA46ED9EF506358AC432D/../../cores/arduino_samd_mkrwan1310_69f8762d4f40de9fbf6a58e02a638f5b/core.a(delay.c.o)
                0x0000000000007c3c                delay
 .text.SysTick_DefaultHandler
                0x0000000000007c6c       0x14 /private/var/folders/cs/8k4rd8wn11g9t0b617_34rdr0000gp/T/arduino/sketches/5DB0113F3FEAA46ED9EF506358AC432D/../../cores/arduino_samd_mkrwan1310_69f8762d4f40de9fbf6a58e02a638f5b/core.a(delay.c.o)
                0x0000000000007c6c                SysTick_DefaultHandler
 .text.delayMicroseconds
                0x0000000000007c80       0x16 /private/var/folders/cs/8k4rd8wn11g9t0b617_34rdr0000gp/T/arduino/sketches/5DB0113F3FEAA46ED9EF506358AC432D/../../cores/arduino_samd_mkrwan1310_69f8762d4f40de9fbf6a58e02a638f5b/core.a(delay.c.o)
                0x0000000000007c80                delayMicroseconds
 .text.__empty  0x0000000000007c96        0x2 /private/var/folders/cs/8k4rd8wn11g9t0b617_34rdr0000gp/T/arduino/sketches/5DB0113F3FEAA46ED9EF506358AC432D/../../cores/arduino_samd_mkrwan1310_69f8762d4f40de9fbf6a58e02a638f5b/core.a(hooks.c.o)
                0x0000000000007c96                yield
 .text.__false  0x0000000000007c98        0x4 /private/var/folders/cs/8k4rd8wn11g9t0b617_34rdr0000gp/T/arduino/sketches/5DB0113F3FEAA46ED9EF506358AC432D/../../cores/arduino_samd_mkrwan1310_69f8762d4f40de9fbf6a58e02a638f5b/core.a(hooks.c.o)
                0x0000000000007c98                sysTickHook
 .text.startup.main
                0x0000000000007c9c       0x40 /private/var/folders/cs/8k4rd8wn11g9t0b617_34rdr0000gp/T/arduino/sketches/5DB0113F3FEAA46ED9EF506358AC432D/../../cores/arduino_samd_mkrwan1310_69f8762d4f40de9fbf6a58e02a638f5b/core.a(main.cpp.o)
                0x0000000000007c9c                main
 .text._Znwj    0x0000000000007cdc        0x8 /private/var/folders/cs/8k4rd8wn11g9t0b617_34rdr0000gp/T/arduino/sketches/5DB0113F3FEAA46ED9EF506358AC432D/../../cores/arduino_samd_mkrwan1310_69f8762d4f40de9fbf6a58e02a638f5b/core.a(new.cpp.o)
                0x0000000000007cdc                operator new(unsigned int)
 .text._ZdlPv   0x0000000000007ce4        0x8 /private/var/folders/cs/8k4rd8wn11g9t0b617_34rdr0000gp/T/arduino/sketches/5DB0113F3FEAA46ED9EF506358AC432D/../../cores/arduino_samd_mkrwan1310_69f8762d4f40de9fbf6a58e02a638f5b/core.a(new.cpp.o)
                0x0000000000007ce4                operator delete(void*)
 .text.SystemInit
                0x0000000000007cec      0x160 /private/var/folders/cs/8k4rd8wn11g9t0b617_34rdr0000gp/T/arduino/sketches/5DB0113F3FEAA46ED9EF506358AC432D/../../cores/arduino_samd_mkrwan1310_69f8762d4f40de9fbf6a58e02a638f5b/core.a(startup.c.o)
                0x0000000000007cec                SystemInit
 .text.init     0x0000000000007e4c       0xe0 /private/var/folders/cs/8k4rd8wn11g9t0b617_34rdr0000gp/T/arduino/sketches/5DB0113F3FEAA46ED9EF506358AC432D/../../cores/arduino_samd_mkrwan1310_69f8762d4f40de9fbf6a58e02a638f5b/core.a(wiring.c.o)
                0x0000000000007e4c                init
 .text.analogReference
                0x0000000000007f2c       0x64 /private/var/folders/cs/8k4rd8wn11g9t0b617_34rdr0000gp/T/arduino/sketches/5DB0113F3FEAA46ED9EF506358AC432D/../../cores/arduino_samd_mkrwan1310_69f8762d4f40de9fbf6a58e02a638f5b/core.a(wiring_analog.c.o)
                0x0000000000007f2c                analogReference
 .text.pinMode  0x0000000000007f90       0x98 /private/var/folders/cs/8k4rd8wn11g9t0b617_34rdr0000gp/T/arduino/sketches/5DB0113F3FEAA46ED9EF506358AC432D/../../cores/arduino_samd_mkrwan1310_69f8762d4f40de9fbf6a58e02a638f5b/core.a(wiring_digital.c.o)
                0x0000000000007f90                pinMode
 .text.digitalWrite
                0x0000000000008028       0x58 /private/var/folders/cs/8k4rd8wn11g9t0b617_34rdr0000gp/T/arduino/sketches/5DB0113F3FEAA46ED9EF506358AC432D/../../cores/arduino_samd_mkrwan1310_69f8762d4f40de9fbf6a58e02a638f5b/core.a(wiring_digital.c.o)
                0x0000000000008028                digitalWrite
 .text.pinPeripheral
                0x0000000000008080       0xc0 /private/var/folders/cs/8k4rd8wn11g9t0b617_34rdr0000gp/T/arduino/sketches/5DB0113F3FEAA46ED9EF506358AC432D/../../cores/arduino_samd_mkrwan1310_69f8762d4f40de9fbf6a58e02a638f5b/core.a(wiring_private.c.o)
                0x0000000000008080                pinPeripheral
 .text.initiateReset
                0x0000000000008140       0x14 /private/var/folders/cs/8k4rd8wn11g9t0b617_34rdr0000gp/T/arduino/sketches/5DB0113F3FEAA46ED9EF506358AC432D/../../cores/arduino_samd_mkrwan1310_69f8762d4f40de9fbf6a58e02a638f5b/core.a(Reset.cpp.o)