Archive member included to satisfy reference by file (symbol)

/private/var/folders/cs/8k4rd8wn11g9t0b617_34rdr0000gp/T/arduino/sketches/3A68AEB6153E1A6EB0C1632B4D37FC65/../../cores/arduino_samd_mkrwan1310_69f8762d4f40de9fbf6a58e02a638f5b/core.a(SERCOM.cpp.o)
                              /private/var/folders/cs/8k4rd8wn11g9t0b617_34rdr0000gp/T/arduino/sketches/3A68AEB6153E1A6EB0C1632B4D37FC65/core/variant.cpp.o (SERCOM::SERCOM(Sercom*))
/private/var/folders/cs/8k4rd8wn11g9t0b617_34rdr0000gp/T/arduino/sketches/3A68AEB6153E1A6EB0C1632B4D37FC65/../../cores/arduino_samd_mkrwan1310_69f8762d4f40de9fbf6a58e02a638f5b/core.a(CDC.cpp.o)
                              /private/var/folders/cs/8k4rd8wn11g9t0b617_34rdr0000gp/T/arduino/sketches/3A68AEB6153E1A6EB0C1632B4D37FC65/sketch/memoryFormat.ino.cpp.o (Serial_::begin(unsigned long))
/private/var/folders/cs/8k4rd8wn11g9t0b617_34rdr0000gp/T/arduino/sketches/3A68AEB6153E1A6EB0C1632B4D37FC65/../../cores/arduino_samd_mkrwan1310_69f8762d4f40de9fbf6a58e02a638f5b/core.a(USBCore.cpp.o)
                              /private/var/folders/cs/8k4rd8wn11g9t0b617_34rdr0000gp/T/arduino/sketches/3A68AEB6153E1A6EB0C1632B4D37FC65/../../cores/arduino_samd_mkrwan1310_69f8762d4f40de9fbf6a58e02a638f5b/core.a(CDC.cpp.o) (usbd)
/private/var/folders/cs/8k4rd8wn11g9t0b617_34rdr0000gp/T/arduino/sketches/3A68AEB6153E1A6EB0C1632B4D37FC65/../../cores/arduino_samd_mkrwan1310_69f8762d4f40de9fbf6a58e02a638f5b/core.a(Uart.cpp.o)
                              /private/var/folders/cs/8k4rd8wn11g9t0b617_34rdr0000gp/T/arduino/sketches/3A68AEB6153E1A6EB0C1632B4D37FC65/core/variant.cpp.o (Uart::Uart(SERCOM*, unsigned char, unsigned char, SercomRXPad, SercomUartTXPad))
/private/var/folders/cs/8k4rd8wn11g9t0b617_34rdr0000gp/T/arduino/sketches/3A68AEB6153E1A6EB0C1632B4D37FC65/../../cores/arduino_samd_mkrwan1310_69f8762d4f40de9fbf6a58e02a638f5b/core.a(PluggableUSB.cpp.o)
                              /private/var/folders/cs/8k4rd8wn11g9t0b617_34rdr0000gp/T/arduino/sketches/3A68AEB6153E1A6EB0C1632B4D37FC65/../../cores/arduino_samd_mkrwan1310_69f8762d4f40de9fbf6a58e02a638f5b/core.a(USBCore.cpp.o) (arduino::PluggableUSB_::getInterface(unsigned char*))
/private/var/folders/cs/8k4rd8wn11g9t0b617_34rdr0000gp/T/arduino/sketches/3A68AEB6153E1A6EB0C1632B4D37FC65/../../cores/arduino_samd_mkrwan1310_69f8762d4f40de9fbf6a58e02a638f5b/core.a(Print.cpp.o)
                              /private/var/folders/cs/8k4rd8wn11g9t0b617_34rdr0000gp/T/arduino/sketches/3A68AEB6153E1A6EB0C1632B4D37FC65/../../cores/arduino_samd_mkrwan1310_69f8762d4f40de9fbf6a58e02a638f5b/core.a(Uart.cpp.o) (arduino::Print::write(unsigned char const*, unsigned int))
/private/var/folders/cs/8k4rd8wn11g9t0b617_34rdr0000gp/T/arduino/sketches/3A68AEB6153E1A6EB0C1632B4D37FC65/../../cores/arduino_samd_mkrwan1310_69f8762d4f40de9fbf6a58e02a638f5b/core.a(String.cpp.o)
                              /private/var/folders/cs/8k4rd8wn11g9t0b617_34rdr0000gp/T/arduino/sketches/3A68AEB6153E1A6EB0C1632B4D37FC65/libraries/Arduino_MKRMEM/Arduino_SPIFFS_DirectoryEntry.cpp.o (arduino::String::String(char const*))
/private/var/folders/cs/8k4rd8wn11g9t0b617_34rdr0000gp/T/arduino/sketches/3A68AEB6153E1A6EB0C1632B4D37FC65/../../cores/arduino_samd_mkrwan1310_69f8762d4f40de9fbf6a58e02a638f5b/core.a(dtostrf.c.o)
                              /private/var/folders/cs/8k4rd8wn11g9t0b617_34rdr0000gp/T/arduino/sketches/3A68AEB6153E1A6EB0C1632B4D37FC65/../../cores/arduino_samd_mkrwan1310_69f8762d4f40de9fbf6a58e02a638f5b/core.a(String.cpp.o) (dtostrf)
/private/var/folders/cs/8k4rd8wn11g9t0b617_34rdr0000gp/T/arduino/sketches/3A68AEB6153E1A6EB0C1632B4D37FC65/../../cores/arduino_samd_mkrwan1310_69f8762d4f40de9fbf6a58e02a638f5b/core.a(cortex_handlers.c.o)
                              (Reset_Handler)
/private/var/folders/cs/8k4rd8wn11g9t0b617_34rdr0000gp/T/arduino/sketches/3A68AEB6153E1A6EB0C1632B4D37FC65/../../cores/arduino_samd_mkrwan1310_69f8762d4f40de9fbf6a58e02a638f5b/core.a(delay.c.o)
                              /private/var/folders/cs/8k4rd8wn11g9t0b617_34rdr0000gp/T/arduino/sketches/3A68AEB6153E1A6EB0C1632B4D37FC65/../../cores/arduino_samd_mkrwan1310_69f8762d4f40de9fbf6a58e02a638f5b/core.a(CDC.cpp.o) (millis)
/private/var/folders/cs/8k4rd8wn11g9t0b617_34rdr0000gp/T/arduino/sketches/3A68AEB6153E1A6EB0C1632B4D37FC65/../../cores/arduino_samd_mkrwan1310_69f8762d4f40de9fbf6a58e02a638f5b/core.a(hooks.c.o)
                              /private/var/folders/cs/8k4rd8wn11g9t0b617_34rdr0000gp/T/arduino/sketches/3A68AEB6153E1A6EB0C1632B4D37FC65/../../cores/arduino_samd_mkrwan1310_69f8762d4f40de9fbf6a58e02a638f5b/core.a(delay.c.o) (yield)
/private/var/folders/cs/8k4rd8wn11g9t0b617_34rdr0000gp/T/arduino/sketches/3A68AEB6153E1A6EB0C1632B4D37FC65/../../cores/arduino_samd_mkrwan1310_69f8762d4f40de9fbf6a58e02a638f5b/core.a(itoa.c.o)
[...]
Memory Configuration

Name             Origin             Length             Attributes
FLASH            0x0000000000002000 0x000000000003e000 xr
RAM              0x0000000020000000 0x0000000000008000 xrw
*default*        0x0000000000000000 0xffffffffffffffff

Linker script and memory map

LOAD /Users/student/Library/Arduino15/packages/arduino/tools/arm-none-eabi-gcc/7-2017q4/bin/../lib/gcc/arm-none-eabi/7.2.1/thumb/v6-m/crti.o
LOAD /Users/student/Library/Arduino15/packages/arduino/tools/arm-none-eabi-gcc/7-2017q4/bin/../lib/gcc/arm-none-eabi/7.2.1/thumb/v6-m/crtbegin.o
LOAD /Users/student/Library/Arduino15/packages/arduino/tools/arm-none-eabi-gcc/7-2017q4/bin/../lib/gcc/arm-none-eabi/7.2.1/../../../../arm-none-eabi/lib/thumb/v6-m/crt0.o
LOAD /private/var/folders/cs/8k4rd8wn11g9t0b617_34rdr0000gp/T/arduino/sketches/3A68AEB6153E1A6EB0C1632B4D37FC65/sketch/memoryFormat.ino.cpp.o
LOAD /private/var/folders/cs/8k4rd8wn11g9t0b617_34rdr0000gp/T/arduino/sketches/3A68AEB6153E1A6EB0C1632B4D37FC65/libraries/Arduino_MKRMEM/Arduino_SPIFFS.cpp.o
LOAD /private/var/folders/cs/8k4rd8wn11g9t0b617_34rdr0000gp/T/arduino/sketches/3A68AEB6153E1A6EB0C1632B4D37FC65/libraries/Arduino_MKRMEM/Arduino_SPIFFS_Directory.cpp.o
LOAD /private/var/folders/cs/8k4rd8wn11g9t0b617_34rdr0000gp/T/arduino/sketches/3A68AEB6153E1A6EB0C1632B4D37FC65/libraries/Arduino_MKRMEM/Arduino_SPIFFS_DirectoryEntry.cpp.o
LOAD /private/var/folders/cs/8k4rd8wn11g9t0b617_34rdr0000gp/T/arduino/sketches/3A68AEB6153E1A6EB0C1632B4D37FC65/libraries/Arduino_MKRMEM/Arduino_SPIFFS_File.cpp.o
LOAD /private/var/folders/cs/8k4rd8wn11g9t0b617_34rdr0000gp/T/arduino/sketches/3A68AEB6153E1A6EB0C1632B4D37FC65/libraries/Arduino_MKRMEM/Arduino_W25Q16DV.cpp.o
LOAD /private/var/folders/cs/8k4rd8wn11g9t0b617_34rdr0000gp/T/arduino/sketches/3A68AEB6153E1A6EB0C1632B4D37FC65/libraries/Arduino_MKRMEM/spiffs_cache.c.o
LOAD /private/var/folders/cs/8k4rd8wn11g9t0b617_34rdr0000gp/T/arduino/sketches/3A68AEB6153E1A6EB0C1632B4D37FC65/libraries/Arduino_MKRMEM/spiffs_check.c.o
LOAD /private/var/folders/cs/8k4rd8wn11g9t0b617_34rdr0000gp/T/arduino/sketches/3A68AEB6153E1A6EB0C1632B4D37FC65/libraries/Arduino_MKRMEM/spiffs_gc.c.o
LOAD /private/var/folders/cs/8k4rd8wn11g9t0b617_34rdr0000gp/T/arduino/sketches/3A68AEB6153E1A6EB0C1632B4D37FC65/libraries/Arduino_MKRMEM/spiffs_hydrogen.c.o
LOAD /private/var/folders/cs/8k4rd8wn11g9t0b617_34rdr0000gp/T/arduino/sketches/3A68AEB6153E1A6EB0C1632B4D37FC65/libraries/Arduino_MKRMEM/spiffs_nucleus.c.o
LOAD /private/var/folders/cs/8k4rd8wn11g9t0b617_34rdr0000gp/T/arduino/sketches/3A68AEB6153E1A6EB0C1632B4D37FC65/libraries/SPI/SPI.cpp.o
LOAD /private/var/folders/cs/8k4rd8wn11g9t0b617_34rdr0000gp/T/arduino/sketches/3A68AEB6153E1A6EB0C1632B4D37FC65/core/variant.cpp.o
START GROUP
LOAD /Users/student/Library/Arduino15/packages/arduino/tools/CMSIS/4.5.0/CMSIS/Lib/GCC//libarm_cortexM0l_math.a
LOAD /private/var/folders/cs/8k4rd8wn11g9t0b617_34rdr0000gp/T/arduino/sketches/3A68AEB6153E1A6EB0C1632B4D37FC65/../../cores/arduino_samd_mkrwan1310_69f8762d4f40de9fbf6a58e02a638f5b/core.a
END GROUP
LOAD /Users/student/Library/Arduino15/packages/arduino/tools/arm-none-eabi-gcc/7-2017q4/bin/../lib/gcc/arm-none-eabi/7.2.1/../../../../arm-none-eabi/lib/thumb/v6-m/libstdc++_nano.a
LOAD /Users/student/Library/Arduino15/packages/arduino/tools/arm-none-eabi-gcc/7-2017q4/bin/../lib/gcc/arm-none-eabi/7.2.1/../../../../arm-none-eabi/lib/thumb/v6-m/libm.a
START GROUP
LOAD /Users/student/Library/Arduino15/packages/arduino/tools/arm-none-eabi-gcc/7-2017q4/bin/../lib/gcc/arm-none-eabi/7.2.1/thumb/v6-m/libgcc.a
LOAD /Users/student/Library/Arduino15/packages/arduino/tools/arm-none-eabi-gcc/7-2017q4/bin/../lib/gcc/arm-none-eabi/7.2.1/../../../../arm-none-eabi/lib/thumb/v6-m/libc_nano.a
END GROUP
START GROUP
LOAD /Users/student/Library/Arduino15/packages/arduino/tools/arm-none-eabi-gcc/7-2017q4/bin/../lib/gcc/arm-none-eabi/7.2.1/thumb/v6-m/libgcc.a
LOAD /Users/student/Library/Arduino15/packages/arduino/tools/arm-none-eabi-gcc/7-2017q4/bin/../lib/gcc/arm-none-eabi/7.2.1/../../../../arm-none-eabi/lib/thumb/v6-m/libc_nano.a
LOAD /Users/student/Library/Arduino15/packages/arduino/tools/arm-none-eabi-gcc/7-2017q4/bin/../lib/gcc/arm-none-eabi/7.2.1/../../../../arm-none-eabi/lib/thumb/v6-m/libnosys.a
END GROUP
START GROUP
LOAD /Users/student/Library/Arduino15/packages/arduino/tools/arm-none-eabi-gcc/7-2017q4/bin/../lib/gcc/arm-none-eabi/7.2.1/thumb/v6-m/libgcc.a
LOAD /Users/student/Library/Arduino15/packages/arduino/tools/arm-none-eabi-gcc/7-2017q4/bin/../lib/gcc/arm-none-eabi/7.2.1/../../../../arm-none-eabi/lib/thumb/v6-m/libc_nano.a
LOAD /Users/student/Library/Arduino15/packages/arduino/tools/arm-none-eabi-gcc/7-2017q4/bin/../lib/gcc/arm-none-eabi/7.2.1/../../../../arm-none-eabi/lib/thumb/v6-m/libnosys.a
END GROUP
LOAD /Users/student/Library/Arduino15/packages/arduino/tools/arm-none-eabi-gcc/7-2017q4/bin/../lib/gcc/arm-none-eabi/7.2.1/thumb/v6-m/crtend.o
LOAD /Users/student/Library/Arduino15/packages/arduino/tools/arm-none-eabi-gcc/7-2017q4/bin/../lib/gcc/arm-none-eabi/7.2.1/thumb/v6-m/crtn.o

.text           0x0000000000002000     0xae94
                0x0000000000002000                __text_start__ = .
 *(.sketch_boot)
                0x0000000000002000                . = ALIGN (0x2000)
 *(.isr_vector)
 .isr_vector    0x0000000000002000       0xb4 /private/var/folders/cs/8k4rd8wn11g9t0b617_34rdr0000gp/T/arduino/sketches/3A68AEB6153E1A6EB0C1632B4D37FC65/../../cores/arduino_samd_mkrwan1310_69f8762d4f40de9fbf6a58e02a638f5b/core.a(cortex_handlers.c.o)
                0x0000000000002000                exception_table
 *(.text*)
 .text          0x00000000000020b4       0x48 /Users/student/Library/Arduino15/packages/arduino/tools/arm-none-eabi-gcc/7-2017q4/bin/../lib/gcc/arm-none-eabi/7.2.1/thumb/v6-m/crtbegin.o
 .text.loop     0x00000000000020fc        0x2 /private/var/folders/cs/8k4rd8wn11g9t0b617_34rdr0000gp/T/arduino/sketches/3A68AEB6153E1A6EB0C1632B4D37FC65/sketch/memoryFormat.ino.cpp.o
                0x00000000000020fc                loop
 *fill*         0x00000000000020fe        0x2 
 .text.startup._GLOBAL__sub_I_flash
                0x0000000000002100       0x18 /private/var/folders/cs/8k4rd8wn11g9t0b617_34rdr0000gp/T/arduino/sketches/3A68AEB6153E1A6EB0C1632B4D37FC65/sketch/memoryFormat.ino.cpp.o
 .text.setup    0x0000000000002118      0x144 /private/var/folders/cs/8k4rd8wn11g9t0b617_34rdr0000gp/T/arduino/sketches/3A68AEB6153E1A6EB0C1632B4D37FC65/sketch/memoryFormat.ino.cpp.o
                0x0000000000002118                setup
 .text._ZN14Arduino_SPIFFS5mountEv
                0x000000000000225c       0x30 /private/var/folders/cs/8k4rd8wn11g9t0b617_34rdr0000gp/T/arduino/sketches/3A68AEB6153E1A6EB0C1632B4D37FC65/libraries/Arduino_MKRMEM/Arduino_SPIFFS.cpp.o
                0x000000000000225c                Arduino_SPIFFS::mount()
 .text.startup._GLOBAL__sub_I__ZN14Arduino_SPIFFSC2EPFlmmPhES2_PFlmmE
                0x000000000000228c       0x20 /private/var/folders/cs/8k4rd8wn11g9t0b617_34rdr0000gp/T/arduino/sketches/3A68AEB6153E1A6EB0C1632B4D37FC65/libraries/Arduino_MKRMEM/Arduino_SPIFFS.cpp.o
 .text._ZN16Arduino_W25Q16DVC2ERN7arduino11HardwareSPIEi
                0x00000000000022ac        0x6 /private/var/folders/cs/8k4rd8wn11g9t0b617_34rdr0000gp/T/arduino/sketches/3A68AEB6153E1A6EB0C1632B4D37FC65/libraries/Arduino_MKRMEM/Arduino_W25Q16DV.cpp.o
                0x00000000000022ac                Arduino_W25Q16DV::Arduino_W25Q16DV(arduino::HardwareSPI&, int)
                0x00000000000022ac                Arduino_W25Q16DV::Arduino_W25Q16DV(arduino::HardwareSPI&, int)
 .text._ZN16Arduino_W25Q16DV6selectEv
                0x00000000000022b2        0xe /private/var/folders/cs/8k4rd8wn11g9t0b617_34rdr0000gp/T/arduino/sketches/3A68AEB6153E1A6EB0C1632B4D37FC65/libraries/Arduino_MKRMEM/Arduino_W25Q16DV.cpp.o
                0x00000000000022b2                Arduino_W25Q16DV::select()
 .text._ZN16Arduino_W25Q16DV8deselectEv
                0x00000000000022c0        0xe /private/var/folders/cs/8k4rd8wn11g9t0b617_34rdr0000gp/T/arduino/sketches/3A68AEB6153E1A6EB0C1632B4D37FC65/libraries/Arduino_MKRMEM/Arduino_W25Q16DV.cpp.o
                0x00000000000022c0                Arduino_W25Q16DV::deselect()
 .text._ZN16Arduino_W25Q16DV5beginEv
                0x00000000000022ce       0x1e /private/var/folders/cs/8k4rd8wn11g9t0b617_34rdr0000gp/T/arduino/sketches/3A68AEB6153E1A6EB0C1632B4D37FC65/libraries/Arduino_MKRMEM/Arduino_W25Q16DV.cpp.o
                0x00000000000022ce                Arduino_W25Q16DV::begin()
 .text._ZN16Arduino_W25Q16DV14readStatusReg1Ev
                0x00000000000022ec       0x38 /private/var/folders/cs/8k4rd8wn11g9t0b617_34rdr0000gp/T/arduino/sketches/3A68AEB6153E1A6EB0C1632B4D37FC65/libraries/Arduino_MKRMEM/Arduino_W25Q16DV.cpp.o
                0x00000000000022ec                Arduino_W25Q16DV::readStatusReg1()
 .text._ZN16Arduino_W25Q16DV6isBusyEv
                0x0000000000002324        0xc /private/var/folders/cs/8k4rd8wn11g9t0b617_34rdr0000gp/T/arduino/sketches/3A68AEB6153E1A6EB0C1632B4D37FC65/libraries/Arduino_MKRMEM/Arduino_W25Q16DV.cpp.o
                0x0000000000002324                Arduino_W25Q16DV::isBusy()
 .text._ZN16Arduino_W25Q16DV4readEmPhm
                0x0000000000002330       0x80 /private/var/folders/cs/8k4rd8wn11g9t0b617_34rdr0000gp/T/arduino/sketches/3A68AEB6153E1A6EB0C1632B4D37FC65/libraries/Arduino_MKRMEM/Arduino_W25Q16DV.cpp.o
                0x0000000000002330                Arduino_W25Q16DV::read(unsigned long, unsigned char*, unsigned long)
 .text._ZN16Arduino_W25Q16DV11enableWriteEv
                0x00000000000023b0       0x2c /private/var/folders/cs/8k4rd8wn11g9t0b617_34rdr0000gp/T/arduino/sketches/3A68AEB6153E1A6EB0C1632B4D37FC65/libraries/Arduino_MKRMEM/Arduino_W25Q16DV.cpp.o
                0x00000000000023b0                Arduino_W25Q16DV::enableWrite()
 .text._ZN16Arduino_W25Q16DV11programPageEmPKhm
                0x00000000000023dc       0x84 /private/var/folders/cs/8k4rd8wn11g9t0b617_34rdr0000gp/T/arduino/sketches/3A68AEB6153E1A6EB0C1632B4D37FC65/libraries/Arduino_MKRMEM/Arduino_W25Q16DV.cpp.o
                0x00000000000023dc                Arduino_W25Q16DV::programPage(unsigned long, unsigned char const*, unsigned long)
 .text._ZN16Arduino_W25Q16DV11eraseSectorEm
                0x0000000000002460       0x68 /private/var/folders/cs/8k4rd8wn11g9t0b617_34rdr0000gp/T/arduino/sketches/3A68AEB6153E1A6EB0C1632B4D37FC65/libraries/Arduino_MKRMEM/Arduino_W25Q16DV.cpp.o
                0x0000000000002460                Arduino_W25Q16DV::eraseSector(unsigned long)
 .text._ZN16Arduino_W25Q16DV9eraseChipEv
                0x00000000000024c8       0x58 /private/var/folders/cs/8k4rd8wn11g9t0b617_34rdr0000gp/T/arduino/sketches/3A68AEB6153E1A6EB0C1632B4D37FC65/libraries/Arduino_MKRMEM/Arduino_W25Q16DV.cpp.o
                0x00000000000024c8                Arduino_W25Q16DV::eraseChip()
 .text._Z15w25q16_spi_readmmPh
                0x0000000000002520       0x14 /private/var/folders/cs/8k4rd8wn11g9t0b617_34rdr0000gp/T/arduino/sketches/3A68AEB6153E1A6EB0C1632B4D37FC65/libraries/Arduino_MKRMEM/Arduino_W25Q16DV.cpp.o
                0x0000000000002520                w25q16_spi_read(unsigned long, unsigned long, unsigned char*)
 .text._Z16w25q16_spi_writemmPh
                0x0000000000002534       0x14 /private/var/folders/cs/8k4rd8wn11g9t0b617_34rdr0000gp/T/arduino/sketches/3A68AEB6153E1A6EB0C1632B4D37FC65/libraries/Arduino_MKRMEM/Arduino_W25Q16DV.cpp.o
                0x0000000000002534                w25q16_spi_write(unsigned long, unsigned long, unsigned char*)
 .text._Z16w25q16_spi_erasemm
                0x0000000000002548       0x14 /private/var/folders/cs/8k4rd8wn11g9t0b617_34rdr0000gp/T/arduino/sketches/3A68AEB6153E1A6EB0C1632B4D37FC65/libraries/Arduino_MKRMEM/Arduino_W25Q16DV.cpp.o
                0x0000000000002548                w25q16_spi_erase(unsigned long, unsigned long)
 .text.startup._GLOBAL__sub_I__ZN16Arduino_W25Q16DVC2ERN7arduino11HardwareSPIEi
                0x000000000000255c       0x2c /private/var/folders/cs/8k4rd8wn11g9t0b617_34rdr0000gp/T/arduino/sketches/3A68AEB6153E1A6EB0C1632B4D37FC65/libraries/Arduino_MKRMEM/Arduino_W25Q16DV.cpp.o
 .text.spiffs_cache_page_free
                0x0000000000002588       0x52 /private/var/folders/cs/8k4rd8wn11g9t0b617_34rdr0000gp/T/arduino/sketches/3A68AEB6153E1A6EB0C1632B4D37FC65/libraries/Arduino_MKRMEM/spiffs_cache.c.o
 .text.spiffs_cache_page_get.isra.0
                0x00000000000025da       0x44 /private/var/folders/cs/8k4rd8wn11g9t0b617_34rdr0000gp/T/arduino/sketches/3A68AEB6153E1A6EB0C1632B4D37FC65/libraries/Arduino_MKRMEM/spiffs_cache.c.o
 .text.spiffs_cache_page_allocate.isra.1
                0x000000000000261e       0x3a /private/var/folders/cs/8k4rd8wn11g9t0b617_34rdr0000gp/T/arduino/sketches/3A68AEB6153E1A6EB0C1632B4D37FC65/libraries/Arduino_MKRMEM/spiffs_cache.c.o
 .text.spiffs_cache_page_remove_oldest.constprop.2
                0x0000000000002658       0x54 /private/var/folders/cs/8k4rd8wn11g9t0b617_34rdr0000gp/T/arduino/sketches/3A68AEB6153E1A6EB0C1632B4D37FC65/libraries/Arduino_MKRMEM/spiffs_cache.c.o
 .text.spiffs_cache_drop_page
                0x00000000000026ac       0x1a /private/var/folders/cs/8k4rd8wn11g9t0b617_34rdr0000gp/T/arduino/sketches/3A68AEB6153E1A6EB0C1632B4D37FC65/libraries/Arduino_MKRMEM/spiffs_cache.c.o
                0x00000000000026ac                spiffs_cache_drop_page
 .text.spiffs_phys_rd
                0x00000000000026c6       0xc8 /private/var/folders/cs/8k4rd8wn11g9t0b617_34rdr0000gp/T/arduino/sketches/3A68AEB6153E1A6EB0C1632B4D37FC65/libraries/Arduino_MKRMEM/spiffs_cache.c.o
                0x00000000000026c6                spiffs_phys_rd
 .text.spiffs_phys_wr
                0x000000000000278e       0x6a /private/var/folders/cs/8k4rd8wn11g9t0b617_34rdr0000gp/T/arduino/sketches/3A68AEB6153E1A6EB0C1632B4D37FC65/libraries/Arduino_MKRMEM/spiffs_cache.c.o
                0x000000000000278e                spiffs_phys_wr
 .text.spiffs_cache_page_get_by_fd
                0x00000000000027f8       0x48 /private/var/folders/cs/8k4rd8wn11g9t0b617_34rdr0000gp/T/arduino/sketches/3A68AEB6153E1A6EB0C1632B4D37FC65/libraries/Arduino_MKRMEM/spiffs_cache.c.o
                0x00000000000027f8                spiffs_cache_page_get_by_fd
 .text.spiffs_cache_fd_release
                0x0000000000002840       0x3c /private/var/folders/cs/8k4rd8wn11g9t0b617_34rdr0000gp/T/arduino/sketches/3A68AEB6153E1A6EB0C1632B4D37FC65/libraries/Arduino_MKRMEM/spiffs_cache.c.o
                0x0000000000002840                spiffs_cache_fd_release
 .text.spiffs_cache_init
                0x000000000000287c       0x8c /private/var/folders/cs/8k4rd8wn11g9t0b617_34rdr0000gp/T/arduino/sketches/3A68AEB6153E1A6EB0C1632B4D37FC65/libraries/Arduino_MKRMEM/spiffs_cache.c.o
                0x000000000000287c                spiffs_cache_init
 .text.spiffs_object_get_data_page_index_reference
                0x0000000000002908       0x74 /private/var/folders/cs/8k4rd8wn11g9t0b617_34rdr0000gp/T/arduino/sketches/3A68AEB6153E1A6EB0C1632B4D37FC65/libraries/Arduino_MKRMEM/spiffs_check.c.o
 .text.spiffs_delete_obj_lazy
                0x000000000000297c       0x48 /private/var/folders/cs/8k4rd8wn11g9t0b617_34rdr0000gp/T/arduino/sketches/3A68AEB6153E1A6EB0C1632B4D37FC65/libraries/Arduino_MKRMEM/spiffs_check.c.o
 .text.spiffs_rewrite_index
                0x00000000000029c4      0x164 /private/var/folders/cs/8k4rd8wn11g9t0b617_34rdr0000gp/T/arduino/sketches/3A68AEB6153E1A6EB0C1632B4D37FC65/libraries/Arduino_MKRMEM/spiffs_check.c.o
 .text.spiffs_rewrite_page
                0x0000000000002b28       0x3a /private/var/folders/cs/8k4rd8wn11g9t0b617_34rdr0000gp/T/arduino/sketches/3A68AEB6153E1A6EB0C1632B4D37FC65/libraries/Arduino_MKRMEM/spiffs_check.c.o
 *fill*         0x0000000000002b62        0x2 
 .text.spiffs_lookup_check_v
                0x0000000000002b64      0x5a8 /private/var/folders/cs/8k4rd8wn11g9t0b617_34rdr0000gp/T/arduino/sketches/3A68AEB6153E1A6EB0C1632B4D37FC65/libraries/Arduino_MKRMEM/spiffs_check.c.o
 .text.spiffs_object_index_consistency_check_v
                0x000000000000310c      0x184 /private/var/folders/cs/8k4rd8wn11g9t0b617_34rdr0000gp/T/arduino/sketches/3A68AEB6153E1A6EB0C1632B4D37FC65/libraries/Arduino_MKRMEM/spiffs_check.c.o
 .text.spiffs_lookup_consistency_check
                0x0000000000003290       0x74 /private/var/folders/cs/8k4rd8wn11g9t0b617_34rdr0000gp/T/arduino/sketches/3A68AEB6153E1A6EB0C1632B4D37FC65/libraries/Arduino_MKRMEM/spiffs_check.c.o
                0x0000000000003290                spiffs_lookup_consistency_check
 .text.spiffs_page_consistency_check
                0x0000000000003304      0x5d4 /private/var/folders/cs/8k4rd8wn11g9t0b617_34rdr0000gp/T/arduino/sketches/3A68AEB6153E1A6EB0C1632B4D37FC65/libraries/Arduino_MKRMEM/spiffs_check.c.o
                0x0000000000003304                spiffs_page_consistency_check
 .text.spiffs_object_index_consistency_check
                0x00000000000038d8       0x84 /private/var/folders/cs/8k4rd8wn11g9t0b617_34rdr0000gp/T/arduino/sketches/3A68AEB6153E1A6EB0C1632B4D37FC65/libraries/Arduino_MKRMEM/spiffs_check.c.o
                0x00000000000038d8                spiffs_object_index_consistency_check
 .text.spiffs_gc_erase_block
                0x000000000000395c       0x2c /private/var/folders/cs/8k4rd8wn11g9t0b617_34rdr0000gp/T/arduino/sketches/3A68AEB6153E1A6EB0C1632B4D37FC65/libraries/Arduino_MKRMEM/spiffs_gc.c.o
 .text.spiffs_gc_quick
                0x0000000000003988       0xa0 /private/var/folders/cs/8k4rd8wn11g9t0b617_34rdr0000gp/T/arduino/sketches/3A68AEB6153E1A6EB0C1632B4D37FC65/libraries/Arduino_MKRMEM/spiffs_gc.c.o
                0x0000000000003988                spiffs_gc_quick
 .text.spiffs_gc_erase_page_stats
                0x0000000000003a28       0x54 /private/var/folders/cs/8k4rd8wn11g9t0b617_34rdr0000gp/T/arduino/sketches/3A68AEB6153E1A6EB0C1632B4D37FC65/libraries/Arduino_MKRMEM/spiffs_gc.c.o
                0x0000000000003a28                spiffs_gc_erase_page_stats
 .text.spiffs_gc_find_candidate
                0x0000000000003a7c      0x188 /private/var/folders/cs/8k4rd8wn11g9t0b617_34rdr0000gp/T/arduino/sketches/3A68AEB6153E1A6EB0C1632B4D37FC65/libraries/Arduino_MKRMEM/spiffs_gc.c.o
                0x0000000000003a7c                spiffs_gc_find_candidate
 .text.spiffs_gc_clean
                0x0000000000003c04      0x448 /private/var/folders/cs/8k4rd8wn11g9t0b617_34rdr0000gp/T/arduino/sketches/3A68AEB6153E1A6EB0C1632B4D37FC65/libraries/Arduino_MKRMEM/spiffs_gc.c.o
                0x0000000000003c04                spiffs_gc_clean
 .text.spiffs_gc_check
                0x000000000000404c       0xdc /private/var/folders/cs/8k4rd8wn11g9t0b617_34rdr0000gp/T/arduino/sketches/3A68AEB6153E1A6EB0C1632B4D37FC65/libraries/Arduino_MKRMEM/spiffs_gc.c.o
                0x000000000000404c                spiffs_gc_check
 .text.spiffs_hydro_write.isra.0
                0x0000000000004128       0x54 /private/var/folders/cs/8k4rd8wn11g9t0b617_34rdr0000gp/T/arduino/sketches/3A68AEB6153E1A6EB0C1632B4D37FC65/libraries/Arduino_MKRMEM/spiffs_hydrogen.c.o
 .text.spiffs_fflush_cache
                0x000000000000417c       0x5e /private/var/folders/cs/8k4rd8wn11g9t0b617_34rdr0000gp/T/arduino/sketches/3A68AEB6153E1A6EB0C1632B4D37FC65/libraries/Arduino_MKRMEM/spiffs_hydrogen.c.o
 *fill*         0x00000000000041da        0x2 
 .text.SPIFFS_format
                0x00000000000041dc       0x58 /private/var/folders/cs/8k4rd8wn11g9t0b617_34rdr0000gp/T/arduino/sketches/3A68AEB6153E1A6EB0C1632B4D37FC65/libraries/Arduino_MKRMEM/spiffs_hydrogen.c.o
                0x00000000000041dc                SPIFFS_format
 .text.SPIFFS_mount
                0x0000000000004234       0xb4 /private/var/folders/cs/8k4rd8wn11g9t0b617_34rdr0000gp/T/arduino/sketches/3A68AEB6153E1A6EB0C1632B4D37FC65/libraries/Arduino_MKRMEM/spiffs_hydrogen.c.o
                0x0000000000004234                SPIFFS_mount
 .text.SPIFFS_unmount
                0x00000000000042e8       0x4c /private/var/folders/cs/8k4rd8wn11g9t0b617_34rdr0000gp/T/arduino/sketches/3A68AEB6153E1A6EB0C1632B4D37FC65/libraries/Arduino_MKRMEM/spiffs_hydrogen.c.o
                0x00000000000042e8                SPIFFS_unmount
 .text.SPIFFS_check
                0x0000000000004334       0x48 /private/var/folders/cs/8k4rd8wn11g9t0b617_34rdr0000gp/T/arduino/sketches/3A68AEB6153E1A6EB0C1632B4D37FC65/libraries/Arduino_MKRMEM/spiffs_hydrogen.c.o
                0x0000000000004334                SPIFFS_check
 .text.SPIFFS_info
                0x000000000000437c       0x50 /private/var/folders/cs/8k4rd8wn11g9t0b617_34rdr0000gp/T/arduino/sketches/3A68AEB6153E1A6EB0C1632B4D37FC65/libraries/Arduino_MKRMEM/spiffs_hydrogen.c.o
                0x000000000000437c                SPIFFS_info
 .text.spiffs_obj_lu_find_id_and_span_v
                0x00000000000043cc       0x70 /private/var/folders/cs/8k4rd8wn11g9t0b617_34rdr0000gp/T/arduino/sketches/3A68AEB6153E1A6EB0C1632B4D37FC65/libraries/Arduino_MKRMEM/spiffs_nucleus.c.o
 .text.spiffs_page_index_check
                0x000000000000443c       0x98 /private/var/folders/cs/8k4rd8wn11g9t0b617_34rdr0000gp/T/arduino/sketches/3A68AEB6153E1A6EB0C1632B4D37FC65/libraries/Arduino_MKRMEM/spiffs_nucleus.c.o
 .text.spiffs_obj_lu_scan_v
                0x00000000000044d4       0x30 /private/var/folders/cs/8k4rd8wn11g9t0b617_34rdr0000gp/T/arduino/sketches/3A68AEB6153E1A6EB0C1632B4D37FC65/libraries/Arduino_MKRMEM/spiffs_nucleus.c.o
 .text.spiffs_update_ix_map.isra.1
                0x0000000000004504       0xc0 /private/var/folders/cs/8k4rd8wn11g9t0b617_34rdr0000gp/T/arduino/sketches/3A68AEB6153E1A6EB0C1632B4D37FC65/libraries/Arduino_MKRMEM/spiffs_nucleus.c.o
 .text.spiffs_page_data_check.isra.3
                0x00000000000045c4       0x90 /private/var/folders/cs/8k4rd8wn11g9t0b617_34rdr0000gp/T/arduino/sketches/3A68AEB6153E1A6EB0C1632B4D37FC65/libraries/Arduino_MKRMEM/spiffs_nucleus.c.o
 .text.spiffs_phys_cpy
                0x0000000000004654       0x54 /private/var/folders/cs/8k4rd8wn11g9t0b617_34rdr0000gp/T/arduino/sketches/3A68AEB6153E1A6EB0C1632B4D37FC65/libraries/Arduino_MKRMEM/spiffs_nucleus.c.o
                0x0000000000004654                spiffs_phys_cpy
 .text.spiffs_obj_lu_find_entry_visitor
                0x00000000000046a8      0x18c /private/var/folders/cs/8k4rd8wn11g9t0b617_34rdr0000gp/T/arduino/sketches/3A68AEB6153E1A6EB0C1632B4D37FC65/libraries/Arduino_MKRMEM/spiffs_nucleus.c.o
                0x00000000000046a8                spiffs_obj_lu_find_entry_visitor
 .text.spiffs_erase_block
                0x0000000000004834       0x78 /private/var/folders/cs/8k4rd8wn11g9t0b617_34rdr0000gp/T/arduino/sketches/3A68AEB6153E1A6EB0C1632B4D37FC65/libraries/Arduino_MKRMEM/spiffs_nucleus.c.o
                0x0000000000004834                spiffs_erase_block
 .text.spiffs_obj_lu_scan
                0x00000000000048ac      0x110 /private/var/folders/cs/8k4rd8wn11g9t0b617_34rdr0000gp/T/arduino/sketches/3A68AEB6153E1A6EB0C1632B4D37FC65/libraries/Arduino_MKRMEM/spiffs_nucleus.c.o
                0x00000000000048ac                spiffs_obj_lu_scan
 .text.spiffs_obj_lu_find_id
                0x00000000000049bc       0x30 /private/var/folders/cs/8k4rd8wn11g9t0b617_34rdr0000gp/T/arduino/sketches/3A68AEB6153E1A6EB0C1632B4D37FC65/libraries/Arduino_MKRMEM/spiffs_nucleus.c.o
                0x00000000000049bc                spiffs_obj_lu_find_id
 .text.spiffs_obj_lu_find_free
                0x00000000000049ec       0x74 /private/var/folders/cs/8k4rd8wn11g9t0b617_34rdr0000gp/T/arduino/sketches/3A68AEB6153E1A6EB0C1632B4D37FC65/libraries/Arduino_MKRMEM/spiffs_nucleus.c.o
                0x00000000000049ec                spiffs_obj_lu_find_free
 .text.spiffs_obj_lu_find_id_and_span
                0x0000000000004a60       0x70 /private/var/folders/cs/8k4rd8wn11g9t0b617_34rdr0000gp/T/arduino/sketches/3A68AEB6153E1A6EB0C1632B4D37FC65/libraries/Arduino_MKRMEM/spiffs_nucleus.c.o
                0x0000000000004a60                spiffs_obj_lu_find_id_and_span
 .text.spiffs_obj_lu_find_id_and_span_by_phdr
                0x0000000000004ad0       0x70 /private/var/folders/cs/8k4rd8wn11g9t0b617_34rdr0000gp/T/arduino/sketches/3A68AEB6153E1A6EB0C1632B4D37FC65/libraries/Arduino_MKRMEM/spiffs_nucleus.c.o
                0x0000000000004ad0                spiffs_obj_lu_find_id_and_span_by_phdr
 .text.spiffs_page_allocate_data
                0x0000000000004b40      0x102 /private/var/folders/cs/8k4rd8wn11g9t0b617_34rdr0000gp/T/arduino/sketches/3A68AEB6153E1A6EB0C1632B4D37FC65/libraries/Arduino_MKRMEM/spiffs_nucleus.c.o
                0x0000000000004b40                spiffs_page_allocate_data
 *fill*         0x0000000000004c42        0x2 
 .text.spiffs_page_delete
                0x0000000000004c44       0x60 /private/var/folders/cs/8k4rd8wn11g9t0b617_34rdr0000gp/T/arduino/sketches/3A68AEB6153E1A6EB0C1632B4D37FC65/libraries/Arduino_MKRMEM/spiffs_nucleus.c.o
                0x0000000000004c44                spiffs_page_delete
 .text.spiffs_page_move
                0x0000000000004ca4       0xfc /private/var/folders/cs/8k4rd8wn11g9t0b617_34rdr0000gp/T/arduino/sketches/3A68AEB6153E1A6EB0C1632B4D37FC65/libraries/Arduino_MKRMEM/spiffs_nucleus.c.o
                0x0000000000004ca4                spiffs_page_move
 .text.spiffs_cb_object_event
                0x0000000000004da0      0x158 /private/var/folders/cs/8k4rd8wn11g9t0b617_34rdr0000gp/T/arduino/sketches/3A68AEB6153E1A6EB0C1632B4D37FC65/libraries/Arduino_MKRMEM/spiffs_nucleus.c.o
                0x0000000000004da0                spiffs_cb_object_event
 .text.spiffs_object_update_index_hdr
                0x0000000000004ef8      0x100 /private/var/folders/cs/8k4rd8wn11g9t0b617_34rdr0000gp/T/arduino/sketches/3A68AEB6153E1A6EB0C1632B4D37FC65/libraries/Arduino_MKRMEM/spiffs_nucleus.c.o
                0x0000000000004ef8                spiffs_object_update_index_hdr
 .text.spiffs_object_append
                0x0000000000004ff8      0x570 /private/var/folders/cs/8k4rd8wn11g9t0b617_34rdr0000gp/T/arduino/sketches/3A68AEB6153E1A6EB0C1632B4D37FC65/libraries/Arduino_MKRMEM/spiffs_nucleus.c.o
                0x0000000000004ff8                spiffs_object_append
 .text.spiffs_object_modify
                0x0000000000005568      0x4c4 /private/var/folders/cs/8k4rd8wn11g9t0b617_34rdr0000gp/T/arduino/sketches/3A68AEB6153E1A6EB0C1632B4D37FC65/libraries/Arduino_MKRMEM/spiffs_nucleus.c.o
                0x0000000000005568                spiffs_object_modify
 .text.spiffs_fd_return
                0x0000000000005a2c       0x38 /private/var/folders/cs/8k4rd8wn11g9t0b617_34rdr0000gp/T/arduino/sketches/3A68AEB6153E1A6EB0C1632B4D37FC65/libraries/Arduino_MKRMEM/spiffs_nucleus.c.o
                0x0000000000005a2c                spiffs_fd_return
 .text.spiffs_fd_get
                0x0000000000005a64       0x38 /private/var/folders/cs/8k4rd8wn11g9t0b617_34rdr0000gp/T/arduino/sketches/3A68AEB6153E1A6EB0C1632B4D37FC65/libraries/Arduino_MKRMEM/spiffs_nucleus.c.o
                0x0000000000005a64                spiffs_fd_get
 .text._ZN12SPIClassSAMD8transferEPvj
                0x0000000000005a9c       0x1e /private/var/folders/cs/8k4rd8wn11g9t0b617_34rdr0000gp/T/arduino/sketches/3A68AEB6153E1A6EB0C1632B4D37FC65/libraries/SPI/SPI.cpp.o
                0x0000000000005a9c                SPIClassSAMD::transfer(void*, unsigned int)
 .text._ZN12SPIClassSAMD15attachInterruptEv
                0x0000000000005aba        0x2 /private/var/folders/cs/8k4rd8wn11g9t0b617_34rdr0000gp/T/arduino/sketches/3A68AEB6153E1A6EB0C1632B4D37FC65/libraries/SPI/SPI.cpp.o
                0x0000000000005aba                SPIClassSAMD::attachInterrupt()
                0x0000000000005aba                SPIClassSAMD::detachInterrupt()
 .text._ZN12SPIClassSAMDD2Ev
                0x0000000000005abc        0x2 /private/var/folders/cs/8k4rd8wn11g9t0b617_34rdr0000gp/T/arduino/sketches/3A68AEB6153E1A6EB0C1632B4D37FC65/libraries/SPI/SPI.cpp.o
                0x0000000000005abc                SPIClassSAMD::~SPIClassSAMD()
                0x0000000000005abc                SPIClassSAMD::~SPIClassSAMD()
 .text._ZN12SPIClassSAMD3endEv
                0x0000000000005abe       0x10 /private/var/folders/cs/8k4rd8wn11g9t0b617_34rdr0000gp/T/arduino/sketches/3A68AEB6153E1A6EB0C1632B4D37FC65/libraries/SPI/SPI.cpp.o
                0x0000000000005abe                SPIClassSAMD::end()
 .text._ZN12SPIClassSAMD8transferEh
                0x0000000000005ace        0xa /private/var/folders/cs/8k4rd8wn11g9t0b617_34rdr0000gp/T/arduino/sketches/3A68AEB6153E1A6EB0C1632B4D37FC65/libraries/SPI/SPI.cpp.o
                0x0000000000005ace                SPIClassSAMD::transfer(unsigned char)
 .text._ZN12SPIClassSAMD10transfer16Et
                0x0000000000005ad8       0x58 /private/var/folders/cs/8k4rd8wn11g9t0b617_34rdr0000gp/T/arduino/sketches/3A68AEB6153E1A6EB0C1632B4D37FC65/libraries/SPI/SPI.cpp.o
                0x0000000000005ad8                SPIClassSAMD::transfer16(unsigned short)
 .text._ZN12SPIClassSAMDD0Ev
                0x0000000000005b30        0xc /private/var/folders/cs/8k4rd8wn11g9t0b617_34rdr0000gp/T/arduino/sketches/3A68AEB6153E1A6EB0C1632B4D37FC65/libraries/SPI/SPI.cpp.o
                0x0000000000005b30                SPIClassSAMD::~SPIClassSAMD()
 .text._ZN12SPIClassSAMD14usingInterruptEi
                0x0000000000005b3c       0x44 /private/var/folders/cs/8k4rd8wn11g9t0b617_34rdr0000gp/T/arduino/sketches/3A68AEB6153E1A6EB0C1632B4D37FC65/libraries/SPI/SPI.cpp.o
                0x0000000000005b3c                SPIClassSAMD::usingInterrupt(int)
 .text._ZN12SPIClassSAMD17notUsingInterruptEi
                0x0000000000005b80       0x3c /private/var/folders/cs/8k4rd8wn11g9t0b617_34rdr0000gp/T/arduino/sketches/3A68AEB6153E1A6EB0C1632B4D37FC65/libraries/SPI/SPI.cpp.o
                0x0000000000005b80                SPIClassSAMD::notUsingInterrupt(int)
 .text._ZN12SPIClassSAMD14endTransactionEv
                0x0000000000005bbc       0x28 /private/var/folders/cs/8k4rd8wn11g9t0b617_34rdr0000gp/T/arduino/sketches/3A68AEB6153E1A6EB0C1632B4D37FC65/libraries/SPI/SPI.cpp.o
                0x0000000000005bbc                SPIClassSAMD::endTransaction()
 .text._ZN12SPIClassSAMD4initEv
                0x0000000000005be4       0x12 /private/var/folders/cs/8k4rd8wn11g9t0b617_34rdr0000gp/T/arduino/sketches/3A68AEB6153E1A6EB0C1632B4D37FC65/libraries/SPI/SPI.cpp.o
                0x0000000000005be4                SPIClassSAMD::init()
 *fill*         0x0000000000005bf6        0x2 
 .text._ZN12SPIClassSAMD6configEN7arduino11SPISettingsE
                0x0000000000005bf8       0x74 /private/var/folders/cs/8k4rd8wn11g9t0b617_34rdr0000gp/T/arduino/sketches/3A68AEB6153E1A6EB0C1632B4D37FC65/libraries/SPI/SPI.cpp.o
                0x0000000000005bf8                SPIClassSAMD::config(arduino::SPISettings)
 .text._ZN12SPIClassSAMD5beginEv
                0x0000000000005c6c       0x50 /private/var/folders/cs/8k4rd8wn11g9t0b617_34rdr0000gp/T/arduino/sketches/3A68AEB6153E1A6EB0C1632B4D37FC65/libraries/SPI/SPI.cpp.o
                0x0000000000005c6c                SPIClassSAMD::begin()
 .text._ZN12SPIClassSAMD16beginTransactionEN7arduino11SPISettingsE
                0x0000000000005cbc       0x38 /private/var/folders/cs/8k4rd8wn11g9t0b617_34rdr0000gp/T/arduino/sketches/3A68AEB6153E1A6EB0C1632B4D37FC65/libraries/SPI/SPI.cpp.o
                0x0000000000005cbc                SPIClassSAMD::beginTransaction(arduino::SPISettings)
 .text.startup._GLOBAL__sub_I__ZN12SPIClassSAMDC2EP6SERCOMhhh14SercomSpiTXPad11SercomRXPad
                0x0000000000005cf4       0x98 /private/var/folders/cs/8k4rd8wn11g9t0b617_34rdr0000gp/T/arduino/sketches/3A68AEB6153E1A6EB0C1632B4D37FC65/libraries/SPI/SPI.cpp.o
 .text.initVariant
                0x0000000000005d8c       0xcc /private/var/folders/cs/8k4rd8wn11g9t0b617_34rdr0000gp/T/arduino/sketches/3A68AEB6153E1A6EB0C1632B4D37FC65/core/variant.cpp.o
                0x0000000000005d8c                initVariant
 .text.SERCOM5_Handler
                0x0000000000005e58       0x10 /private/var/folders/cs/8k4rd8wn11g9t0b617_34rdr0000gp/T/arduino/sketches/3A68AEB6153E1A6EB0C1632B4D37FC65/core/variant.cpp.o
                0x0000000000005e58                SERCOM5_Handler
 .text.SERCOM4_Handler
                0x0000000000005e68       0x10 /private/var/folders/cs/8k4rd8wn11g9t0b617_34rdr0000gp/T/arduino/sketches/3A68AEB6153E1A6EB0C1632B4D37FC65/core/variant.cpp.o
                0x0000000000005e68                SERCOM4_Handler
 .text.startup._GLOBAL__sub_I_g_APinDescription
                0x0000000000005e78       0x98 /private/var/folders/cs/8k4rd8wn11g9t0b617_34rdr0000gp/T/arduino/sketches/3A68AEB6153E1A6EB0C1632B4D37FC65/core/variant.cpp.o
 .text._ZN6SERCOMC2EP6Sercom
                0x0000000000005f10        0x8 /private/var/folders/cs/8k4rd8wn11g9t0b617_34rdr0000gp/T/arduino/sketches/3A68AEB6153E1A6EB0C1632B4D37FC65/../../cores/arduino_samd_mkrwan1310_69f8762d4f40de9fbf6a58e02a638f5b/core.a(SERCOM.cpp.o)
                0x0000000000005f10                SERCOM::SERCOM(Sercom*)
                0x0000000000005f10                SERCOM::SERCOM(Sercom*)
 .text._ZN6SERCOM9initFrameE18SercomUartCharSize15SercomDataOrder16SercomParityMode19SercomNumberStopBit
                0x0000000000005f18       0x3a /private/var/folders/cs/8k4rd8wn11g9t0b617_34rdr0000gp/T/arduino/sketches/3A68AEB6153E1A6EB0C1632B4D37FC65/../../cores/arduino_samd_mkrwan1310_69f8762d4f40de9fbf6a58e02a638f5b/core.a(SERCOM.cpp.o)
                0x0000000000005f18                SERCOM::initFrame(SercomUartCharSize, SercomDataOrder, SercomParityMode, SercomNumberStopBit)
 .text._ZN6SERCOM8initPadsE15SercomUartTXPad11SercomRXPad
                0x0000000000005f52       0x26 /private/var/folders/cs/8k4rd8wn11g9t0b617_34rdr0000gp/T/arduino/sketches/3A68AEB6153E1A6EB0C1632B4D37FC65/../../cores/arduino_samd_mkrwan1310_69f8762d4f40de9fbf6a58e02a638f5b/core.a(SERCOM.cpp.o)
                0x0000000000005f52                SERCOM::initPads(SercomUartTXPad, SercomRXPad)
 .text._ZN6SERCOM9resetUARTEv
                0x0000000000005f78       0x1a /private/var/folders/cs/8k4rd8wn11g9t0b617_34rdr0000gp/T/arduino/sketches/3A68AEB6153E1A6EB0C1632B4D37FC65/../../cores/arduino_samd_mkrwan1310_69f8762d4f40de9fbf6a58e02a638f5b/core.a(SERCOM.cpp.o)
                0x0000000000005f78                SERCOM::resetUART()
 .text._ZN6SERCOM10enableUARTEv
                0x0000000000005f92       0x14 /private/var/folders/cs/8k4rd8wn11g9t0b617_34rdr0000gp/T/arduino/sketches/3A68AEB6153E1A6EB0C1632B4D37FC65/../../cores/arduino_samd_mkrwan1310_69f8762d4f40de9fbf6a58e02a638f5b/core.a(SERCOM.cpp.o)
                0x0000000000005f92                SERCOM::enableUART()
 .text._ZN6SERCOM9flushUARTEv
                0x0000000000005fa6       0x14 /private/var/folders/cs/8k4rd8wn11g9t0b617_34rdr0000gp/T/arduino/sketches/3A68AEB6153E1A6EB0C1632B4D37FC65/../../cores/arduino_samd_mkrwan1310_69f8762d4f40de9fbf6a58e02a638f5b/core.a(SERCOM.cpp.o)
                0x0000000000005fa6                SERCOM::flushUART()
 .text._ZN6SERCOM15clearStatusUARTEv
                0x0000000000005fba        0x8 /private/var/folders/cs/8k4rd8wn11g9t0b617_34rdr0000gp/T/arduino/sketches/3A68AEB6153E1A6EB0C1632B4D37FC65/../../cores/arduino_samd_mkrwan1310_69f8762d4f40de9fbf6a58e02a638f5b/core.a(SERCOM.cpp.o)
                0x0000000000005fba                SERCOM::clearStatusUART()
 .text._ZN6SERCOM17availableDataUARTEv
                0x0000000000005fc2        0xa /private/var/folders/cs/8k4rd8wn11g9t0b617_34rdr0000gp/T/arduino/sketches/3A68AEB6153E1A6EB0C1632B4D37FC65/../../cores/arduino_samd_mkrwan1310_69f8762d4f40de9fbf6a58e02a638f5b/core.a(SERCOM.cpp.o)
                0x0000000000005fc2                SERCOM::availableDataUART()
 .text._ZN6SERCOM11isUARTErrorEv
                0x0000000000005fcc        0x8 /private/var/folders/cs/8k4rd8wn11g9t0b617_34rdr0000gp/T/arduino/sketches/3A68AEB6153E1A6EB0C1632B4D37FC65/../../cores/arduino_samd_mkrwan1310_69f8762d4f40de9fbf6a58e02a638f5b/core.a(SERCOM.cpp.o)
                0x0000000000005fcc                SERCOM::isUARTError()
 .text._ZN6SERCOM20acknowledgeUARTErrorEv
                0x0000000000005fd4        0xe /private/var/folders/cs/8k4rd8wn11g9t0b617_34rdr0000gp/T/arduino/sketches/3A68AEB6153E1A6EB0C1632B4D37FC65/../../cores/arduino_samd_mkrwan1310_69f8762d4f40de9fbf6a58e02a638f5b/core.a(SERCOM.cpp.o)
                0x0000000000005fd4                SERCOM::acknowledgeUARTError()
 .text._ZN6SERCOM16isFrameErrorUARTEv
                0x0000000000005fe2        0xa /private/var/folders/cs/8k4rd8wn11g9t0b617_34rdr0000gp/T/arduino/sketches/3A68AEB6153E1A6EB0C1632B4D37FC65/../../cores/arduino_samd_mkrwan1310_69f8762d4f40de9fbf6a58e02a638f5b/core.a(SERCOM.cpp.o)
                0x0000000000005fe2                SERCOM::isFrameErrorUART()
 .text._ZN6SERCOM19clearFrameErrorUARTEv
                0x0000000000005fec        0xc /private/var/folders/cs/8k4rd8wn11g9t0b617_34rdr0000gp/T/arduino/sketches/3A68AEB6153E1A6EB0C1632B4D37FC65/../../cores/arduino_samd_mkrwan1310_69f8762d4f40de9fbf6a58e02a638f5b/core.a(SERCOM.cpp.o)
                0x0000000000005fec                SERCOM::clearFrameErrorUART()
 .text._ZN6SERCOM23isDataRegisterEmptyUARTEv
                0x0000000000005ff8        0xa /private/var/folders/cs/8k4rd8wn11g9t0b617_34rdr0000gp/T/arduino/sketches/3A68AEB6153E1A6EB0C1632B4D37FC65/../../cores/arduino_samd_mkrwan1310_69f8762d4f40de9fbf6a58e02a638f5b/core.a(SERCOM.cpp.o)
                0x0000000000005ff8                SERCOM::isDataRegisterEmptyUART()
 .text._ZN6SERCOM12readDataUARTEv
                0x0000000000006002        0x8 /private/var/folders/cs/8k4rd8wn11g9t0b617_34rdr0000gp/T/arduino/sketches/3A68AEB6153E1A6EB0C1632B4D37FC65/../../cores/arduino_samd_mkrwan1310_69f8762d4f40de9fbf6a58e02a638f5b/core.a(SERCOM.cpp.o)
                0x0000000000006002                SERCOM::readDataUART()
 .text._ZN6SERCOM13writeDataUARTEh
                0x000000000000600a       0x14 /private/var/folders/cs/8k4rd8wn11g9t0b617_34rdr0000gp/T/arduino/sketches/3A68AEB6153E1A6EB0C1632B4D37FC65/../../cores/arduino_samd_mkrwan1310_69f8762d4f40de9fbf6a58e02a638f5b/core.a(SERCOM.cpp.o)
                0x000000000000600a                SERCOM::writeDataUART(unsigned char)
 .text._ZN6SERCOM36enableDataRegisterEmptyInterruptUARTEv
                0x000000000000601e        0x8 /private/var/folders/cs/8k4rd8wn11g9t0b617_34rdr0000gp/T/arduino/sketches/3A68AEB6153E1A6EB0C1632B4D37FC65/../../cores/arduino_samd_mkrwan1310_69f8762d4f40de9fbf6a58e02a638f5b/core.a(SERCOM.cpp.o)
                0x000000000000601e                SERCOM::enableDataRegisterEmptyInterruptUART()
 .text._ZN6SERCOM37disableDataRegisterEmptyInterruptUARTEv
                0x0000000000006026        0x8 /private/var/folders/cs/8k4rd8wn11g9t0b617_34rdr0000gp/T/arduino/sketches/3A68AEB6153E1A6EB0C1632B4D37FC65/../../cores/arduino_samd_mkrwan1310_69f8762d4f40de9fbf6a58e02a638f5b/core.a(SERCOM.cpp.o)
                0x0000000000006026                SERCOM::disableDataRegisterEmptyInterruptUART()
 *fill*         0x000000000000602e        0x2 
 .text._ZN6SERCOM12initSPIClockE18SercomSpiClockModem
                0x0000000000006030       0x30 /private/var/folders/cs/8k4rd8wn11g9t0b617_34rdr0000gp/T/arduino/sketches/3A68AEB6153E1A6EB0C1632B4D37FC65/../../cores/arduino_samd_mkrwan1310_69f8762d4f40de9fbf6a58e02a638f5b/core.a(SERCOM.cpp.o)
                0x0000000000006030                SERCOM::initSPIClock(SercomSpiClockMode, unsigned long)
 .text._ZN6SERCOM8resetSPIEv
                0x0000000000006060       0x1a /private/var/folders/cs/8k4rd8wn11g9t0b617_34rdr0000gp/T/arduino/sketches/3A68AEB6153E1A6EB0C1632B4D37FC65/../../cores/arduino_samd_mkrwan1310_69f8762d4f40de9fbf6a58e02a638f5b/core.a(SERCOM.cpp.o)
                0x0000000000006060                SERCOM::resetSPI()
 .text._ZN6SERCOM9enableSPIEv
                0x000000000000607a       0x14 /private/var/folders/cs/8k4rd8wn11g9t0b617_34rdr0000gp/T/arduino/sketches/3A68AEB6153E1A6EB0C1632B4D37FC65/../../cores/arduino_samd_mkrwan1310_69f8762d4f40de9fbf6a58e02a638f5b/core.a(SERCOM.cpp.o)
                0x000000000000607a                SERCOM::enableSPI()
 .text._ZN6SERCOM10disableSPIEv
                0x000000000000608e       0x12 /private/var/folders/cs/8k4rd8wn11g9t0b617_34rdr0000gp/T/arduino/sketches/3A68AEB6153E1A6EB0C1632B4D37FC65/../../cores/arduino_samd_mkrwan1310_69f8762d4f40de9fbf6a58e02a638f5b/core.a(SERCOM.cpp.o)
                0x000000000000608e                SERCOM::disableSPI()
 .text._ZN6SERCOM15getDataOrderSPIEv
                0x00000000000060a0        0xa /private/var/folders/cs/8k4rd8wn11g9t0b617_34rdr0000gp/T/arduino/sketches/3A68AEB6153E1A6EB0C1632B4D37FC65/../../cores/arduino_samd_mkrwan1310_69f8762d4f40de9fbf6a58e02a638f5b/core.a(SERCOM.cpp.o)
                0x00000000000060a0                SERCOM::getDataOrderSPI()
 .text._ZN6SERCOM15transferDataSPIEh
                0x00000000000060aa       0x1a /private/var/folders/cs/8k4rd8wn11g9t0b617_34rdr0000gp/T/arduino/sketches/3A68AEB6153E1A6EB0C1632B4D37FC65/../../cores/arduino_samd_mkrwan1310_69f8762d4f40de9fbf6a58e02a638f5b/core.a(SERCOM.cpp.o)
                0x00000000000060aa                SERCOM::transferDataSPI(unsigned char)
 .text._ZN6SERCOM9resetWIREEv
                0x00000000000060c4       0x1a /private/var/folders/cs/8k4rd8wn11g9t0b617_34rdr0000gp/T/arduino/sketches/3A68AEB6153E1A6EB0C1632B4D37FC65/../../cores/arduino_samd_mkrwan1310_69f8762d4f40de9fbf6a58e02a638f5b/core.a(SERCOM.cpp.o)
                0x00000000000060c4                SERCOM::resetWIRE()
 .text._ZN6SERCOM10enableWIREEv
                0x00000000000060de       0x2a /private/var/folders/cs/8k4rd8wn11g9t0b617_34rdr0000gp/T/arduino/sketches/3A68AEB6153E1A6EB0C1632B4D37FC65/../../cores/arduino_samd_mkrwan1310_69f8762d4f40de9fbf6a58e02a638f5b/core.a(SERCOM.cpp.o)
                0x00000000000060de                SERCOM::enableWIRE()
 .text._ZN6SERCOM11disableWIREEv
                0x0000000000006108       0x14 /private/var/folders/cs/8k4rd8wn11g9t0b617_34rdr0000gp/T/arduino/sketches/3A68AEB6153E1A6EB0C1632B4D37FC65/../../cores/arduino_samd_mkrwan1310_69f8762d4f40de9fbf6a58e02a638f5b/core.a(SERCOM.cpp.o)
                0x0000000000006108                SERCOM::disableWIRE()
 .text._ZN6SERCOM18prepareNackBitWIREEv
                0x000000000000611c       0x10 /private/var/folders/cs/8k4rd8wn11g9t0b617_34rdr0000gp/T/arduino/sketches/3A68AEB6153E1A6EB0C1632B4D37FC65/../../cores/arduino_samd_mkrwan1310_69f8762d4f40de9fbf6a58e02a638f5b/core.a(SERCOM.cpp.o)
                0x000000000000611c                SERCOM::prepareNackBitWIRE()
 .text._ZN6SERCOM22prepareCommandBitsWireEh
                0x000000000000612c       0x2c /private/var/folders/cs/8k4rd8wn11g9t0b617_34rdr0000gp/T/arduino/sketches/3A68AEB6153E1A6EB0C1632B4D37FC65/../../cores/arduino_samd_mkrwan1310_69f8762d4f40de9fbf6a58e02a638f5b/core.a(SERCOM.cpp.o)
                0x000000000000612c                SERCOM::prepareCommandBitsWire(unsigned char)
 .text._ZN6SERCOM21startTransmissionWIREEh23SercomWireReadWriteFlag
                0x0000000000006158       0x84 /private/var/folders/cs/8k4rd8wn11g9t0b617_34rdr0000gp/T/arduino/sketches/3A68AEB6153E1A6EB0C1632B4D37FC65/../../cores/arduino_samd_mkrwan1310_69f8762d4f40de9fbf6a58e02a638f5b/core.a(SERCOM.cpp.o)
                0x0000000000006158                SERCOM::startTransmissionWIRE(unsigned char, SercomWireReadWriteFlag)
 .text._ZN6SERCOM18sendDataMasterWIREEh
                0x00000000000061dc       0x30 /private/var/folders/cs/8k4rd8wn11g9t0b617_34rdr0000gp/T/arduino/sketches/3A68AEB6153E1A6EB0C1632B4D37FC65/../../cores/arduino_samd_mkrwan1310_69f8762d4f40de9fbf6a58e02a638f5b/core.a(SERCOM.cpp.o)
                0x00000000000061dc                SERCOM::sendDataMasterWIRE(unsigned char)
 .text._ZN6SERCOM12readDataWIREEv
                0x000000000000620c       0x20 /private/var/folders/cs/8k4rd8wn11g9t0b617_34rdr0000gp/T/arduino/sketches/3A68AEB6153E1A6EB0C1632B4D37FC65/../../cores/arduino_samd_mkrwan1310_69f8762d4f40de9fbf6a58e02a638f5b/core.a(SERCOM.cpp.o)
                0x000000000000620c                SERCOM::readDataWIRE()
 .text._ZN6SERCOM13initClockNVICEv
                0x000000000000622c       0xa8 /private/var/folders/cs/8k4rd8wn11g9t0b617_34rdr0000gp/T/arduino/sketches/3A68AEB6153E1A6EB0C1632B4D37FC65/../../cores/arduino_samd_mkrwan1310_69f8762d4f40de9fbf6a58e02a638f5b/core.a(SERCOM.cpp.o)
                0x000000000000622c                SERCOM::initClockNVIC()
 .text._ZN6SERCOM8initUARTE14SercomUartMode20SercomUartSampleRatem
                0x00000000000062d4       0x6c /private/var/folders/cs/8k4rd8wn11g9t0b617_34rdr0000gp/T/arduino/sketches/3A68AEB6153E1A6EB0C1632B4D37FC65/../../cores/arduino_samd_mkrwan1310_69f8762d4f40de9fbf6a58e02a638f5b/core.a(SERCOM.cpp.o)
                0x00000000000062d4                SERCOM::initUART(SercomUartMode, SercomUartSampleRate, unsigned long)
 .text._ZN6SERCOM7initSPIE14SercomSpiTXPad11SercomRXPad17SercomSpiCharSize15SercomDataOrder
                0x0000000000006340       0x4a /private/var/folders/cs/8k4rd8wn11g9t0b617_34rdr0000gp/T/arduino/sketches/3A68AEB6153E1A6EB0C1632B4D37FC65/../../cores/arduino_samd_mkrwan1310_69f8762d4f40de9fbf6a58e02a638f5b/core.a(SERCOM.cpp.o)
                0x0000000000006340                SERCOM::initSPI(SercomSpiTXPad, SercomRXPad, SercomSpiCharSize, SercomDataOrder)
 *fill*         0x000000000000638a        0x2 
 .text._ZN6SERCOM14initMasterWIREEm
                0x000000000000638c       0x54 /private/var/folders/cs/8k4rd8wn11g9t0b617_34rdr0000gp/T/arduino/sketches/3A68AEB6153E1A6EB0C1632B4D37FC65/../../cores/arduino_samd_mkrwan1310_69f8762d4f40de9fbf6a58e02a638f5b/core.a(SERCOM.cpp.o)
                0x000000000000638c                SERCOM::initMasterWIRE(unsigned long)
 .text._ZN7Serial_13getDescriptorERN7arduino8USBSetupE
                0x00000000000063e0        0x4 /private/var/folders/cs/8k4rd8wn11g9t0b617_34rdr0000gp/T/arduino/sketches/3A68AEB6153E1A6EB0C1632B4D37FC65/../../cores/arduino_samd_mkrwan1310_69f8762d4f40de9fbf6a58e02a638f5b/core.a(CDC.cpp.o)
                0x00000000000063e0                Serial_::getDescriptor(arduino::USBSetup&)
 .text._ZL5utox8mPc
                0x00000000000063e4       0x24 /private/var/folders/cs/8k4rd8wn11g9t0b617_34rdr0000gp/T/arduino/sketches/3A68AEB6153E1A6EB0C1632B4D37FC65/../../cores/arduino_samd_mkrwan1310_69f8762d4f40de9fbf6a58e02a638f5b/core.a(CDC.cpp.o)
 .text._ZN7Serial_12getShortNameEPc
                0x0000000000006408       0x44 /private/var/folders/cs/8k4rd8wn11g9t0b617_34rdr0000gp/T/arduino/sketches/3A68AEB6153E1A6EB0C1632B4D37FC65/../../cores/arduino_samd_mkrwan1310_69f8762d4f40de9fbf6a58e02a638f5b/core.a(CDC.cpp.o)
                0x0000000000006408                Serial_::getShortName(char*)
 .text._ZThn16_N7Serial_12getShortNameEPc
                0x000000000000644c       0x10 /private/var/folders/cs/8k4rd8wn11g9t0b617_34rdr0000gp/T/arduino/sketches/3A68AEB6153E1A6EB0C1632B4D37FC65/../../cores/arduino_samd_mkrwan1310_69f8762d4f40de9fbf6a58e02a638f5b/core.a(CDC.cpp.o)
                0x000000000000644c                non-virtual thunk to Serial_::getShortName(char*)
 .text._ZN7Serial_5beginEm
                0x000000000000645c        0x2 /private/var/folders/cs/8k4rd8wn11g9t0b617_34rdr0000gp/T/arduino/sketches/3A68AEB6153E1A6EB0C1632B4D37FC65/../../cores/arduino_samd_mkrwan1310_69f8762d4f40de9fbf6a58e02a638f5b/core.a(CDC.cpp.o)
                0x000000000000645c                Serial_::begin(unsigned long)
 .text._ZN7Serial_5beginEmt
                0x000000000000645e        0x2 /private/var/folders/cs/8k4rd8wn11g9t0b617_34rdr0000gp/T/arduino/sketches/3A68AEB6153E1A6EB0C1632B4D37FC65/../../cores/arduino_samd_mkrwan1310_69f8762d4f40de9fbf6a58e02a638f5b/core.a(CDC.cpp.o)
                0x000000000000645e                Serial_::begin(unsigned long, unsigned short)
 .text._ZN7Serial_17availableForWriteEv
                0x0000000000006460        0x4 /private/var/folders/cs/8k4rd8wn11g9t0b617_34rdr0000gp/T/arduino/sketches/3A68AEB6153E1A6EB0C1632B4D37FC65/../../cores/arduino_samd_mkrwan1310_69f8762d4f40de9fbf6a58e02a638f5b/core.a(CDC.cpp.o)
                0x0000000000006460                Serial_::availableForWrite()
 .text._ZN7Serial_5writeEh
                0x0000000000006464       0x14 /private/var/folders/cs/8k4rd8wn11g9t0b617_34rdr0000gp/T/arduino/sketches/3A68AEB6153E1A6EB0C1632B4D37FC65/../../cores/arduino_samd_mkrwan1310_69f8762d4f40de9fbf6a58e02a638f5b/core.a(CDC.cpp.o)
                0x0000000000006464                Serial_::write(unsigned char)
 .text._ZN7Serial_12getInterfaceEPh
                0x0000000000006478      0x11c /private/var/folders/cs/8k4rd8wn11g9t0b617_34rdr0000gp/T/arduino/sketches/3A68AEB6153E1A6EB0C1632B4D37FC65/../../cores/arduino_samd_mkrwan1310_69f8762d4f40de9fbf6a58e02a638f5b/core.a(CDC.cpp.o)
                0x0000000000006478                Serial_::getInterface(unsigned char*)
 .text._ZThn16_N7Serial_12getInterfaceEPh
                0x0000000000006594       0x10 /private/var/folders/cs/8k4rd8wn11g9t0b617_34rdr0000gp/T/arduino/sketches/3A68AEB6153E1A6EB0C1632B4D37FC65/../../cores/arduino_samd_mkrwan1310_69f8762d4f40de9fbf6a58e02a638f5b/core.a(CDC.cpp.o)
                0x0000000000006594                non-virtual thunk to Serial_::getInterface(unsigned char*)
 .text._ZN7Serial_5setupERN7arduino8USBSetupE
                0x00000000000065a4       0x98 /private/var/folders/cs/8k4rd8wn11g9t0b617_34rdr0000gp/T/arduino/sketches/3A68AEB6153E1A6EB0C1632B4D37FC65/../../cores/arduino_samd_mkrwan1310_69f8762d4f40de9fbf6a58e02a638f5b/core.a(CDC.cpp.o)
                0x00000000000065a4                Serial_::setup(arduino::USBSetup&)
 .text._ZThn16_N7Serial_5setupERN7arduino8USBSetupE
                0x000000000000663c       0x10 /private/var/folders/cs/8k4rd8wn11g9t0b617_34rdr0000gp/T/arduino/sketches/3A68AEB6153E1A6EB0C1632B4D37FC65/../../cores/arduino_samd_mkrwan1310_69f8762d4f40de9fbf6a58e02a638f5b/core.a(CDC.cpp.o)
                0x000000000000663c                non-virtual thunk to Serial_::setup(arduino::USBSetup&)
 .text._ZN7Serial_3endEv
                0x000000000000664c       0x14 /private/var/folders/cs/8k4rd8wn11g9t0b617_34rdr0000gp/T/arduino/sketches/3A68AEB6153E1A6EB0C1632B4D37FC65/../../cores/arduino_samd_mkrwan1310_69f8762d4f40de9fbf6a58e02a638f5b/core.a(CDC.cpp.o)
                0x000000000000664c                Serial_::end()
 .text._ZN7Serial_9availableEv
                0x0000000000006660       0x20 /private/var/folders/cs/8k4rd8wn11g9t0b617_34rdr0000gp/T/arduino/sketches/3A68AEB6153E1A6EB0C1632B4D37FC65/../../cores/arduino_samd_mkrwan1310_69f8762d4f40de9fbf6a58e02a638f5b/core.a(CDC.cpp.o)
                0x0000000000006660                Serial_::available()
 .text._ZN7Serial_5flushEv
                0x0000000000006680        0xe /private/var/folders/cs/8k4rd8wn11g9t0b617_34rdr0000gp/T/arduino/sketches/3A68AEB6153E1A6EB0C1632B4D37FC65/../../cores/arduino_samd_mkrwan1310_69f8762d4f40de9fbf6a58e02a638f5b/core.a(CDC.cpp.o)
                0x0000000000006680                Serial_::flush()
 .text._ZN7Serial_5clearEv
                0x000000000000668e        0xe /private/var/folders/cs/8k4rd8wn11g9t0b617_34rdr0000gp/T/arduino/sketches/3A68AEB6153E1A6EB0C1632B4D37FC65/../../cores/arduino_samd_mkrwan1310_69f8762d4f40de9fbf6a58e02a638f5b/core.a(CDC.cpp.o)
                0x000000000000668e                Serial_::clear()
 .text._ZN7Serial_5writeEPKhj
                0x000000000000669c       0x1e /private/var/folders/cs/8k4rd8wn11g9t0b617_34rdr0000gp/T/arduino/sketches/3A68AEB6153E1A6EB0C1632B4D37FC65/../../cores/arduino_samd_mkrwan1310_69f8762d4f40de9fbf6a58e02a638f5b/core.a(CDC.cpp.o)
                0x000000000000669c                Serial_::write(unsigned char const*, unsigned int)
 *fill*         0x00000000000066ba        0x2 
 .text._ZN7Serial_4peekEv
                0x00000000000066bc       0x1c /private/var/folders/cs/8k4rd8wn11g9t0b617_34rdr0000gp/T/arduino/sketches/3A68AEB6153E1A6EB0C1632B4D37FC65/../../cores/arduino_samd_mkrwan1310_69f8762d4f40de9fbf6a58e02a638f5b/core.a(CDC.cpp.o)
                0x00000000000066bc                Serial_::peek()
 .text._ZN7Serial_4readEv
                0x00000000000066d8       0x24 /private/var/folders/cs/8k4rd8wn11g9t0b617_34rdr0000gp/T/arduino/sketches/3A68AEB6153E1A6EB0C1632B4D37FC65/../../cores/arduino_samd_mkrwan1310_69f8762d4f40de9fbf6a58e02a638f5b/core.a(CDC.cpp.o)
                0x00000000000066d8                Serial_::read()
 .text._ZN7Serial_cvbEv
                0x00000000000066fc       0x28 /private/var/folders/cs/8k4rd8wn11g9t0b617_34rdr0000gp/T/arduino/sketches/3A68AEB6153E1A6EB0C1632B4D37FC65/../../cores/arduino_samd_mkrwan1310_69f8762d4f40de9fbf6a58e02a638f5b/core.a(CDC.cpp.o)
                0x00000000000066fc                Serial_::operator bool()
 .text._ZThn16_N7Serial_13getDescriptorERN7arduino8USBSetupE
                0x0000000000006724        0x4 /private/var/folders/cs/8k4rd8wn11g9t0b617_34rdr0000gp/T/arduino/sketches/3A68AEB6153E1A6EB0C1632B4D37FC65/../../cores/arduino_samd_mkrwan1310_69f8762d4f40de9fbf6a58e02a638f5b/core.a(CDC.cpp.o)
                0x0000000000006724                non-virtual thunk to Serial_::getDescriptor(arduino::USBSetup&)
 .text.resetExternalChip
                0x0000000000006728        0x2 /private/var/folders/cs/8k4rd8wn11g9t0b617_34rdr0000gp/T/arduino/sketches/3A68AEB6153E1A6EB0C1632B4D37FC65/../../cores/arduino_samd_mkrwan1310_69f8762d4f40de9fbf6a58e02a638f5b/core.a(CDC.cpp.o)
                0x0000000000006728                resetExternalChip
 .text._ZN7Serial_14handleEndpointEi
                0x000000000000672a        0x2 /private/var/folders/cs/8k4rd8wn11g9t0b617_34rdr0000gp/T/arduino/sketches/3A68AEB6153E1A6EB0C1632B4D37FC65/../../cores/arduino_samd_mkrwan1310_69f8762d4f40de9fbf6a58e02a638f5b/core.a(CDC.cpp.o)
                0x000000000000672a                Serial_::handleEndpoint(int)
 .text._ZN7Serial_C2ER14USBDeviceClass
                0x000000000000672c       0x50 /private/var/folders/cs/8k4rd8wn11g9t0b617_34rdr0000gp/T/arduino/sketches/3A68AEB6153E1A6EB0C1632B4D37FC65/../../cores/arduino_samd_mkrwan1310_69f8762d4f40de9fbf6a58e02a638f5b/core.a(CDC.cpp.o)
                0x000000000000672c                Serial_::Serial_(USBDeviceClass&)
                0x000000000000672c                Serial_::Serial_(USBDeviceClass&)
 .text._ZN7Serial_15enableInterruptEv
                0x000000000000677c       0x30 /private/var/folders/cs/8k4rd8wn11g9t0b617_34rdr0000gp/T/arduino/sketches/3A68AEB6153E1A6EB0C1632B4D37FC65/../../cores/arduino_samd_mkrwan1310_69f8762d4f40de9fbf6a58e02a638f5b/core.a(CDC.cpp.o)
                0x000000000000677c                Serial_::enableInterrupt()
 .text.startup._GLOBAL__sub_I__ZN7Serial_12getInterfaceEPh
                0x00000000000067ac       0x14 /private/var/folders/cs/8k4rd8wn11g9t0b617_34rdr0000gp/T/arduino/sketches/3A68AEB6153E1A6EB0C1632B4D37FC65/../../cores/arduino_samd_mkrwan1310_69f8762d4f40de9fbf6a58e02a638f5b/core.a(CDC.cpp.o)
 .text._ZN26DoubleBufferedEPOutHandlerD2Ev
                0x00000000000067c0        0x2 /private/var/folders/cs/8k4rd8wn11g9t0b617_34rdr0000gp/T/arduino/sketches/3A68AEB6153E1A6EB0C1632B4D37FC65/../../cores/arduino_samd_mkrwan1310_69f8762d4f40de9fbf6a58e02a638f5b/core.a(USBCore.cpp.o)
                0x00000000000067c0                DoubleBufferedEPOutHandler::~DoubleBufferedEPOutHandler()
                0x00000000000067c0                DoubleBufferedEPOutHandler::~DoubleBufferedEPOutHandler()
 .text._ZN26DoubleBufferedEPOutHandlerD0Ev
                0x00000000000067c2        0xc /private/var/folders/cs/8k4rd8wn11g9t0b617_34rdr0000gp/T/arduino/sketches/3A68AEB6153E1A6EB0C1632B4D37FC65/../../cores/arduino_samd_mkrwan1310_69f8762d4f40de9fbf6a58e02a638f5b/core.a(USBCore.cpp.o)
                0x00000000000067c2                DoubleBufferedEPOutHandler::~DoubleBufferedEPOutHandler()
 *fill*         0x00000000000067ce        0x2 
 .text._ZN14USBDeviceClass6initEPEmm.part.7
                0x00000000000067d0       0xc4 /private/var/folders/cs/8k4rd8wn11g9t0b617_34rdr0000gp/T/arduino/sketches/3A68AEB6153E1A6EB0C1632B4D37FC65/../../cores/arduino_samd_mkrwan1310_69f8762d4f40de9fbf6a58e02a638f5b/core.a(USBCore.cpp.o)
 .text._ZN7__GuardC2Ev
                0x0000000000006894        0xe /private/var/folders/cs/8k4rd8wn11g9t0b617_34rdr0000gp/T/arduino/sketches/3A68AEB6153E1A6EB0C1632B4D37FC65/../../cores/arduino_samd_mkrwan1310_69f8762d4f40de9fbf6a58e02a638f5b/core.a(USBCore.cpp.o)
                0x0000000000006894                __Guard::__Guard()
                0x0000000000006894                __Guard::__Guard()
 .text._ZN7__GuardD2Ev
                0x00000000000068a2        0xe /private/var/folders/cs/8k4rd8wn11g9t0b617_34rdr0000gp/T/arduino/sketches/3A68AEB6153E1A6EB0C1632B4D37FC65/../../cores/arduino_samd_mkrwan1310_69f8762d4f40de9fbf6a58e02a638f5b/core.a(USBCore.cpp.o)
                0x00000000000068a2                __Guard::~__Guard()
                0x00000000000068a2                __Guard::~__Guard()
 .text._ZNK26DoubleBufferedEPOutHandler10_availableEv
                0x00000000000068b0       0x70 /private/var/folders/cs/8k4rd8wn11g9t0b617_34rdr0000gp/T/arduino/sketches/3A68AEB6153E1A6EB0C1632B4D37FC65/../../cores/arduino_samd_mkrwan1310_69f8762d4f40de9fbf6a58e02a638f5b/core.a(USBCore.cpp.o)
                0x00000000000068b0                DoubleBufferedEPOutHandler::_available() const
 .text._ZN26DoubleBufferedEPOutHandler7releaseEv
                0x0000000000006920       0x38 /private/var/folders/cs/8k4rd8wn11g9t0b617_34rdr0000gp/T/arduino/sketches/3A68AEB6153E1A6EB0C1632B4D37FC65/../../cores/arduino_samd_mkrwan1310_69f8762d4f40de9fbf6a58e02a638f5b/core.a(USBCore.cpp.o)
                0x0000000000006920                DoubleBufferedEPOutHandler::release()
 .text._ZN26DoubleBufferedEPOutHandler14handleEndpointEv
                0x0000000000006958       0xe2 /private/var/folders/cs/8k4rd8wn11g9t0b617_34rdr0000gp/T/arduino/sketches/3A68AEB6153E1A6EB0C1632B4D37FC65/../../cores/arduino_samd_mkrwan1310_69f8762d4f40de9fbf6a58e02a638f5b/core.a(USBCore.cpp.o)
                0x0000000000006958                DoubleBufferedEPOutHandler::handleEndpoint()
 .text._ZN14USBDeviceClass14SendInterfacesEPm
                0x0000000000006a3a       0x20 /private/var/folders/cs/8k4rd8wn11g9t0b617_34rdr0000gp/T/arduino/sketches/3A68AEB6153E1A6EB0C1632B4D37FC65/../../cores/arduino_samd_mkrwan1310_69f8762d4f40de9fbf6a58e02a638f5b/core.a(USBCore.cpp.o)
                0x0000000000006a3a                USBDeviceClass::SendInterfaces(unsigned long*)
 *fill*         0x0000000000006a5a        0x2 
 .text._ZN14USBDeviceClass6attachEv
                0x0000000000006a5c       0x34 /private/var/folders/cs/8k4rd8wn11g9t0b617_34rdr0000gp/T/arduino/sketches/3A68AEB6153E1A6EB0C1632B4D37FC65/../../cores/arduino_samd_mkrwan1310_69f8762d4f40de9fbf6a58e02a638f5b/core.a(USBCore.cpp.o)
                0x0000000000006a5c                USBDeviceClass::attach()
 .text._ZN14USBDeviceClass10setAddressEm
                0x0000000000006a90       0x48 /private/var/folders/cs/8k4rd8wn11g9t0b617_34rdr0000gp/T/arduino/sketches/3A68AEB6153E1A6EB0C1632B4D37FC65/../../cores/arduino_samd_mkrwan1310_69f8762d4f40de9fbf6a58e02a638f5b/core.a(USBCore.cpp.o)
                0x0000000000006a90                USBDeviceClass::setAddress(unsigned long)
 .text._ZN14USBDeviceClass25handleClassInterfaceSetupERN7arduino8USBSetupE
                0x0000000000006ad8       0x24 /private/var/folders/cs/8k4rd8wn11g9t0b617_34rdr0000gp/T/arduino/sketches/3A68AEB6153E1A6EB0C1632B4D37FC65/../../cores/arduino_samd_mkrwan1310_69f8762d4f40de9fbf6a58e02a638f5b/core.a(USBCore.cpp.o)
                0x0000000000006ad8                USBDeviceClass::handleClassInterfaceSetup(arduino::USBSetup&)
 .text._ZN14USBDeviceClass6initEPEmm
                0x0000000000006afc      0x10c /private/var/folders/cs/8k4rd8wn11g9t0b617_34rdr0000gp/T/arduino/sketches/3A68AEB6153E1A6EB0C1632B4D37FC65/../../cores/arduino_samd_mkrwan1310_69f8762d4f40de9fbf6a58e02a638f5b/core.a(USBCore.cpp.o)
                0x0000000000006afc                USBDeviceClass::initEP(unsigned long, unsigned long)
 .text._ZN14USBDeviceClass13initEndpointsEv
                0x0000000000006c08       0x24 /private/var/folders/cs/8k4rd8wn11g9t0b617_34rdr0000gp/T/arduino/sketches/3A68AEB6153E1A6EB0C1632B4D37FC65/../../cores/arduino_samd_mkrwan1310_69f8762d4f40de9fbf6a58e02a638f5b/core.a(USBCore.cpp.o)
                0x0000000000006c08                USBDeviceClass::initEndpoints()
 .text._ZN14USBDeviceClass5clearEm
                0x0000000000006c2c       0x38 /private/var/folders/cs/8k4rd8wn11g9t0b617_34rdr0000gp/T/arduino/sketches/3A68AEB6153E1A6EB0C1632B4D37FC65/../../cores/arduino_samd_mkrwan1310_69f8762d4f40de9fbf6a58e02a638f5b/core.a(USBCore.cpp.o)
                0x0000000000006c2c                USBDeviceClass::clear(unsigned long)
 .text._ZN14USBDeviceClass9availableEm
                0x0000000000006c64       0x2c /private/var/folders/cs/8k4rd8wn11g9t0b617_34rdr0000gp/T/arduino/sketches/3A68AEB6153E1A6EB0C1632B4D37FC65/../../cores/arduino_samd_mkrwan1310_69f8762d4f40de9fbf6a58e02a638f5b/core.a(USBCore.cpp.o)
                0x0000000000006c64                USBDeviceClass::available(unsigned long)
 .text._ZN14USBDeviceClass5flushEm
                0x0000000000006c90       0x2c /private/var/folders/cs/8k4rd8wn11g9t0b617_34rdr0000gp/T/arduino/sketches/3A68AEB6153E1A6EB0C1632B4D37FC65/../../cores/arduino_samd_mkrwan1310_69f8762d4f40de9fbf6a58e02a638f5b/core.a(USBCore.cpp.o)
                0x0000000000006c90                USBDeviceClass::flush(unsigned long)
 .text._ZN14USBDeviceClass4recvEmPvm
                0x0000000000006cbc       0xc0 /private/var/folders/cs/8k4rd8wn11g9t0b617_34rdr0000gp/T/arduino/sketches/3A68AEB6153E1A6EB0C1632B4D37FC65/../../cores/arduino_samd_mkrwan1310_69f8762d4f40de9fbf6a58e02a638f5b/core.a(USBCore.cpp.o)
                0x0000000000006cbc                USBDeviceClass::recv(unsigned long, void*, unsigned long)
 .text._ZN14USBDeviceClass4recvEm
                0x0000000000006d7c       0x1c /private/var/folders/cs/8k4rd8wn11g9t0b617_34rdr0000gp/T/arduino/sketches/3A68AEB6153E1A6EB0C1632B4D37FC65/../../cores/arduino_samd_mkrwan1310_69f8762d4f40de9fbf6a58e02a638f5b/core.a(USBCore.cpp.o)
                0x0000000000006d7c                USBDeviceClass::recv(unsigned long)
 .text._ZN14USBDeviceClass14armRecvCtrlOUTEm
                0x0000000000006d98       0x5c /private/var/folders/cs/8k4rd8wn11g9t0b617_34rdr0000gp/T/arduino/sketches/3A68AEB6153E1A6EB0C1632B4D37FC65/../../cores/arduino_samd_mkrwan1310_69f8762d4f40de9fbf6a58e02a638f5b/core.a(USBCore.cpp.o)
                0x0000000000006d98                USBDeviceClass::armRecvCtrlOUT(unsigned long)
 .text._ZN14USBDeviceClass11recvControlEPvm
                0x0000000000006df4       0x28 /private/var/folders/cs/8k4rd8wn11g9t0b617_34rdr0000gp/T/arduino/sketches/3A68AEB6153E1A6EB0C1632B4D37FC65/../../cores/arduino_samd_mkrwan1310_69f8762d4f40de9fbf6a58e02a638f5b/core.a(USBCore.cpp.o)
                0x0000000000006df4                USBDeviceClass::recvControl(void*, unsigned long)
 .text._ZN14USBDeviceClass4sendEmPKvm
                0x0000000000006e1c      0x10c /private/var/folders/cs/8k4rd8wn11g9t0b617_34rdr0000gp/T/arduino/sketches/3A68AEB6153E1A6EB0C1632B4D37FC65/../../cores/arduino_samd_mkrwan1310_69f8762d4f40de9fbf6a58e02a638f5b/core.a(USBCore.cpp.o)
                0x0000000000006e1c                USBDeviceClass::send(unsigned long, void const*, unsigned long)
 .text._ZN14USBDeviceClass7armSendEmPKvm
                0x0000000000006f28       0x48 /private/var/folders/cs/8k4rd8wn11g9t0b617_34rdr0000gp/T/arduino/sketches/3A68AEB6153E1A6EB0C1632B4D37FC65/../../cores/arduino_samd_mkrwan1310_69f8762d4f40de9fbf6a58e02a638f5b/core.a(USBCore.cpp.o)
                0x0000000000006f28                USBDeviceClass::armSend(unsigned long, void const*, unsigned long)
 .text._ZN14USBDeviceClass11sendControlEPKvm
                0x0000000000006f70       0x54 /private/var/folders/cs/8k4rd8wn11g9t0b617_34rdr0000gp/T/arduino/sketches/3A68AEB6153E1A6EB0C1632B4D37FC65/../../cores/arduino_samd_mkrwan1310_69f8762d4f40de9fbf6a58e02a638f5b/core.a(USBCore.cpp.o)
                0x0000000000006f70                USBDeviceClass::sendControl(void const*, unsigned long)
 .text._ZN14USBDeviceClass20sendStringDescriptorEPKhm
                0x0000000000006fc4       0x64 /private/var/folders/cs/8k4rd8wn11g9t0b617_34rdr0000gp/T/arduino/sketches/3A68AEB6153E1A6EB0C1632B4D37FC65/../../cores/arduino_samd_mkrwan1310_69f8762d4f40de9fbf6a58e02a638f5b/core.a(USBCore.cpp.o)
                0x0000000000006fc4                USBDeviceClass::sendStringDescriptor(unsigned char const*, unsigned long)
 .text._ZN14USBDeviceClass17sendConfigurationEm
                0x0000000000007028       0x80 /private/var/folders/cs/8k4rd8wn11g9t0b617_34rdr0000gp/T/arduino/sketches/3A68AEB6153E1A6EB0C1632B4D37FC65/../../cores/arduino_samd_mkrwan1310_69f8762d4f40de9fbf6a58e02a638f5b/core.a(USBCore.cpp.o)
                0x0000000000007028                USBDeviceClass::sendConfiguration(unsigned long)
 .text._ZN14USBDeviceClass14sendDescriptorERN7arduino8USBSetupE
                0x00000000000070a8       0xd8 /private/var/folders/cs/8k4rd8wn11g9t0b617_34rdr0000gp/T/arduino/sketches/3A68AEB6153E1A6EB0C1632B4D37FC65/../../cores/arduino_samd_mkrwan1310_69f8762d4f40de9fbf6a58e02a638f5b/core.a(USBCore.cpp.o)
                0x00000000000070a8                USBDeviceClass::sendDescriptor(arduino::USBSetup&)
 .text._ZN14USBDeviceClass7sendZlpEm
                0x0000000000007180       0x18 /private/var/folders/cs/8k4rd8wn11g9t0b617_34rdr0000gp/T/arduino/sketches/3A68AEB6153E1A6EB0C1632B4D37FC65/../../cores/arduino_samd_mkrwan1310_69f8762d4f40de9fbf6a58e02a638f5b/core.a(USBCore.cpp.o)
                0x0000000000007180                USBDeviceClass::sendZlp(unsigned long)
 .text._ZN14USBDeviceClass19handleStandardSetupERN7arduino8USBSetupE
                0x0000000000007198       0xf0 /private/var/folders/cs/8k4rd8wn11g9t0b617_34rdr0000gp/T/arduino/sketches/3A68AEB6153E1A6EB0C1632B4D37FC65/../../cores/arduino_samd_mkrwan1310_69f8762d4f40de9fbf6a58e02a638f5b/core.a(USBCore.cpp.o)
                0x0000000000007198                USBDeviceClass::handleStandardSetup(arduino::USBSetup&)
 .text._ZN14USBDeviceClass10ISRHandlerEv
                0x0000000000007288      0x108 /private/var/folders/cs/8k4rd8wn11g9t0b617_34rdr0000gp/T/arduino/sketches/3A68AEB6153E1A6EB0C1632B4D37FC65/../../cores/arduino_samd_mkrwan1310_69f8762d4f40de9fbf6a58e02a638f5b/core.a(USBCore.cpp.o)
                0x0000000000007288                USBDeviceClass::ISRHandler()
 .text.UDD_Handler
                0x0000000000007390       0x10 /private/var/folders/cs/8k4rd8wn11g9t0b617_34rdr0000gp/T/arduino/sketches/3A68AEB6153E1A6EB0C1632B4D37FC65/../../cores/arduino_samd_mkrwan1310_69f8762d4f40de9fbf6a58e02a638f5b/core.a(USBCore.cpp.o)
                0x0000000000007390                UDD_Handler
 .text._ZN7arduino13PluggableUSB_C2Ev
                0x00000000000073a0       0x10 /private/var/folders/cs/8k4rd8wn11g9t0b617_34rdr0000gp/T/arduino/sketches/3A68AEB6153E1A6EB0C1632B4D37FC65/../../cores/arduino_samd_mkrwan1310_69f8762d4f40de9fbf6a58e02a638f5b/core.a(USBCore.cpp.o)
                0x00000000000073a0                arduino::PluggableUSB_::PluggableUSB_()
                0x00000000000073a0                arduino::PluggableUSB_::PluggableUSB_()
 .text._Z8epBufferj
                0x00000000000073b0        0xc /private/var/folders/cs/8k4rd8wn11g9t0b617_34rdr0000gp/T/arduino/sketches/3A68AEB6153E1A6EB0C1632B4D37FC65/../../cores/arduino_samd_mkrwan1310_69f8762d4f40de9fbf6a58e02a638f5b/core.a(USBCore.cpp.o)
                0x00000000000073b0                epBuffer(unsigned int)
 .text._ZN7arduino11RingBufferNILi64EE10store_charEh
                0x00000000000073bc       0x1c /private/var/folders/cs/8k4rd8wn11g9t0b617_34rdr0000gp/T/arduino/sketches/3A68AEB6153E1A6EB0C1632B4D37FC65/../../cores/arduino_samd_mkrwan1310_69f8762d4f40de9fbf6a58e02a638f5b/core.a(USBCore.cpp.o)
                0x00000000000073bc                arduino::RingBufferN<64>::store_char(unsigned char)
 .text._ZN26DoubleBufferedEPOutHandler5_recvEv
                0x00000000000073d8      0x15e /private/var/folders/cs/8k4rd8wn11g9t0b617_34rdr0000gp/T/arduino/sketches/3A68AEB6153E1A6EB0C1632B4D37FC65/../../cores/arduino_samd_mkrwan1310_69f8762d4f40de9fbf6a58e02a638f5b/core.a(USBCore.cpp.o)
                0x00000000000073d8                DoubleBufferedEPOutHandler::_recv()
 .text._ZN26DoubleBufferedEPOutHandler9availableEv
                0x0000000000007536        0xc /private/var/folders/cs/8k4rd8wn11g9t0b617_34rdr0000gp/T/arduino/sketches/3A68AEB6153E1A6EB0C1632B4D37FC65/../../cores/arduino_samd_mkrwan1310_69f8762d4f40de9fbf6a58e02a638f5b/core.a(USBCore.cpp.o)
                0x0000000000007536                DoubleBufferedEPOutHandler::available()
 .text._ZN26DoubleBufferedEPOutHandler4peekEv
                0x0000000000007542       0x1c /private/var/folders/cs/8k4rd8wn11g9t0b617_34rdr0000gp/T/arduino/sketches/3A68AEB6153E1A6EB0C1632B4D37FC65/../../cores/arduino_samd_mkrwan1310_69f8762d4f40de9fbf6a58e02a638f5b/core.a(USBCore.cpp.o)
                0x0000000000007542                DoubleBufferedEPOutHandler::peek()
 .text._ZN26DoubleBufferedEPOutHandler4recvEPvm
                0x000000000000755e       0x60 /private/var/folders/cs/8k4rd8wn11g9t0b617_34rdr0000gp/T/arduino/sketches/3A68AEB6153E1A6EB0C1632B4D37FC65/../../cores/arduino_samd_mkrwan1310_69f8762d4f40de9fbf6a58e02a638f5b/core.a(USBCore.cpp.o)
                0x000000000000755e                DoubleBufferedEPOutHandler::recv(void*, unsigned long)
 *fill*         0x00000000000075be        0x2 
 .text.startup._GLOBAL__sub_I_usbd
                0x00000000000075c0       0x10 /private/var/folders/cs/8k4rd8wn11g9t0b617_34rdr0000gp/T/arduino/sketches/3A68AEB6153E1A6EB0C1632B4D37FC65/../../cores/arduino_samd_mkrwan1310_69f8762d4f40de9fbf6a58e02a638f5b/core.a(USBCore.cpp.o)
 .text._ZN14USBDeviceClass4initEv
                0x00000000000075d0      0x15c /private/var/folders/cs/8k4rd8wn11g9t0b617_34rdr0000gp/T/arduino/sketches/3A68AEB6153E1A6EB0C1632B4D37FC65/../../cores/arduino_samd_mkrwan1310_69f8762d4f40de9fbf6a58e02a638f5b/core.a(USBCore.cpp.o)
                0x00000000000075d0                USBDeviceClass::init()
 .text._ZN4UartcvbEv
                0x000000000000772c        0x4 /private/var/folders/cs/8k4rd8wn11g9t0b617_34rdr0000gp/T/arduino/sketches/3A68AEB6153E1A6EB0C1632B4D37FC65/../../cores/arduino_samd_mkrwan1310_69f8762d4f40de9fbf6a58e02a638f5b/core.a(Uart.cpp.o)
                0x000000000000772c                Uart::operator bool()
 .text._ZN4Uart5beginEm
                0x0000000000007730       0x10 /private/var/folders/cs/8k4rd8wn11g9t0b617_34rdr0000gp/T/arduino/sketches/3A68AEB6153E1A6EB0C1632B4D37FC65/../../cores/arduino_samd_mkrwan1310_69f8762d4f40de9fbf6a58e02a638f5b/core.a(Uart.cpp.o)
                0x0000000000007730                Uart::begin(unsigned long)
 .text._ZN4Uart9availableEv
                0x0000000000007740        0x6 /private/var/folders/cs/8k4rd8wn11g9t0b617_34rdr0000gp/T/arduino/sketches/3A68AEB6153E1A6EB0C1632B4D37FC65/../../cores/arduino_samd_mkrwan1310_69f8762d4f40de9fbf6a58e02a638f5b/core.a(Uart.cpp.o)
                0x0000000000007740                Uart::available()
 .text._ZN4Uart17availableForWriteEv
                0x0000000000007746       0x10 /private/var/folders/cs/8k4rd8wn11g9t0b617_34rdr0000gp/T/arduino/sketches/3A68AEB6153E1A6EB0C1632B4D37FC65/../../cores/arduino_samd_mkrwan1310_69f8762d4f40de9fbf6a58e02a638f5b/core.a(Uart.cpp.o)
                0x0000000000007746                Uart::availableForWrite()
 .text._ZN4Uart4peekEv
                0x0000000000007756       0x18 /private/var/folders/cs/8k4rd8wn11g9t0b617_34rdr0000gp/T/arduino/sketches/3A68AEB6153E1A6EB0C1632B4D37FC65/../../cores/arduino_samd_mkrwan1310_69f8762d4f40de9fbf6a58e02a638f5b/core.a(Uart.cpp.o)
                0x0000000000007756                Uart::peek()
 .text._ZN4Uart3endEv
                0x000000000000776e       0x24 /private/var/folders/cs/8k4rd8wn11g9t0b617_34rdr0000gp/T/arduino/sketches/3A68AEB6153E1A6EB0C1632B4D37FC65/../../cores/arduino_samd_mkrwan1310_69f8762d4f40de9fbf6a58e02a638f5b/core.a(Uart.cpp.o)
                0x000000000000776e                Uart::end()
 .text._ZN4Uart5flushEv
                0x0000000000007792       0x16 /private/var/folders/cs/8k4rd8wn11g9t0b617_34rdr0000gp/T/arduino/sketches/3A68AEB6153E1A6EB0C1632B4D37FC65/../../cores/arduino_samd_mkrwan1310_69f8762d4f40de9fbf6a58e02a638f5b/core.a(Uart.cpp.o)
                0x0000000000007792                Uart::flush()
 .text._ZN4Uart16extractNbStopBitEt
                0x00000000000077a8        0xc /private/var/folders/cs/8k4rd8wn11g9t0b617_34rdr0000gp/T/arduino/sketches/3A68AEB6153E1A6EB0C1632B4D37FC65/../../cores/arduino_samd_mkrwan1310_69f8762d4f40de9fbf6a58e02a638f5b/core.a(Uart.cpp.o)
                0x00000000000077a8                Uart::extractNbStopBit(unsigned short)
 .text._ZN4Uart15extractCharSizeEt
                0x00000000000077b4       0x28 /private/var/folders/cs/8k4rd8wn11g9t0b617_34rdr0000gp/T/arduino/sketches/3A68AEB6153E1A6EB0C1632B4D37FC65/../../cores/arduino_samd_mkrwan1310_69f8762d4f40de9fbf6a58e02a638f5b/core.a(Uart.cpp.o)
                0x00000000000077b4                Uart::extractCharSize(unsigned short)
 .text._ZN4Uart13extractParityEt
                0x00000000000077dc       0x14 /private/var/folders/cs/8k4rd8wn11g9t0b617_34rdr0000gp/T/arduino/sketches/3A68AEB6153E1A6EB0C1632B4D37FC65/../../cores/arduino_samd_mkrwan1310_69f8762d4f40de9fbf6a58e02a638f5b/core.a(Uart.cpp.o)
                0x00000000000077dc                Uart::extractParity(unsigned short)
 .text._ZN4Uart5beginEmt
                0x00000000000077f0       0xf8 /private/var/folders/cs/8k4rd8wn11g9t0b617_34rdr0000gp/T/arduino/sketches/3A68AEB6153E1A6EB0C1632B4D37FC65/../../cores/arduino_samd_mkrwan1310_69f8762d4f40de9fbf6a58e02a638f5b/core.a(Uart.cpp.o)
                0x00000000000077f0                Uart::begin(unsigned long, unsigned short)
 .text._ZN7arduino11RingBufferNILi256EEC2Ev
                0x00000000000078e8       0x1e /private/var/folders/cs/8k4rd8wn11g9t0b617_34rdr0000gp/T/arduino/sketches/3A68AEB6153E1A6EB0C1632B4D37FC65/../../cores/arduino_samd_mkrwan1310_69f8762d4f40de9fbf6a58e02a638f5b/core.a(Uart.cpp.o)
                0x00000000000078e8                arduino::RingBufferN<256>::RingBufferN()
                0x00000000000078e8                arduino::RingBufferN<256>::RingBufferN()
 *fill*         0x0000000000007906        0x2 
 .text._ZN4UartC2EP6SERCOMhh11SercomRXPad15SercomUartTXPad
                0x0000000000007908       0x74 /private/var/folders/cs/8k4rd8wn11g9t0b617_34rdr0000gp/T/arduino/sketches/3A68AEB6153E1A6EB0C1632B4D37FC65/../../cores/arduino_samd_mkrwan1310_69f8762d4f40de9fbf6a58e02a638f5b/core.a(Uart.cpp.o)
                0x0000000000007908                Uart::Uart(SERCOM*, unsigned char, unsigned char, SercomRXPad, SercomUartTXPad)
                0x0000000000007908                Uart::Uart(SERCOM*, unsigned char, unsigned char, SercomRXPad, SercomUartTXPad)
 .text._ZN7arduino15SafeRingBufferNILi256EE10store_charEh
                0x000000000000797c       0x4a /private/var/folders/cs/8k4rd8wn11g9t0b617_34rdr0000gp/T/arduino/sketches/3A68AEB6153E1A6EB0C1632B4D37FC65/../../cores/arduino_samd_mkrwan1310_69f8762d4f40de9fbf6a58e02a638f5b/core.a(Uart.cpp.o)
                0x000000000000797c                arduino::SafeRingBufferN<256>::store_char(unsigned char)
 .text._ZN7arduino15SafeRingBufferNILi256EE9read_charEv
                0x00000000000079c6       0x50 /private/var/folders/cs/8k4rd8wn11g9t0b617_34rdr0000gp/T/arduino/sketches/3A68AEB6153E1A6EB0C1632B4D37FC65/../../cores/arduino_samd_mkrwan1310_69f8762d4f40de9fbf6a58e02a638f5b/core.a(Uart.cpp.o)
                0x00000000000079c6                arduino::SafeRingBufferN<256>::read_char()
 .text._ZN4Uart10IrqHandlerEv
                0x0000000000007a16       0xa4 /private/var/folders/cs/8k4rd8wn11g9t0b617_34rdr0000gp/T/arduino/sketches/3A68AEB6153E1A6EB0C1632B4D37FC65/../../cores/arduino_samd_mkrwan1310_69f8762d4f40de9fbf6a58e02a638f5b/core.a(Uart.cpp.o)
                0x0000000000007a16                Uart::IrqHandler()
 *fill*         0x0000000000007aba        0x2 
 .text._ZN4Uart5writeEh
                0x0000000000007abc       0x9c /private/var/folders/cs/8k4rd8wn11g9t0b617_34rdr0000gp/T/arduino/sketches/3A68AEB6153E1A6EB0C1632B4D37FC65/../../cores/arduino_samd_mkrwan1310_69f8762d4f40de9fbf6a58e02a638f5b/core.a(Uart.cpp.o)
                0x0000000000007abc                Uart::write(unsigned char)
 .text._ZN4Uart4readEv
                0x0000000000007b58       0x34 /private/var/folders/cs/8k4rd8wn11g9t0b617_34rdr0000gp/T/arduino/sketches/3A68AEB6153E1A6EB0C1632B4D37FC65/../../cores/arduino_samd_mkrwan1310_69f8762d4f40de9fbf6a58e02a638f5b/core.a(Uart.cpp.o)
                0x0000000000007b58                Uart::read()
 .text._ZN7arduino13PluggableUSB_12getInterfaceEPh
                0x0000000000007b8c       0x28 /private/var/folders/cs/8k4rd8wn11g9t0b617_34rdr0000gp/T/arduino/sketches/3A68AEB6153E1A6EB0C1632B4D37FC65/../../cores/arduino_samd_mkrwan1310_69f8762d4f40de9fbf6a58e02a638f5b/core.a(PluggableUSB.cpp.o)
                0x0000000000007b8c                arduino::PluggableUSB_::getInterface(unsigned char*)
 .text._ZN7arduino13PluggableUSB_13getDescriptorERNS_8USBSetupE
                0x0000000000007bb4       0x20 /private/var/folders/cs/8k4rd8wn11g9t0b617_34rdr0000gp/T/arduino/sketches/3A68AEB6153E1A6EB0C1632B4D37FC65/../../cores/arduino_samd_mkrwan1310_69f8762d4f40de9fbf6a58e02a638f5b/core.a(PluggableUSB.cpp.o)
                0x0000000000007bb4                arduino::PluggableUSB_::getDescriptor(arduino::USBSetup&)
 .text._ZN7arduino13PluggableUSB_12getShortNameEPc
                0x0000000000007bd4       0x1e /private/var/folders/cs/8k4rd8wn11g9t0b617_34rdr0000gp/T/arduino/sketches/3A68AEB6153E1A6EB0C1632B4D37FC65/../../cores/arduino_samd_mkrwan1310_69f8762d4f40de9fbf6a58e02a638f5b/core.a(PluggableUSB.cpp.o)
                0x0000000000007bd4                arduino::PluggableUSB_::getShortName(char*)
 .text._ZN7arduino13PluggableUSB_5setupERNS_8USBSetupE
                0x0000000000007bf2       0x20 /private/var/folders/cs/8k4rd8wn11g9t0b617_34rdr0000gp/T/arduino/sketches/3A68AEB6153E1A6EB0C1632B4D37FC65/../../cores/arduino_samd_mkrwan1310_69f8762d4f40de9fbf6a58e02a638f5b/core.a(PluggableUSB.cpp.o)
                0x0000000000007bf2                arduino::PluggableUSB_::setup(arduino::USBSetup&)
 .text._ZN7arduino13PluggableUSB_4plugEPNS_18PluggableUSBModuleE
                0x0000000000007c12       0x5c /private/var/folders/cs/8k4rd8wn11g9t0b617_34rdr0000gp/T/arduino/sketches/3A68AEB6153E1A6EB0C1632B4D37FC65/../../cores/arduino_samd_mkrwan1310_69f8762d4f40de9fbf6a58e02a638f5b/core.a(PluggableUSB.cpp.o)
                0x0000000000007c12                arduino::PluggableUSB_::plug(arduino::PluggableUSBModule*)
 *fill*         0x0000000000007c6e        0x2 
 .text._Z12PluggableUSBv
                0x0000000000007c70       0x24 /private/var/folders/cs/8k4rd8wn11g9t0b617_34rdr0000gp/T/arduino/sketches/3A68AEB6153E1A6EB0C1632B4D37FC65/../../cores/arduino_samd_mkrwan1310_69f8762d4f40de9fbf6a58e02a638f5b/core.a(PluggableUSB.cpp.o)
                0x0000000000007c70                PluggableUSB()
 .text._ZN7arduino5Print5writeEPKhj
                0x0000000000007c94       0x28 /private/var/folders/cs/8k4rd8wn11g9t0b617_34rdr0000gp/T/arduino/sketches/3A68AEB6153E1A6EB0C1632B4D37FC65/../../cores/arduino_samd_mkrwan1310_69f8762d4f40de9fbf6a58e02a638f5b/core.a(Print.cpp.o)
                0x0000000000007c94                arduino::Print::write(unsigned char const*, unsigned int)
 .text._ZN7arduino5Print5writeEPKc.part.2
                0x0000000000007cbc       0x1a /private/var/folders/cs/8k4rd8wn11g9t0b617_34rdr0000gp/T/arduino/sketches/3A68AEB6153E1A6EB0C1632B4D37FC65/../../cores/arduino_samd_mkrwan1310_69f8762d4f40de9fbf6a58e02a638f5b/core.a(Print.cpp.o)
 .text._ZN7arduino5Print5writeEPKc
                0x0000000000007cd6       0x10 /private/var/folders/cs/8k4rd8wn11g9t0b617_34rdr0000gp/T/arduino/sketches/3A68AEB6153E1A6EB0C1632B4D37FC65/../../cores/arduino_samd_mkrwan1310_69f8762d4f40de9fbf6a58e02a638f5b/core.a(Print.cpp.o)
                0x0000000000007cd6                arduino::Print::write(char const*)
 .text._ZN7arduino5Print5printEc
                0x0000000000007ce6        0xa /private/var/folders/cs/8k4rd8wn11g9t0b617_34rdr0000gp/T/arduino/sketches/3A68AEB6153E1A6EB0C1632B4D37FC65/../../cores/arduino_samd_mkrwan1310_69f8762d4f40de9fbf6a58e02a638f5b/core.a(Print.cpp.o)
                0x0000000000007ce6                arduino::Print::print(char)
 .text._ZN7arduino5Print7printlnEv
                0x0000000000007cf0       0x10 /private/var/folders/cs/8k4rd8wn11g9t0b617_34rdr0000gp/T/arduino/sketches/3A68AEB6153E1A6EB0C1632B4D37FC65/../../cores/arduino_samd_mkrwan1310_69f8762d4f40de9fbf6a58e02a638f5b/core.a(Print.cpp.o)
                0x0000000000007cf0                arduino::Print::println()
 .text._ZN7arduino5Print7printlnEPKc
                0x0000000000007d00       0x14 /private/var/folders/cs/8k4rd8wn11g9t0b617_34rdr0000gp/T/arduino/sketches/3A68AEB6153E1A6EB0C1632B4D37FC65/../../cores/arduino_samd_mkrwan1310_69f8762d4f40de9fbf6a58e02a638f5b/core.a(Print.cpp.o)
                0x0000000000007d00                arduino::Print::println(char const*)
 .text._ZN7arduino5Print11printNumberEmh
                0x0000000000007d14       0x48 /private/var/folders/cs/8k4rd8wn11g9t0b617_34rdr0000gp/T/arduino/sketches/3A68AEB6153E1A6EB0C1632B4D37FC65/../../cores/arduino_samd_mkrwan1310_69f8762d4f40de9fbf6a58e02a638f5b/core.a(Print.cpp.o)
                0x0000000000007d14                arduino::Print::printNumber(unsigned long, unsigned char)
 .text._ZN7arduino5Print5printEli
                0x0000000000007d5c       0x3e /private/var/folders/cs/8k4rd8wn11g9t0b617_34rdr0000gp/T/arduino/sketches/3A68AEB6153E1A6EB0C1632B4D37FC65/../../cores/arduino_samd_mkrwan1310_69f8762d4f40de9fbf6a58e02a638f5b/core.a(Print.cpp.o)
                0x0000000000007d5c                arduino::Print::print(long, int)
 .text._ZN7arduino5Print7printlnEii
                0x0000000000007d9a       0x14 /private/var/folders/cs/8k4rd8wn11g9t0b617_34rdr0000gp/T/arduino/sketches/3A68AEB6153E1A6EB0C1632B4D37FC65/../../cores/arduino_samd_mkrwan1310_69f8762d4f40de9fbf6a58e02a638f5b/core.a(Print.cpp.o)
                0x0000000000007d9a                arduino::Print::println(int, int)
 .text.Dummy_Handler
                0x0000000000007dae        0x2 /private/var/folders/cs/8k4rd8wn11g9t0b617_34rdr0000gp/T/arduino/sketches/3A68AEB6153E1A6EB0C1632B4D37FC65/../../cores/arduino_samd_mkrwan1310_69f8762d4f40de9fbf6a58e02a638f5b/core.a(cortex_handlers.c.o)
                0x0000000000007dae                SYSCTRL_Handler
                0x0000000000007dae                HardFault_Handler
                0x0000000000007dae                AC_Handler
                0x0000000000007dae                PendSV_Handler
                0x0000000000007dae                NMI_Handler
                0x0000000000007dae                TC7_Handler
                0x0000000000007dae                SERCOM1_Handler
                0x0000000000007dae                ADC_Handler
                0x0000000000007dae                TCC1_Handler
                0x0000000000007dae                SERCOM2_Handler
                0x0000000000007dae                TCC0_Handler
                0x0000000000007dae                RTC_Handler
                0x0000000000007dae                EIC_Handler
                0x0000000000007dae                TC6_Handler
                0x0000000000007dae                WDT_Handler
                0x0000000000007dae                TC4_Handler
                0x0000000000007dae                TC3_Handler
                0x0000000000007dae                Dummy_Handler
                0x0000000000007dae                PM_Handler
                0x0000000000007dae                SVC_Handler
                0x0000000000007dae                TCC2_Handler
                0x0000000000007dae                EVSYS_Handler
                0x0000000000007dae                SERCOM3_Handler
                0x0000000000007dae                I2S_Handler
                0x0000000000007dae                NVMCTRL_Handler
                0x0000000000007dae                SERCOM0_Handler
                0x0000000000007dae                DAC_Handler
                0x0000000000007dae                PTC_Handler
                0x0000000000007dae                DMAC_Handler
 .text.USB_Handler
                0x0000000000007db0       0x14 /private/var/folders/cs/8k4rd8wn11g9t0b617_34rdr0000gp/T/arduino/sketches/3A68AEB6153E1A6EB0C1632B4D37FC65/../../cores/arduino_samd_mkrwan1310_69f8762d4f40de9fbf6a58e02a638f5b/core.a(cortex_handlers.c.o)
                0x0000000000007db0                USB_Handler
 .text.Reset_Handler
                0x0000000000007dc4       0x54 /private/var/folders/cs/8k4rd8wn11g9t0b617_34rdr0000gp/T/arduino/sketches/3A68AEB6153E1A6EB0C1632B4D37FC65/../../cores/arduino_samd_mkrwan1310_69f8762d4f40de9fbf6a58e02a638f5b/core.a(cortex_handlers.c.o)
                0x0000000000007dc4                Reset_Handler
 .text.SysTick_Handler
                0x0000000000007e18       0x10 /private/var/folders/cs/8k4rd8wn11g9t0b617_34rdr0000gp/T/arduino/sketches/3A68AEB6153E1A6EB0C1632B4D37FC65/../../cores/arduino_samd_mkrwan1310_69f8762d4f40de9fbf6a58e02a638f5b/core.a(cortex_handlers.c.o)
                0x0000000000007e18                SysTick_Handler
 .text.USB_SetHandler
                0x0000000000007e28        0xc /private/var/folders/cs/8k4rd8wn11g9t0b617_34rdr0000gp/T/arduino/sketches/3A68AEB6153E1A6EB0C1632B4D37FC65/../../cores/arduino_samd_mkrwan1310_69f8762d4f40de9fbf6a58e02a638f5b/core.a(cortex_handlers.c.o)
                0x0000000000007e28                USB_SetHandler
 .text.millis   0x0000000000007e34        0xc /private/var/folders/cs/8k4rd8wn11g9t0b617_34rdr0000gp/T/arduino/sketches/3A68AEB6153E1A6EB0C1632B4D37FC65/../../cores/arduino_samd_mkrwan1310_69f8762d4f40de9fbf6a58e02a638f5b/core.a(delay.c.o)
                0x0000000000007e34                millis
 .text.micros   0x0000000000007e40       0x60 /private/var/folders/cs/8k4rd8wn11g9t0b617_34rdr0000gp/T/arduino/sketches/3A68AEB6153E1A6EB0C1632B4D37FC65/../../cores/arduino_samd_mkrwan1310_69f8762d4f40de9fbf6a58e02a638f5b/core.a(delay.c.o)
                0x0000000000007e40                micros
 .text.delay    0x0000000000007ea0       0x30 /private/var/folders/cs/8k4rd8wn11g9t0b617_34rdr0000gp/T/arduino/sketches/3A68AEB6153E1A6EB0C1632B4D37FC65/../../cores/arduino_samd_mkrwan1310_69f8762d4f40de9fbf6a58e02a638f5b/core.a(delay.c.o)
                0x0000000000007ea0                delay
 .text.SysTick_DefaultHandler
                0x0000000000007ed0       0x14 /private/var/folders/cs/8k4rd8wn11g9t0b617_34rdr0000gp/T/arduino/sketches/3A68AEB6153E1A6EB0C1632B4D37FC65/../../cores/arduino_samd_mkrwan1310_69f8762d4f40de9fbf6a58e02a638f5b/core.a(delay.c.o)
                0x0000000000007ed0                SysTick_DefaultHandler
 .text.delayMicroseconds
                0x0000000000007ee4       0x16 /private/var/folders/cs/8k4rd8wn11g9t0b617_34rdr0000gp/T/arduino/sketches/3A68AEB6153E1A6EB0C1632B4D37FC65/../../cores/arduino_samd_mkrwan1310_69f8762d4f40de9fbf6a58e02a638f5b/core.a(delay.c.o)
                0x0000000000007ee4                delayMicroseconds
 .text.__empty  0x0000000000007efa        0x2 /private/var/folders/cs/8k4rd8wn11g9t0b617_34rdr0000gp/T/arduino/sketches/3A68AEB6153E1A6EB0C1632B4D37FC65/../../cores/arduino_samd_mkrwan1310_69f8762d4f40de9fbf6a58e02a638f5b/core.a(hooks.c.o)
                0x0000000000007efa                yield
 .text.__false  0x0000000000007efc        0x4 /private/var/folders/cs/8k4rd8wn11g9t0b617_34rdr0000gp/T/arduino/sketches/3A68AEB6153E1A6EB0C1632B4D37FC65/../../cores/arduino_samd_mkrwan1310_69f8762d4f40de9fbf6a58e02a638f5b/core.a(hooks.c.o)
                0x0000000000007efc                sysTickHook
 .text.startup.main
                0x0000000000007f00       0x40 /private/var/folders/cs/8k4rd8wn11g9t0b617_34rdr0000gp/T/arduino/sketches/3A68AEB6153E1A6EB0C1632B4D37FC65/../../cores/arduino_samd_mkrwan1310_69f8762d4f40de9fbf6a58e02a638f5b/core.a(main.cpp.o)
                0x0000000000007f00                main
 .text._Znwj    0x0000000000007f40        0x8 /private/var/folders/cs/8k4rd8wn11g9t0b617_34rdr0000gp/T/arduino/sketches/3A68AEB6153E1A6EB0C1632B4D37FC65/../../cores/arduino_samd_mkrwan1310_69f8762d4f40de9fbf6a58e02a638f5b/core.a(new.cpp.o)
                0x0000000000007f40                operator new(unsigned int)
 .text._ZdlPv   0x0000000000007f48        0x8 /private/var/folders/cs/8k4rd8wn11g9t0b617_34rdr0000gp/T/arduino/sketches/3A68AEB6153E1A6EB0C1632B4D37FC65/../../cores/arduino_samd_mkrwan1310_69f8762d4f40de9fbf6a58e02a638f5b/core.a(new.cpp.o)
                0x0000000000007f48                operator delete(void*)
 .text.SystemInit
                0x0000000000007f50      0x160 /private/var/folders/cs/8k4rd8wn11g9t0b617_34rdr0000gp/T/arduino/sketches/3A68AEB6153E1A6EB0C1632B4D37FC65/../../cores/arduino_samd_mkrwan1310_69f8762d4f40de9fbf6a58e02a638f5b/core.a(startup.c.o)
                0x0000000000007f50                SystemInit
 .text.init     0x00000000000080b0       0xe0 /private/var/folders/cs/8k4rd8wn11g9t0b617_34rdr0000gp/T/arduino/sketches/3A68AEB6153E1A6EB0C1632B4D37FC65/../../cores/arduino_samd_mkrwan1310_69f8762d4f40de9fbf6a58e02a638f5b/core.a(wiring.c.o)
                0x00000000000080b0                init
 .text.analogReference
                0x0000000000008190       0x64 /private/var/folders/cs/8k4rd8wn11g9t0b617_34rdr0000gp/T/arduino/sketches/3A68AEB6153E1A6EB0C1632B4D37FC65/../../cores/arduino_samd_mkrwan1310_69f8762d4f40de9fbf6a58e02a638f5b/core.a(wiring_analog.c.o)
                0x0000000000008190                analogReference
 .text.pinMode  0x00000000000081f4       0x98 /private/var/folders/cs/8k4rd8wn11g9t0b617_34rdr0000gp/T/arduino/sketches/3A68AEB6153E1A6EB0C1632B4D37FC65/../../cores/arduino_samd_mkrwan1310_69f8762d4f40de9fbf6a58e02a638f5b/core.a(wiring_digital.c.o)
                0x00000000000081f4                pinMode
 .text.digitalWrite
                0x000000000000828c       0x58 /private/var/folders/cs/8k4rd8wn11g9t0b617_34rdr0000gp/T/arduino/sketches/3A68AEB6153E1A6EB0C1632B4D37FC65/../../cores/arduino_samd_mkrwan1310_69f8762d4f40de9fbf6a58e02a638f5b/core.a(wiring_digital.c.o)
                0x000000000000828c                digitalWrite
 .text.pinPeripheral
                0x00000000000082e4       0xc0 /private/var/folders/cs/8k4rd8wn11g9t0b617_34rdr0000gp/T/arduino/sketches/3A68AEB6153E1A6EB0C1632B4D37FC65/../../cores/arduino_samd_mkrwan1310_69f8762d4f40de9fbf6a58e02a638f5b/core.a(wiring_private.c.o)
                0x00000000000082e4                pinPeripheral
 .text.initiateReset
                0x00000000000083a4       0x14 /private/var/folders/cs/8k4rd8wn11g9t0b617_34rdr0000gp/T/arduino/sketches/3A68AEB6153E1A6EB0C1632B4D37FC65/../../cores/arduino_samd_mkrwan1310_69f8762d4f40de9fbf6a58e02a638f5b/core.a(Reset.cpp.o)
                0x00000000000083a4                initiateReset
 .text.cancelReset
                0x00000000000083b8       0x10 /private/var/folders/cs/8k4rd8wn11g9t0b617_34rdr0000gp/T/arduino/sketches/3A68AEB6153E1A6EB0C1632B4D37FC65/../../cores/arduino_samd_mkrwan1310_69f8762d4f40de9fbf6a58e02a638f5b/core.a(Reset.cpp.o)
                0x00000000000083b8                cancelReset
 .text.tickReset
                0x00000000000083c8       0x78 /private/var/folders/cs/8k4rd8wn11g9t0b617_34rdr0000gp/T/arduino/sketches/3A68AEB6153E1A6EB0C1632B4D37FC65/../../cores/arduino_samd_mkrwan1310_69f8762d4f40de9fbf6a58e02a638f5b/core.a(Reset.cpp.o)
                0x00000000000083c8                tickReset
 .text.__aeabi_atexit
                0x0000000000008440        0xe /Users/student/Library/Arduino15/packages/arduino/tools/arm-none-eabi-gcc/7-2017q4/bin/../lib/gcc/arm-none-eabi/7.2.1/../../../../arm-none-eabi/lib/thumb/v6-m/libstdc++_nano.a(atexit_arm.o)
                0x0000000000008440                __aeabi_atexit
 *fill*         0x000000000000844e        0x2 
 .text          0x0000000000008450       0x14 /Users/student/Library/Arduino15/packages/arduino/tools/arm-none-eabi-gcc/7-2017q4/bin/../lib/gcc/arm-none-eabi/7.2.1/thumb/v6-m/libgcc.a(_thumb1_case_uqi.o)
                0x0000000000008450                __gnu_thumb1_case_uqi
 .text          0x0000000000008464      0x114 /Users/student/Library/Arduino15/packages/arduino/tools/arm-none-eabi-gcc/7-2017q4/bin/../lib/gcc/arm-none-eabi/7.2.1/thumb/v6-m/libgcc.a(_udivsi3.o)
                0x0000000000008464                __udivsi3
                0x0000000000008464                __aeabi_uidiv
                0x0000000000008570                __aeabi_uidivmod
 .text          0x0000000000008578      0x1d4 /Users/student/Library/Arduino15/packages/arduino/tools/arm-none-eabi-gcc/7-2017q4/bin/../lib/gcc/arm-none-eabi/7.2.1/thumb/v6-m/libgcc.a(_divsi3.o)
                0x0000000000008578                __aeabi_idiv
                0x0000000000008578                __divsi3
                0x0000000000008744                __aeabi_idivmod
 .text          0x000000000000874c        0x4 /Users/student/Library/Arduino15/packages/arduino/tools/arm-none-eabi-gcc/7-2017q4/bin/../lib/gcc/arm-none-eabi/7.2.1/thumb/v6-m/libgcc.a(_dvmd_tls.o)
                0x000000000000874c                __aeabi_ldiv0
                0x000000000000874c                __aeabi_idiv0
 .text          0x0000000000008750       0x7c /Users/student/Library/Arduino15/packages/arduino/tools/arm-none-eabi-gcc/7-2017q4/bin/../lib/gcc/arm-none-eabi/7.2.1/thumb/v6-m/libgcc.a(_arm_cmpdf2.o)
                0x0000000000008750                __aeabi_cdrcmple
                0x0000000000008760                __aeabi_cdcmple
                0x0000000000008760                __aeabi_cdcmpeq
                0x0000000000008770                __aeabi_dcmpeq
                0x000000000000877c                __aeabi_dcmplt