Archive member included to satisfy reference by file (symbol)

/private/var/folders/cs/8k4rd8wn11g9t0b617_34rdr0000gp/T/arduino/sketches/50020086DF468555A24024536F63254E/../../cores/arduino_samd_mkrwan1310_69f8762d4f40de9fbf6a58e02a638f5b/core.a(SERCOM.cpp.o)
                              /private/var/folders/cs/8k4rd8wn11g9t0b617_34rdr0000gp/T/arduino/sketches/50020086DF468555A24024536F63254E/core/variant.cpp.o (SERCOM::SERCOM(Sercom*))
/private/var/folders/cs/8k4rd8wn11g9t0b617_34rdr0000gp/T/arduino/sketches/50020086DF468555A24024536F63254E/../../cores/arduino_samd_mkrwan1310_69f8762d4f40de9fbf6a58e02a638f5b/core.a(Uart.cpp.o)
                              /private/var/folders/cs/8k4rd8wn11g9t0b617_34rdr0000gp/T/arduino/sketches/50020086DF468555A24024536F63254E/core/variant.cpp.o (Uart::Uart(SERCOM*, unsigned char, unsigned char, SercomRXPad, SercomUartTXPad))
/private/var/folders/cs/8k4rd8wn11g9t0b617_34rdr0000gp/T/arduino/sketches/50020086DF468555A24024536F63254E/../../cores/arduino_samd_mkrwan1310_69f8762d4f40de9fbf6a58e02a638f5b/core.a(Print.cpp.o)
                              /private/var/folders/cs/8k4rd8wn11g9t0b617_34rdr0000gp/T/arduino/sketches/50020086DF468555A24024536F63254E/../../cores/arduino_samd_mkrwan1310_69f8762d4f40de9fbf6a58e02a638f5b/core.a(Uart.cpp.o) (arduino::Print::write(unsigned char const*, unsigned int))
/private/var/folders/cs/8k4rd8wn11g9t0b617_34rdr0000gp/T/arduino/sketches/50020086DF468555A24024536F63254E/../../cores/arduino_samd_mkrwan1310_69f8762d4f40de9fbf6a58e02a638f5b/core.a(cortex_handlers.c.o)
                              (Reset_Handler)
/private/var/folders/cs/8k4rd8wn11g9t0b617_34rdr0000gp/T/arduino/sketches/50020086DF468555A24024536F63254E/../../cores/arduino_samd_mkrwan1310_69f8762d4f40de9fbf6a58e02a638f5b/core.a(delay.c.o)
                              /private/var/folders/cs/8k4rd8wn11g9t0b617_34rdr0000gp/T/arduino/sketches/50020086DF468555A24024536F63254E/sketch/blinker.ino.cpp.o (delay)
/private/var/folders/cs/8k4rd8wn11g9t0b617_34rdr0000gp/T/arduino/sketches/50020086DF468555A24024536F63254E/../../cores/arduino_samd_mkrwan1310_69f8762d4f40de9fbf6a58e02a638f5b/core.a(hooks.c.o)
                              /private/var/folders/cs/8k4rd8wn11g9t0b617_34rdr0000gp/T/arduino/sketches/50020086DF468555A24024536F63254E/../../cores/arduino_samd_mkrwan1310_69f8762d4f40de9fbf6a58e02a638f5b/core.a(delay.c.o) (yield)
/private/var/folders/cs/8k4rd8wn11g9t0b617_34rdr0000gp/T/arduino/sketches/50020086DF468555A24024536F63254E/../../cores/arduino_samd_mkrwan1310_69f8762d4f40de9fbf6a58e02a638f5b/core.a(main.cpp.o)
                              /Users/student/Library/Arduino15/packages/arduino/tools/arm-none-eabi-gcc/7-2017q4/bin/../lib/gcc/arm-none-eabi/7.2.1/../../../../arm-none-eabi/lib/thumb/v6-m/crt0.o (main)
/private/var/folders/cs/8k4rd8wn11g9t0b617_34rdr0000gp/T/arduino/sketches/50020086DF468555A24024536F63254E/../../cores/arduino_samd_mkrwan1310_69f8762d4f40de9fbf6a58e02a638f5b/core.a(startup.c.o)
                              /private/var/folders/cs/8k4rd8wn11g9t0b617_34rdr0000gp/T/arduino/sketches/50020086DF468555A24024536F63254E/../../cores/arduino_samd_mkrwan1310_69f8762d4f40de9fbf6a58e02a638f5b/core.a(cortex_handlers.c.o) (SystemInit)
/private/var/folders/cs/8k4rd8wn11g9t0b617_34rdr0000gp/T/arduino/sketches/50020086DF468555A24024536F63254E/../../cores/arduino_samd_mkrwan1310_69f8762d4f40de9fbf6a58e02a638f5b/core.a(wiring.c.o)
                              /private/var/folders/cs/8k4rd8wn11g9t0b617_34rdr0000gp/T/arduino/sketches/50020086DF468555A24024536F63254E/../../cores/arduino_samd_mkrwan1310_69f8762d4f40de9fbf6a58e02a638f5b/core.a(main.cpp.o) (init)
/private/var/folders/cs/8k4rd8wn11g9t0b617_34rdr0000gp/T/arduino/sketches/50020086DF468555A24024536F63254E/../../cores/arduino_samd_mkrwan1310_69f8762d4f40de9fbf6a58e02a638f5b/core.a(wiring_analog.c.o)
                              /private/var/folders/cs/8k4rd8wn11g9t0b617_34rdr0000gp/T/arduino/sketches/50020086DF468555A24024536F63254E/../../cores/arduino_samd_mkrwan1310_69f8762d4f40de9fbf6a58e02a638f5b/core.a(wiring.c.o) (analogReference)
/private/var/folders/cs/8k4rd8wn11g9t0b617_34rdr0000gp/T/arduino/sketches/50020086DF468555A24024536F63254E/../../cores/arduino_samd_mkrwan1310_69f8762d4f40de9fbf6a58e02a638f5b/core.a(wiring_digital.c.o)
                              /private/var/folders/cs/8k4rd8wn11g9t0b617_34rdr0000gp/T/arduino/sketches/50020086DF468555A24024536F63254E/sketch/blinker.ino.cpp.o (pinMode)
/private/var/folders/cs/8k4rd8wn11g9t0b617_34rdr0000gp/T/arduino/sketches/50020086DF468555A24024536F63254E/../../cores/arduino_samd_mkrwan1310_69f8762d4f40de9fbf6a58e02a638f5b/core.a(wiring_private.c.o)
                              /private/var/folders/cs/8k4rd8wn11g9t0b617_34rdr0000gp/T/arduino/sketches/50020086DF468555A24024536F63254E/core/variant.cpp.o (pinPeripheral)
[...]
Memory Configuration

Name             Origin             Length             Attributes
FLASH            0x0000000000002000 0x000000000003e000 xr
RAM              0x0000000020000000 0x0000000000008000 xrw
*default*        0x0000000000000000 0xffffffffffffffff

Linker script and memory map

LOAD /Users/student/Library/Arduino15/packages/arduino/tools/arm-none-eabi-gcc/7-2017q4/bin/../lib/gcc/arm-none-eabi/7.2.1/thumb/v6-m/crti.o
LOAD /Users/student/Library/Arduino15/packages/arduino/tools/arm-none-eabi-gcc/7-2017q4/bin/../lib/gcc/arm-none-eabi/7.2.1/thumb/v6-m/crtbegin.o
LOAD /Users/student/Library/Arduino15/packages/arduino/tools/arm-none-eabi-gcc/7-2017q4/bin/../lib/gcc/arm-none-eabi/7.2.1/../../../../arm-none-eabi/lib/thumb/v6-m/crt0.o
LOAD /private/var/folders/cs/8k4rd8wn11g9t0b617_34rdr0000gp/T/arduino/sketches/50020086DF468555A24024536F63254E/sketch/blinker.ino.cpp.o
LOAD /private/var/folders/cs/8k4rd8wn11g9t0b617_34rdr0000gp/T/arduino/sketches/50020086DF468555A24024536F63254E/core/variant.cpp.o
START GROUP
LOAD /Users/student/Library/Arduino15/packages/arduino/tools/CMSIS/4.5.0/CMSIS/Lib/GCC//libarm_cortexM0l_math.a
LOAD /private/var/folders/cs/8k4rd8wn11g9t0b617_34rdr0000gp/T/arduino/sketches/50020086DF468555A24024536F63254E/../../cores/arduino_samd_mkrwan1310_69f8762d4f40de9fbf6a58e02a638f5b/core.a
END GROUP
LOAD /Users/student/Library/Arduino15/packages/arduino/tools/arm-none-eabi-gcc/7-2017q4/bin/../lib/gcc/arm-none-eabi/7.2.1/../../../../arm-none-eabi/lib/thumb/v6-m/libstdc++_nano.a
LOAD /Users/student/Library/Arduino15/packages/arduino/tools/arm-none-eabi-gcc/7-2017q4/bin/../lib/gcc/arm-none-eabi/7.2.1/../../../../arm-none-eabi/lib/thumb/v6-m/libm.a
START GROUP
LOAD /Users/student/Library/Arduino15/packages/arduino/tools/arm-none-eabi-gcc/7-2017q4/bin/../lib/gcc/arm-none-eabi/7.2.1/thumb/v6-m/libgcc.a
LOAD /Users/student/Library/Arduino15/packages/arduino/tools/arm-none-eabi-gcc/7-2017q4/bin/../lib/gcc/arm-none-eabi/7.2.1/../../../../arm-none-eabi/lib/thumb/v6-m/libc_nano.a
END GROUP
START GROUP
LOAD /Users/student/Library/Arduino15/packages/arduino/tools/arm-none-eabi-gcc/7-2017q4/bin/../lib/gcc/arm-none-eabi/7.2.1/thumb/v6-m/libgcc.a
LOAD /Users/student/Library/Arduino15/packages/arduino/tools/arm-none-eabi-gcc/7-2017q4/bin/../lib/gcc/arm-none-eabi/7.2.1/../../../../arm-none-eabi/lib/thumb/v6-m/libc_nano.a
LOAD /Users/student/Library/Arduino15/packages/arduino/tools/arm-none-eabi-gcc/7-2017q4/bin/../lib/gcc/arm-none-eabi/7.2.1/../../../../arm-none-eabi/lib/thumb/v6-m/libnosys.a
END GROUP
START GROUP
LOAD /Users/student/Library/Arduino15/packages/arduino/tools/arm-none-eabi-gcc/7-2017q4/bin/../lib/gcc/arm-none-eabi/7.2.1/thumb/v6-m/libgcc.a
LOAD /Users/student/Library/Arduino15/packages/arduino/tools/arm-none-eabi-gcc/7-2017q4/bin/../lib/gcc/arm-none-eabi/7.2.1/../../../../arm-none-eabi/lib/thumb/v6-m/libc_nano.a
LOAD /Users/student/Library/Arduino15/packages/arduino/tools/arm-none-eabi-gcc/7-2017q4/bin/../lib/gcc/arm-none-eabi/7.2.1/../../../../arm-none-eabi/lib/thumb/v6-m/libnosys.a
END GROUP
LOAD /Users/student/Library/Arduino15/packages/arduino/tools/arm-none-eabi-gcc/7-2017q4/bin/../lib/gcc/arm-none-eabi/7.2.1/thumb/v6-m/crtend.o
LOAD /Users/student/Library/Arduino15/packages/arduino/tools/arm-none-eabi-gcc/7-2017q4/bin/../lib/gcc/arm-none-eabi/7.2.1/thumb/v6-m/crtn.o

.text           0x0000000000002000     0x2e1c
                0x0000000000002000                __text_start__ = .
 *(.sketch_boot)
                0x0000000000002000                . = ALIGN (0x2000)
 *(.isr_vector)
 .isr_vector    0x0000000000002000       0xb4 /private/var/folders/cs/8k4rd8wn11g9t0b617_34rdr0000gp/T/arduino/sketches/50020086DF468555A24024536F63254E/../../cores/arduino_samd_mkrwan1310_69f8762d4f40de9fbf6a58e02a638f5b/core.a(cortex_handlers.c.o)
                0x0000000000002000                exception_table
 *(.text*)
 .text          0x00000000000020b4       0x48 /Users/student/Library/Arduino15/packages/arduino/tools/arm-none-eabi-gcc/7-2017q4/bin/../lib/gcc/arm-none-eabi/7.2.1/thumb/v6-m/crtbegin.o
 .text.setup    0x00000000000020fc        0xc /private/var/folders/cs/8k4rd8wn11g9t0b617_34rdr0000gp/T/arduino/sketches/50020086DF468555A24024536F63254E/sketch/blinker.ino.cpp.o
                0x00000000000020fc                setup
 .text.loop     0x0000000000002108       0x24 /private/var/folders/cs/8k4rd8wn11g9t0b617_34rdr0000gp/T/arduino/sketches/50020086DF468555A24024536F63254E/sketch/blinker.ino.cpp.o
                0x0000000000002108                loop
 .text.initVariant
                0x000000000000212c       0xcc /private/var/folders/cs/8k4rd8wn11g9t0b617_34rdr0000gp/T/arduino/sketches/50020086DF468555A24024536F63254E/core/variant.cpp.o
                0x000000000000212c                initVariant
 .text.SERCOM5_Handler
                0x00000000000021f8       0x10 /private/var/folders/cs/8k4rd8wn11g9t0b617_34rdr0000gp/T/arduino/sketches/50020086DF468555A24024536F63254E/core/variant.cpp.o
                0x00000000000021f8                SERCOM5_Handler
 .text.SERCOM4_Handler
                0x0000000000002208       0x10 /private/var/folders/cs/8k4rd8wn11g9t0b617_34rdr0000gp/T/arduino/sketches/50020086DF468555A24024536F63254E/core/variant.cpp.o
                0x0000000000002208                SERCOM4_Handler
 .text.startup._GLOBAL__sub_I_g_APinDescription
                0x0000000000002218       0x98 /private/var/folders/cs/8k4rd8wn11g9t0b617_34rdr0000gp/T/arduino/sketches/50020086DF468555A24024536F63254E/core/variant.cpp.o
 .text._ZN6SERCOMC2EP6Sercom
                0x00000000000022b0        0x8 /private/var/folders/cs/8k4rd8wn11g9t0b617_34rdr0000gp/T/arduino/sketches/50020086DF468555A24024536F63254E/../../cores/arduino_samd_mkrwan1310_69f8762d4f40de9fbf6a58e02a638f5b/core.a(SERCOM.cpp.o)
                0x00000000000022b0                SERCOM::SERCOM(Sercom*)
                0x00000000000022b0                SERCOM::SERCOM(Sercom*)
 .text._ZN6SERCOM9initFrameE18SercomUartCharSize15SercomDataOrder16SercomParityMode19SercomNumberStopBit
                0x00000000000022b8       0x3a /private/var/folders/cs/8k4rd8wn11g9t0b617_34rdr0000gp/T/arduino/sketches/50020086DF468555A24024536F63254E/../../cores/arduino_samd_mkrwan1310_69f8762d4f40de9fbf6a58e02a638f5b/core.a(SERCOM.cpp.o)
                0x00000000000022b8                SERCOM::initFrame(SercomUartCharSize, SercomDataOrder, SercomParityMode, SercomNumberStopBit)
 .text._ZN6SERCOM8initPadsE15SercomUartTXPad11SercomRXPad
                0x00000000000022f2       0x26 /private/var/folders/cs/8k4rd8wn11g9t0b617_34rdr0000gp/T/arduino/sketches/50020086DF468555A24024536F63254E/../../cores/arduino_samd_mkrwan1310_69f8762d4f40de9fbf6a58e02a638f5b/core.a(SERCOM.cpp.o)
                0x00000000000022f2                SERCOM::initPads(SercomUartTXPad, SercomRXPad)
 .text._ZN6SERCOM9resetUARTEv
                0x0000000000002318       0x1a /private/var/folders/cs/8k4rd8wn11g9t0b617_34rdr0000gp/T/arduino/sketches/50020086DF468555A24024536F63254E/../../cores/arduino_samd_mkrwan1310_69f8762d4f40de9fbf6a58e02a638f5b/core.a(SERCOM.cpp.o)
                0x0000000000002318                SERCOM::resetUART()
 .text._ZN6SERCOM10enableUARTEv
                0x0000000000002332       0x14 /private/var/folders/cs/8k4rd8wn11g9t0b617_34rdr0000gp/T/arduino/sketches/50020086DF468555A24024536F63254E/../../cores/arduino_samd_mkrwan1310_69f8762d4f40de9fbf6a58e02a638f5b/core.a(SERCOM.cpp.o)
                0x0000000000002332                SERCOM::enableUART()
 .text._ZN6SERCOM9flushUARTEv
                0x0000000000002346       0x14 /private/var/folders/cs/8k4rd8wn11g9t0b617_34rdr0000gp/T/arduino/sketches/50020086DF468555A24024536F63254E/../../cores/arduino_samd_mkrwan1310_69f8762d4f40de9fbf6a58e02a638f5b/core.a(SERCOM.cpp.o)
                0x0000000000002346                SERCOM::flushUART()
 .text._ZN6SERCOM15clearStatusUARTEv
                0x000000000000235a        0x8 /private/var/folders/cs/8k4rd8wn11g9t0b617_34rdr0000gp/T/arduino/sketches/50020086DF468555A24024536F63254E/../../cores/arduino_samd_mkrwan1310_69f8762d4f40de9fbf6a58e02a638f5b/core.a(SERCOM.cpp.o)
                0x000000000000235a                SERCOM::clearStatusUART()
 .text._ZN6SERCOM17availableDataUARTEv
                0x0000000000002362        0xa /private/var/folders/cs/8k4rd8wn11g9t0b617_34rdr0000gp/T/arduino/sketches/50020086DF468555A24024536F63254E/../../cores/arduino_samd_mkrwan1310_69f8762d4f40de9fbf6a58e02a638f5b/core.a(SERCOM.cpp.o)
                0x0000000000002362                SERCOM::availableDataUART()
 .text._ZN6SERCOM11isUARTErrorEv
                0x000000000000236c        0x8 /private/var/folders/cs/8k4rd8wn11g9t0b617_34rdr0000gp/T/arduino/sketches/50020086DF468555A24024536F63254E/../../cores/arduino_samd_mkrwan1310_69f8762d4f40de9fbf6a58e02a638f5b/core.a(SERCOM.cpp.o)
                0x000000000000236c                SERCOM::isUARTError()
 .text._ZN6SERCOM20acknowledgeUARTErrorEv
                0x0000000000002374        0xe /private/var/folders/cs/8k4rd8wn11g9t0b617_34rdr0000gp/T/arduino/sketches/50020086DF468555A24024536F63254E/../../cores/arduino_samd_mkrwan1310_69f8762d4f40de9fbf6a58e02a638f5b/core.a(SERCOM.cpp.o)
                0x0000000000002374                SERCOM::acknowledgeUARTError()
 .text._ZN6SERCOM16isFrameErrorUARTEv
                0x0000000000002382        0xa /private/var/folders/cs/8k4rd8wn11g9t0b617_34rdr0000gp/T/arduino/sketches/50020086DF468555A24024536F63254E/../../cores/arduino_samd_mkrwan1310_69f8762d4f40de9fbf6a58e02a638f5b/core.a(SERCOM.cpp.o)
                0x0000000000002382                SERCOM::isFrameErrorUART()
 .text._ZN6SERCOM19clearFrameErrorUARTEv
                0x000000000000238c        0xc /private/var/folders/cs/8k4rd8wn11g9t0b617_34rdr0000gp/T/arduino/sketches/50020086DF468555A24024536F63254E/../../cores/arduino_samd_mkrwan1310_69f8762d4f40de9fbf6a58e02a638f5b/core.a(SERCOM.cpp.o)
                0x000000000000238c                SERCOM::clearFrameErrorUART()
 .text._ZN6SERCOM23isDataRegisterEmptyUARTEv
                0x0000000000002398        0xa /private/var/folders/cs/8k4rd8wn11g9t0b617_34rdr0000gp/T/arduino/sketches/50020086DF468555A24024536F63254E/../../cores/arduino_samd_mkrwan1310_69f8762d4f40de9fbf6a58e02a638f5b/core.a(SERCOM.cpp.o)
                0x0000000000002398                SERCOM::isDataRegisterEmptyUART()
 .text._ZN6SERCOM12readDataUARTEv
                0x00000000000023a2        0x8 /private/var/folders/cs/8k4rd8wn11g9t0b617_34rdr0000gp/T/arduino/sketches/50020086DF468555A24024536F63254E/../../cores/arduino_samd_mkrwan1310_69f8762d4f40de9fbf6a58e02a638f5b/core.a(SERCOM.cpp.o)
                0x00000000000023a2                SERCOM::readDataUART()
 .text._ZN6SERCOM13writeDataUARTEh
                0x00000000000023aa       0x14 /private/var/folders/cs/8k4rd8wn11g9t0b617_34rdr0000gp/T/arduino/sketches/50020086DF468555A24024536F63254E/../../cores/arduino_samd_mkrwan1310_69f8762d4f40de9fbf6a58e02a638f5b/core.a(SERCOM.cpp.o)
                0x00000000000023aa                SERCOM::writeDataUART(unsigned char)
 .text._ZN6SERCOM36enableDataRegisterEmptyInterruptUARTEv
                0x00000000000023be        0x8 /private/var/folders/cs/8k4rd8wn11g9t0b617_34rdr0000gp/T/arduino/sketches/50020086DF468555A24024536F63254E/../../cores/arduino_samd_mkrwan1310_69f8762d4f40de9fbf6a58e02a638f5b/core.a(SERCOM.cpp.o)
                0x00000000000023be                SERCOM::enableDataRegisterEmptyInterruptUART()
 .text._ZN6SERCOM37disableDataRegisterEmptyInterruptUARTEv
                0x00000000000023c6        0x8 /private/var/folders/cs/8k4rd8wn11g9t0b617_34rdr0000gp/T/arduino/sketches/50020086DF468555A24024536F63254E/../../cores/arduino_samd_mkrwan1310_69f8762d4f40de9fbf6a58e02a638f5b/core.a(SERCOM.cpp.o)
                0x00000000000023c6                SERCOM::disableDataRegisterEmptyInterruptUART()
 .text._ZN6SERCOM9resetWIREEv
                0x00000000000023ce       0x1a /private/var/folders/cs/8k4rd8wn11g9t0b617_34rdr0000gp/T/arduino/sketches/50020086DF468555A24024536F63254E/../../cores/arduino_samd_mkrwan1310_69f8762d4f40de9fbf6a58e02a638f5b/core.a(SERCOM.cpp.o)
                0x00000000000023ce                SERCOM::resetWIRE()
 .text._ZN6SERCOM10enableWIREEv
                0x00000000000023e8       0x2a /private/var/folders/cs/8k4rd8wn11g9t0b617_34rdr0000gp/T/arduino/sketches/50020086DF468555A24024536F63254E/../../cores/arduino_samd_mkrwan1310_69f8762d4f40de9fbf6a58e02a638f5b/core.a(SERCOM.cpp.o)
                0x00000000000023e8                SERCOM::enableWIRE()
 .text._ZN6SERCOM11disableWIREEv
                0x0000000000002412       0x14 /private/var/folders/cs/8k4rd8wn11g9t0b617_34rdr0000gp/T/arduino/sketches/50020086DF468555A24024536F63254E/../../cores/arduino_samd_mkrwan1310_69f8762d4f40de9fbf6a58e02a638f5b/core.a(SERCOM.cpp.o)
                0x0000000000002412                SERCOM::disableWIRE()
 .text._ZN6SERCOM18prepareNackBitWIREEv
                0x0000000000002426       0x10 /private/var/folders/cs/8k4rd8wn11g9t0b617_34rdr0000gp/T/arduino/sketches/50020086DF468555A24024536F63254E/../../cores/arduino_samd_mkrwan1310_69f8762d4f40de9fbf6a58e02a638f5b/core.a(SERCOM.cpp.o)
                0x0000000000002426                SERCOM::prepareNackBitWIRE()
 *fill*         0x0000000000002436        0x2 
 .text._ZN6SERCOM22prepareCommandBitsWireEh
                0x0000000000002438       0x2c /private/var/folders/cs/8k4rd8wn11g9t0b617_34rdr0000gp/T/arduino/sketches/50020086DF468555A24024536F63254E/../../cores/arduino_samd_mkrwan1310_69f8762d4f40de9fbf6a58e02a638f5b/core.a(SERCOM.cpp.o)
                0x0000000000002438                SERCOM::prepareCommandBitsWire(unsigned char)
 .text._ZN6SERCOM21startTransmissionWIREEh23SercomWireReadWriteFlag
                0x0000000000002464       0x84 /private/var/folders/cs/8k4rd8wn11g9t0b617_34rdr0000gp/T/arduino/sketches/50020086DF468555A24024536F63254E/../../cores/arduino_samd_mkrwan1310_69f8762d4f40de9fbf6a58e02a638f5b/core.a(SERCOM.cpp.o)
                0x0000000000002464                SERCOM::startTransmissionWIRE(unsigned char, SercomWireReadWriteFlag)
 .text._ZN6SERCOM18sendDataMasterWIREEh
                0x00000000000024e8       0x30 /private/var/folders/cs/8k4rd8wn11g9t0b617_34rdr0000gp/T/arduino/sketches/50020086DF468555A24024536F63254E/../../cores/arduino_samd_mkrwan1310_69f8762d4f40de9fbf6a58e02a638f5b/core.a(SERCOM.cpp.o)
                0x00000000000024e8                SERCOM::sendDataMasterWIRE(unsigned char)
 .text._ZN6SERCOM12readDataWIREEv
                0x0000000000002518       0x20 /private/var/folders/cs/8k4rd8wn11g9t0b617_34rdr0000gp/T/arduino/sketches/50020086DF468555A24024536F63254E/../../cores/arduino_samd_mkrwan1310_69f8762d4f40de9fbf6a58e02a638f5b/core.a(SERCOM.cpp.o)
                0x0000000000002518                SERCOM::readDataWIRE()
 .text._ZN6SERCOM13initClockNVICEv
                0x0000000000002538       0xa8 /private/var/folders/cs/8k4rd8wn11g9t0b617_34rdr0000gp/T/arduino/sketches/50020086DF468555A24024536F63254E/../../cores/arduino_samd_mkrwan1310_69f8762d4f40de9fbf6a58e02a638f5b/core.a(SERCOM.cpp.o)
                0x0000000000002538                SERCOM::initClockNVIC()
 .text._ZN6SERCOM8initUARTE14SercomUartMode20SercomUartSampleRatem
                0x00000000000025e0       0x6c /private/var/folders/cs/8k4rd8wn11g9t0b617_34rdr0000gp/T/arduino/sketches/50020086DF468555A24024536F63254E/../../cores/arduino_samd_mkrwan1310_69f8762d4f40de9fbf6a58e02a638f5b/core.a(SERCOM.cpp.o)
                0x00000000000025e0                SERCOM::initUART(SercomUartMode, SercomUartSampleRate, unsigned long)
 .text._ZN6SERCOM14initMasterWIREEm
                0x000000000000264c       0x54 /private/var/folders/cs/8k4rd8wn11g9t0b617_34rdr0000gp/T/arduino/sketches/50020086DF468555A24024536F63254E/../../cores/arduino_samd_mkrwan1310_69f8762d4f40de9fbf6a58e02a638f5b/core.a(SERCOM.cpp.o)
                0x000000000000264c                SERCOM::initMasterWIRE(unsigned long)
 .text._ZN4UartcvbEv
                0x00000000000026a0        0x4 /private/var/folders/cs/8k4rd8wn11g9t0b617_34rdr0000gp/T/arduino/sketches/50020086DF468555A24024536F63254E/../../cores/arduino_samd_mkrwan1310_69f8762d4f40de9fbf6a58e02a638f5b/core.a(Uart.cpp.o)
                0x00000000000026a0                Uart::operator bool()
 .text._ZN4Uart5beginEm
                0x00000000000026a4       0x10 /private/var/folders/cs/8k4rd8wn11g9t0b617_34rdr0000gp/T/arduino/sketches/50020086DF468555A24024536F63254E/../../cores/arduino_samd_mkrwan1310_69f8762d4f40de9fbf6a58e02a638f5b/core.a(Uart.cpp.o)
                0x00000000000026a4                Uart::begin(unsigned long)
 .text._ZN4Uart9availableEv
                0x00000000000026b4        0x6 /private/var/folders/cs/8k4rd8wn11g9t0b617_34rdr0000gp/T/arduino/sketches/50020086DF468555A24024536F63254E/../../cores/arduino_samd_mkrwan1310_69f8762d4f40de9fbf6a58e02a638f5b/core.a(Uart.cpp.o)
                0x00000000000026b4                Uart::available()
 .text._ZN4Uart17availableForWriteEv
                0x00000000000026ba       0x10 /private/var/folders/cs/8k4rd8wn11g9t0b617_34rdr0000gp/T/arduino/sketches/50020086DF468555A24024536F63254E/../../cores/arduino_samd_mkrwan1310_69f8762d4f40de9fbf6a58e02a638f5b/core.a(Uart.cpp.o)
                0x00000000000026ba                Uart::availableForWrite()
 .text._ZN4Uart4peekEv
                0x00000000000026ca       0x18 /private/var/folders/cs/8k4rd8wn11g9t0b617_34rdr0000gp/T/arduino/sketches/50020086DF468555A24024536F63254E/../../cores/arduino_samd_mkrwan1310_69f8762d4f40de9fbf6a58e02a638f5b/core.a(Uart.cpp.o)
                0x00000000000026ca                Uart::peek()
 .text._ZN4Uart3endEv
                0x00000000000026e2       0x24 /private/var/folders/cs/8k4rd8wn11g9t0b617_34rdr0000gp/T/arduino/sketches/50020086DF468555A24024536F63254E/../../cores/arduino_samd_mkrwan1310_69f8762d4f40de9fbf6a58e02a638f5b/core.a(Uart.cpp.o)
                0x00000000000026e2                Uart::end()
 .text._ZN4Uart5flushEv
                0x0000000000002706       0x16 /private/var/folders/cs/8k4rd8wn11g9t0b617_34rdr0000gp/T/arduino/sketches/50020086DF468555A24024536F63254E/../../cores/arduino_samd_mkrwan1310_69f8762d4f40de9fbf6a58e02a638f5b/core.a(Uart.cpp.o)
                0x0000000000002706                Uart::flush()
 .text._ZN7__GuardD2Ev
                0x000000000000271c        0xe /private/var/folders/cs/8k4rd8wn11g9t0b617_34rdr0000gp/T/arduino/sketches/50020086DF468555A24024536F63254E/../../cores/arduino_samd_mkrwan1310_69f8762d4f40de9fbf6a58e02a638f5b/core.a(Uart.cpp.o)
                0x000000000000271c                __Guard::~__Guard()
                0x000000000000271c                __Guard::~__Guard()
 .text._ZN4Uart16extractNbStopBitEt
                0x000000000000272a        0xc /private/var/folders/cs/8k4rd8wn11g9t0b617_34rdr0000gp/T/arduino/sketches/50020086DF468555A24024536F63254E/../../cores/arduino_samd_mkrwan1310_69f8762d4f40de9fbf6a58e02a638f5b/core.a(Uart.cpp.o)
                0x000000000000272a                Uart::extractNbStopBit(unsigned short)
 .text._ZN4Uart15extractCharSizeEt
                0x0000000000002736       0x28 /private/var/folders/cs/8k4rd8wn11g9t0b617_34rdr0000gp/T/arduino/sketches/50020086DF468555A24024536F63254E/../../cores/arduino_samd_mkrwan1310_69f8762d4f40de9fbf6a58e02a638f5b/core.a(Uart.cpp.o)
                0x0000000000002736                Uart::extractCharSize(unsigned short)
 .text._ZN4Uart13extractParityEt
                0x000000000000275e       0x14 /private/var/folders/cs/8k4rd8wn11g9t0b617_34rdr0000gp/T/arduino/sketches/50020086DF468555A24024536F63254E/../../cores/arduino_samd_mkrwan1310_69f8762d4f40de9fbf6a58e02a638f5b/core.a(Uart.cpp.o)
                0x000000000000275e                Uart::extractParity(unsigned short)
 *fill*         0x0000000000002772        0x2 
 .text._ZN4Uart5beginEmt
                0x0000000000002774       0xf8 /private/var/folders/cs/8k4rd8wn11g9t0b617_34rdr0000gp/T/arduino/sketches/50020086DF468555A24024536F63254E/../../cores/arduino_samd_mkrwan1310_69f8762d4f40de9fbf6a58e02a638f5b/core.a(Uart.cpp.o)
                0x0000000000002774                Uart::begin(unsigned long, unsigned short)
 .text._ZN7arduino11RingBufferNILi256EEC2Ev
                0x000000000000286c       0x1e /private/var/folders/cs/8k4rd8wn11g9t0b617_34rdr0000gp/T/arduino/sketches/50020086DF468555A24024536F63254E/../../cores/arduino_samd_mkrwan1310_69f8762d4f40de9fbf6a58e02a638f5b/core.a(Uart.cpp.o)
                0x000000000000286c                arduino::RingBufferN<256>::RingBufferN()
                0x000000000000286c                arduino::RingBufferN<256>::RingBufferN()
 *fill*         0x000000000000288a        0x2 
 .text._ZN4UartC2EP6SERCOMhh11SercomRXPad15SercomUartTXPad
                0x000000000000288c       0x74 /private/var/folders/cs/8k4rd8wn11g9t0b617_34rdr0000gp/T/arduino/sketches/50020086DF468555A24024536F63254E/../../cores/arduino_samd_mkrwan1310_69f8762d4f40de9fbf6a58e02a638f5b/core.a(Uart.cpp.o)
                0x000000000000288c                Uart::Uart(SERCOM*, unsigned char, unsigned char, SercomRXPad, SercomUartTXPad)
                0x000000000000288c                Uart::Uart(SERCOM*, unsigned char, unsigned char, SercomRXPad, SercomUartTXPad)
 .text._ZN7arduino15SafeRingBufferNILi256EE10store_charEh
                0x0000000000002900       0x4a /private/var/folders/cs/8k4rd8wn11g9t0b617_34rdr0000gp/T/arduino/sketches/50020086DF468555A24024536F63254E/../../cores/arduino_samd_mkrwan1310_69f8762d4f40de9fbf6a58e02a638f5b/core.a(Uart.cpp.o)
                0x0000000000002900                arduino::SafeRingBufferN<256>::store_char(unsigned char)
 .text._ZN7arduino15SafeRingBufferNILi256EE9read_charEv
                0x000000000000294a       0x50 /private/var/folders/cs/8k4rd8wn11g9t0b617_34rdr0000gp/T/arduino/sketches/50020086DF468555A24024536F63254E/../../cores/arduino_samd_mkrwan1310_69f8762d4f40de9fbf6a58e02a638f5b/core.a(Uart.cpp.o)
                0x000000000000294a                arduino::SafeRingBufferN<256>::read_char()
 .text._ZN4Uart10IrqHandlerEv
                0x000000000000299a       0xa4 /private/var/folders/cs/8k4rd8wn11g9t0b617_34rdr0000gp/T/arduino/sketches/50020086DF468555A24024536F63254E/../../cores/arduino_samd_mkrwan1310_69f8762d4f40de9fbf6a58e02a638f5b/core.a(Uart.cpp.o)
                0x000000000000299a                Uart::IrqHandler()
 *fill*         0x0000000000002a3e        0x2 
 .text._ZN4Uart5writeEh
                0x0000000000002a40       0x9c /private/var/folders/cs/8k4rd8wn11g9t0b617_34rdr0000gp/T/arduino/sketches/50020086DF468555A24024536F63254E/../../cores/arduino_samd_mkrwan1310_69f8762d4f40de9fbf6a58e02a638f5b/core.a(Uart.cpp.o)
                0x0000000000002a40                Uart::write(unsigned char)
 .text._ZN4Uart4readEv
                0x0000000000002adc       0x34 /private/var/folders/cs/8k4rd8wn11g9t0b617_34rdr0000gp/T/arduino/sketches/50020086DF468555A24024536F63254E/../../cores/arduino_samd_mkrwan1310_69f8762d4f40de9fbf6a58e02a638f5b/core.a(Uart.cpp.o)
                0x0000000000002adc                Uart::read()
 .text._ZN7arduino5Print5writeEPKhj
                0x0000000000002b10       0x28 /private/var/folders/cs/8k4rd8wn11g9t0b617_34rdr0000gp/T/arduino/sketches/50020086DF468555A24024536F63254E/../../cores/arduino_samd_mkrwan1310_69f8762d4f40de9fbf6a58e02a638f5b/core.a(Print.cpp.o)
                0x0000000000002b10                arduino::Print::write(unsigned char const*, unsigned int)
 .text.Dummy_Handler
                0x0000000000002b38        0x2 /private/var/folders/cs/8k4rd8wn11g9t0b617_34rdr0000gp/T/arduino/sketches/50020086DF468555A24024536F63254E/../../cores/arduino_samd_mkrwan1310_69f8762d4f40de9fbf6a58e02a638f5b/core.a(cortex_handlers.c.o)
                0x0000000000002b38                SYSCTRL_Handler
                0x0000000000002b38                HardFault_Handler
                0x0000000000002b38                AC_Handler
                0x0000000000002b38                PendSV_Handler
                0x0000000000002b38                NMI_Handler
                0x0000000000002b38                TC7_Handler
                0x0000000000002b38                SERCOM1_Handler
                0x0000000000002b38                ADC_Handler
                0x0000000000002b38                TCC1_Handler
                0x0000000000002b38                SERCOM2_Handler
                0x0000000000002b38                TCC0_Handler
                0x0000000000002b38                RTC_Handler
                0x0000000000002b38                EIC_Handler
                0x0000000000002b38                TC6_Handler
                0x0000000000002b38                WDT_Handler
                0x0000000000002b38                TC4_Handler
                0x0000000000002b38                TC3_Handler
                0x0000000000002b38                Dummy_Handler
                0x0000000000002b38                PM_Handler
                0x0000000000002b38                SVC_Handler
                0x0000000000002b38                TCC2_Handler
                0x0000000000002b38                EVSYS_Handler
                0x0000000000002b38                SERCOM3_Handler
                0x0000000000002b38                I2S_Handler
                0x0000000000002b38                NVMCTRL_Handler
                0x0000000000002b38                SERCOM0_Handler
                0x0000000000002b38                DAC_Handler
                0x0000000000002b38                PTC_Handler
                0x0000000000002b38                DMAC_Handler
 *fill*         0x0000000000002b3a        0x2 
 .text.USB_Handler
                0x0000000000002b3c       0x14 /private/var/folders/cs/8k4rd8wn11g9t0b617_34rdr0000gp/T/arduino/sketches/50020086DF468555A24024536F63254E/../../cores/arduino_samd_mkrwan1310_69f8762d4f40de9fbf6a58e02a638f5b/core.a(cortex_handlers.c.o)
                0x0000000000002b3c                USB_Handler
 .text.Reset_Handler
                0x0000000000002b50       0x54 /private/var/folders/cs/8k4rd8wn11g9t0b617_34rdr0000gp/T/arduino/sketches/50020086DF468555A24024536F63254E/../../cores/arduino_samd_mkrwan1310_69f8762d4f40de9fbf6a58e02a638f5b/core.a(cortex_handlers.c.o)
                0x0000000000002b50                Reset_Handler
 .text.SysTick_Handler
                0x0000000000002ba4       0x10 /private/var/folders/cs/8k4rd8wn11g9t0b617_34rdr0000gp/T/arduino/sketches/50020086DF468555A24024536F63254E/../../cores/arduino_samd_mkrwan1310_69f8762d4f40de9fbf6a58e02a638f5b/core.a(cortex_handlers.c.o)
                0x0000000000002ba4                SysTick_Handler
 .text.USB_SetHandler
                0x0000000000002bb4        0xc /private/var/folders/cs/8k4rd8wn11g9t0b617_34rdr0000gp/T/arduino/sketches/50020086DF468555A24024536F63254E/../../cores/arduino_samd_mkrwan1310_69f8762d4f40de9fbf6a58e02a638f5b/core.a(cortex_handlers.c.o)
                0x0000000000002bb4                USB_SetHandler
 .text.millis   0x0000000000002bc0        0xc /private/var/folders/cs/8k4rd8wn11g9t0b617_34rdr0000gp/T/arduino/sketches/50020086DF468555A24024536F63254E/../../cores/arduino_samd_mkrwan1310_69f8762d4f40de9fbf6a58e02a638f5b/core.a(delay.c.o)
                0x0000000000002bc0                millis
 .text.micros   0x0000000000002bcc       0x60 /private/var/folders/cs/8k4rd8wn11g9t0b617_34rdr0000gp/T/arduino/sketches/50020086DF468555A24024536F63254E/../../cores/arduino_samd_mkrwan1310_69f8762d4f40de9fbf6a58e02a638f5b/core.a(delay.c.o)
                0x0000000000002bcc                micros
 .text.delay    0x0000000000002c2c       0x30 /private/var/folders/cs/8k4rd8wn11g9t0b617_34rdr0000gp/T/arduino/sketches/50020086DF468555A24024536F63254E/../../cores/arduino_samd_mkrwan1310_69f8762d4f40de9fbf6a58e02a638f5b/core.a(delay.c.o)
                0x0000000000002c2c                delay
 .text.resetExternalChip
                0x0000000000002c5c        0x2 /private/var/folders/cs/8k4rd8wn11g9t0b617_34rdr0000gp/T/arduino/sketches/50020086DF468555A24024536F63254E/../../cores/arduino_samd_mkrwan1310_69f8762d4f40de9fbf6a58e02a638f5b/core.a(delay.c.o)
                0x0000000000002c5c                resetExternalChip
 *fill*         0x0000000000002c5e        0x2 
 .text.SysTick_DefaultHandler
                0x0000000000002c60       0x14 /private/var/folders/cs/8k4rd8wn11g9t0b617_34rdr0000gp/T/arduino/sketches/50020086DF468555A24024536F63254E/../../cores/arduino_samd_mkrwan1310_69f8762d4f40de9fbf6a58e02a638f5b/core.a(delay.c.o)
                0x0000000000002c60                SysTick_DefaultHandler
 .text.__empty  0x0000000000002c74        0x2 /private/var/folders/cs/8k4rd8wn11g9t0b617_34rdr0000gp/T/arduino/sketches/50020086DF468555A24024536F63254E/../../cores/arduino_samd_mkrwan1310_69f8762d4f40de9fbf6a58e02a638f5b/core.a(hooks.c.o)
                0x0000000000002c74                yield
 .text.__false  0x0000000000002c76        0x4 /private/var/folders/cs/8k4rd8wn11g9t0b617_34rdr0000gp/T/arduino/sketches/50020086DF468555A24024536F63254E/../../cores/arduino_samd_mkrwan1310_69f8762d4f40de9fbf6a58e02a638f5b/core.a(hooks.c.o)
                0x0000000000002c76                sysTickHook
 *fill*         0x0000000000002c7a        0x2 
 .text.startup.main
                0x0000000000002c7c       0x40 /private/var/folders/cs/8k4rd8wn11g9t0b617_34rdr0000gp/T/arduino/sketches/50020086DF468555A24024536F63254E/../../cores/arduino_samd_mkrwan1310_69f8762d4f40de9fbf6a58e02a638f5b/core.a(main.cpp.o)
                0x0000000000002c7c                main
 .text.SystemInit
                0x0000000000002cbc      0x160 /private/var/folders/cs/8k4rd8wn11g9t0b617_34rdr0000gp/T/arduino/sketches/50020086DF468555A24024536F63254E/../../cores/arduino_samd_mkrwan1310_69f8762d4f40de9fbf6a58e02a638f5b/core.a(startup.c.o)
                0x0000000000002cbc                SystemInit
 .text.init     0x0000000000002e1c       0xe0 /private/var/folders/cs/8k4rd8wn11g9t0b617_34rdr0000gp/T/arduino/sketches/50020086DF468555A24024536F63254E/../../cores/arduino_samd_mkrwan1310_69f8762d4f40de9fbf6a58e02a638f5b/core.a(wiring.c.o)
                0x0000000000002e1c                init
 .text.analogReference
                0x0000000000002efc       0x64 /private/var/folders/cs/8k4rd8wn11g9t0b617_34rdr0000gp/T/arduino/sketches/50020086DF468555A24024536F63254E/../../cores/arduino_samd_mkrwan1310_69f8762d4f40de9fbf6a58e02a638f5b/core.a(wiring_analog.c.o)
                0x0000000000002efc                analogReference
 .text.pinMode  0x0000000000002f60       0x98 /private/var/folders/cs/8k4rd8wn11g9t0b617_34rdr0000gp/T/arduino/sketches/50020086DF468555A24024536F63254E/../../cores/arduino_samd_mkrwan1310_69f8762d4f40de9fbf6a58e02a638f5b/core.a(wiring_digital.c.o)
                0x0000000000002f60                pinMode
 .text.digitalWrite
                0x0000000000002ff8       0x58 /private/var/folders/cs/8k4rd8wn11g9t0b617_34rdr0000gp/T/arduino/sketches/50020086DF468555A24024536F63254E/../../cores/arduino_samd_mkrwan1310_69f8762d4f40de9fbf6a58e02a638f5b/core.a(wiring_digital.c.o)
                0x0000000000002ff8                digitalWrite
 .text.pinPeripheral
                0x0000000000003050       0xc0 /private/var/folders/cs/8k4rd8wn11g9t0b617_34rdr0000gp/T/arduino/sketches/50020086DF468555A24024536F63254E/../../cores/arduino_samd_mkrwan1310_69f8762d4f40de9fbf6a58e02a638f5b/core.a(wiring_private.c.o)
                0x0000000000003050                pinPeripheral
 .text.initiateReset
                0x0000000000003110       0x14 /private/var/folders/cs/8k4rd8wn11g9t0b617_34rdr0000gp/T/arduino/sketches/50020086DF468555A24024536F63254E/../../cores/arduino_samd_mkrwan1310_69f8762d4f40de9fbf6a58e02a638f5b/core.a(Reset.cpp.o)
                0x0000000000003110                initiateReset
 .text.cancelReset
                0x0000000000003124       0x10 /private/var/folders/cs/8k4rd8wn11g9t0b617_34rdr0000gp/T/arduino/sketches/50020086DF468555A24024536F63254E/../../cores/arduino_samd_mkrwan1310_69f8762d4f40de9fbf6a58e02a638f5b/core.a(Reset.cpp.o)
                0x0000000000003124                cancelReset
 .text.tickReset
                0x0000000000003134       0x78 /private/var/folders/cs/8k4rd8wn11g9t0b617_34rdr0000gp/T/arduino/sketches/50020086DF468555A24024536F63254E/../../cores/arduino_samd_mkrwan1310_69f8762d4f40de9fbf6a58e02a638f5b/core.a(Reset.cpp.o)
                0x0000000000003134                tickReset
 .text._ZN26DoubleBufferedEPOutHandlerD2Ev
                0x00000000000031ac        0x2 /private/var/folders/cs/8k4rd8wn11g9t0b617_34rdr0000gp/T/arduino/sketches/50020086DF468555A24024536F63254E/../../cores/arduino_samd_mkrwan1310_69f8762d4f40de9fbf6a58e02a638f5b/core.a(USBCore.cpp.o)
                0x00000000000031ac                DoubleBufferedEPOutHandler::~DoubleBufferedEPOutHandler()
                0x00000000000031ac                DoubleBufferedEPOutHandler::~DoubleBufferedEPOutHandler()
 .text._ZN26DoubleBufferedEPOutHandlerD0Ev
                0x00000000000031ae        0xc /private/var/folders/cs/8k4rd8wn11g9t0b617_34rdr0000gp/T/arduino/sketches/50020086DF468555A24024536F63254E/../../cores/arduino_samd_mkrwan1310_69f8762d4f40de9fbf6a58e02a638f5b/core.a(USBCore.cpp.o)
                0x00000000000031ae                DoubleBufferedEPOutHandler::~DoubleBufferedEPOutHandler()
 *fill*         0x00000000000031ba        0x2 
 .text._ZN14USBDeviceClass6initEPEmm.part.7
                0x00000000000031bc       0xc4 /private/var/folders/cs/8k4rd8wn11g9t0b617_34rdr0000gp/T/arduino/sketches/50020086DF468555A24024536F63254E/../../cores/arduino_samd_mkrwan1310_69f8762d4f40de9fbf6a58e02a638f5b/core.a(USBCore.cpp.o)
 .text._ZN7__GuardC2Ev
                0x0000000000003280        0xe /private/var/folders/cs/8k4rd8wn11g9t0b617_34rdr0000gp/T/arduino/sketches/50020086DF468555A24024536F63254E/../../cores/arduino_samd_mkrwan1310_69f8762d4f40de9fbf6a58e02a638f5b/core.a(USBCore.cpp.o)
                0x0000000000003280                __Guard::__Guard()
                0x0000000000003280                __Guard::__Guard()
 .text._ZNK26DoubleBufferedEPOutHandler10_availableEv
                0x000000000000328e       0x70 /private/var/folders/cs/8k4rd8wn11g9t0b617_34rdr0000gp/T/arduino/sketches/50020086DF468555A24024536F63254E/../../cores/arduino_samd_mkrwan1310_69f8762d4f40de9fbf6a58e02a638f5b/core.a(USBCore.cpp.o)
                0x000000000000328e                DoubleBufferedEPOutHandler::_available() const
 *fill*         0x00000000000032fe        0x2 
 .text._ZN26DoubleBufferedEPOutHandler7releaseEv
                0x0000000000003300       0x38 /private/var/folders/cs/8k4rd8wn11g9t0b617_34rdr0000gp/T/arduino/sketches/50020086DF468555A24024536F63254E/../../cores/arduino_samd_mkrwan1310_69f8762d4f40de9fbf6a58e02a638f5b/core.a(USBCore.cpp.o)
                0x0000000000003300                DoubleBufferedEPOutHandler::release()
 .text._ZN26DoubleBufferedEPOutHandler14handleEndpointEv
                0x0000000000003338       0xe2 /private/var/folders/cs/8k4rd8wn11g9t0b617_34rdr0000gp/T/arduino/sketches/50020086DF468555A24024536F63254E/../../cores/arduino_samd_mkrwan1310_69f8762d4f40de9fbf6a58e02a638f5b/core.a(USBCore.cpp.o)
                0x0000000000003338                DoubleBufferedEPOutHandler::handleEndpoint()
 .text._ZN14USBDeviceClass14SendInterfacesEPm
                0x000000000000341a       0x20 /private/var/folders/cs/8k4rd8wn11g9t0b617_34rdr0000gp/T/arduino/sketches/50020086DF468555A24024536F63254E/../../cores/arduino_samd_mkrwan1310_69f8762d4f40de9fbf6a58e02a638f5b/core.a(USBCore.cpp.o)
                0x000000000000341a                USBDeviceClass::SendInterfaces(unsigned long*)
 *fill*         0x000000000000343a        0x2 
 .text._ZN14USBDeviceClass6attachEv
                0x000000000000343c       0x34 /private/var/folders/cs/8k4rd8wn11g9t0b617_34rdr0000gp/T/arduino/sketches/50020086DF468555A24024536F63254E/../../cores/arduino_samd_mkrwan1310_69f8762d4f40de9fbf6a58e02a638f5b/core.a(USBCore.cpp.o)
                0x000000000000343c                USBDeviceClass::attach()
 .text._ZN14USBDeviceClass10setAddressEm
                0x0000000000003470       0x48 /private/var/folders/cs/8k4rd8wn11g9t0b617_34rdr0000gp/T/arduino/sketches/50020086DF468555A24024536F63254E/../../cores/arduino_samd_mkrwan1310_69f8762d4f40de9fbf6a58e02a638f5b/core.a(USBCore.cpp.o)
                0x0000000000003470                USBDeviceClass::setAddress(unsigned long)
 .text._ZN14USBDeviceClass25handleClassInterfaceSetupERN7arduino8USBSetupE
                0x00000000000034b8       0x24 /private/var/folders/cs/8k4rd8wn11g9t0b617_34rdr0000gp/T/arduino/sketches/50020086DF468555A24024536F63254E/../../cores/arduino_samd_mkrwan1310_69f8762d4f40de9fbf6a58e02a638f5b/core.a(USBCore.cpp.o)
                0x00000000000034b8                USBDeviceClass::handleClassInterfaceSetup(arduino::USBSetup&)
 .text._ZN14USBDeviceClass6initEPEmm
                0x00000000000034dc      0x10c /private/var/folders/cs/8k4rd8wn11g9t0b617_34rdr0000gp/T/arduino/sketches/50020086DF468555A24024536F63254E/../../cores/arduino_samd_mkrwan1310_69f8762d4f40de9fbf6a58e02a638f5b/core.a(USBCore.cpp.o)
                0x00000000000034dc                USBDeviceClass::initEP(unsigned long, unsigned long)
 .text._ZN14USBDeviceClass13initEndpointsEv
                0x00000000000035e8       0x24 /private/var/folders/cs/8k4rd8wn11g9t0b617_34rdr0000gp/T/arduino/sketches/50020086DF468555A24024536F63254E/../../cores/arduino_samd_mkrwan1310_69f8762d4f40de9fbf6a58e02a638f5b/core.a(USBCore.cpp.o)
                0x00000000000035e8                USBDeviceClass::initEndpoints()
 .text._ZN14USBDeviceClass5clearEm
                0x000000000000360c       0x38 /private/var/folders/cs/8k4rd8wn11g9t0b617_34rdr0000gp/T/arduino/sketches/50020086DF468555A24024536F63254E/../../cores/arduino_samd_mkrwan1310_69f8762d4f40de9fbf6a58e02a638f5b/core.a(USBCore.cpp.o)
                0x000000000000360c                USBDeviceClass::clear(unsigned long)
 .text._ZN14USBDeviceClass9availableEm
                0x0000000000003644       0x2c /private/var/folders/cs/8k4rd8wn11g9t0b617_34rdr0000gp/T/arduino/sketches/50020086DF468555A24024536F63254E/../../cores/arduino_samd_mkrwan1310_69f8762d4f40de9fbf6a58e02a638f5b/core.a(USBCore.cpp.o)
                0x0000000000003644                USBDeviceClass::available(unsigned long)
 .text._ZN14USBDeviceClass5flushEm
                0x0000000000003670       0x2c /private/var/folders/cs/8k4rd8wn11g9t0b617_34rdr0000gp/T/arduino/sketches/50020086DF468555A24024536F63254E/../../cores/arduino_samd_mkrwan1310_69f8762d4f40de9fbf6a58e02a638f5b/core.a(USBCore.cpp.o)
                0x0000000000003670                USBDeviceClass::flush(unsigned long)
 .text._ZN14USBDeviceClass4recvEmPvm
                0x000000000000369c       0xc0 /private/var/folders/cs/8k4rd8wn11g9t0b617_34rdr0000gp/T/arduino/sketches/50020086DF468555A24024536F63254E/../../cores/arduino_samd_mkrwan1310_69f8762d4f40de9fbf6a58e02a638f5b/core.a(USBCore.cpp.o)
                0x000000000000369c                USBDeviceClass::recv(unsigned long, void*, unsigned long)
 .text._ZN14USBDeviceClass4recvEm
                0x000000000000375c       0x1c /private/var/folders/cs/8k4rd8wn11g9t0b617_34rdr0000gp/T/arduino/sketches/50020086DF468555A24024536F63254E/../../cores/arduino_samd_mkrwan1310_69f8762d4f40de9fbf6a58e02a638f5b/core.a(USBCore.cpp.o)
                0x000000000000375c                USBDeviceClass::recv(unsigned long)
 .text._ZN14USBDeviceClass14armRecvCtrlOUTEm
                0x0000000000003778       0x5c /private/var/folders/cs/8k4rd8wn11g9t0b617_34rdr0000gp/T/arduino/sketches/50020086DF468555A24024536F63254E/../../cores/arduino_samd_mkrwan1310_69f8762d4f40de9fbf6a58e02a638f5b/core.a(USBCore.cpp.o)
                0x0000000000003778                USBDeviceClass::armRecvCtrlOUT(unsigned long)
 .text._ZN14USBDeviceClass11recvControlEPvm
                0x00000000000037d4       0x28 /private/var/folders/cs/8k4rd8wn11g9t0b617_34rdr0000gp/T/arduino/sketches/50020086DF468555A24024536F63254E/../../cores/arduino_samd_mkrwan1310_69f8762d4f40de9fbf6a58e02a638f5b/core.a(USBCore.cpp.o)
                0x00000000000037d4                USBDeviceClass::recvControl(void*, unsigned long)
 .text._ZN14USBDeviceClass4sendEmPKvm
                0x00000000000037fc      0x10c /private/var/folders/cs/8k4rd8wn11g9t0b617_34rdr0000gp/T/arduino/sketches/50020086DF468555A24024536F63254E/../../cores/arduino_samd_mkrwan1310_69f8762d4f40de9fbf6a58e02a638f5b/core.a(USBCore.cpp.o)
                0x00000000000037fc                USBDeviceClass::send(unsigned long, void const*, unsigned long)
 .text._ZN14USBDeviceClass7armSendEmPKvm
                0x0000000000003908       0x48 /private/var/folders/cs/8k4rd8wn11g9t0b617_34rdr0000gp/T/arduino/sketches/50020086DF468555A24024536F63254E/../../cores/arduino_samd_mkrwan1310_69f8762d4f40de9fbf6a58e02a638f5b/core.a(USBCore.cpp.o)
                0x0000000000003908                USBDeviceClass::armSend(unsigned long, void const*, unsigned long)
 .text._ZN14USBDeviceClass11sendControlEPKvm
                0x0000000000003950       0x54 /private/var/folders/cs/8k4rd8wn11g9t0b617_34rdr0000gp/T/arduino/sketches/50020086DF468555A24024536F63254E/../../cores/arduino_samd_mkrwan1310_69f8762d4f40de9fbf6a58e02a638f5b/core.a(USBCore.cpp.o)
                0x0000000000003950                USBDeviceClass::sendControl(void const*, unsigned long)
 .text._ZN14USBDeviceClass20sendStringDescriptorEPKhm
                0x00000000000039a4       0x64 /private/var/folders/cs/8k4rd8wn11g9t0b617_34rdr0000gp/T/arduino/sketches/50020086DF468555A24024536F63254E/../../cores/arduino_samd_mkrwan1310_69f8762d4f40de9fbf6a58e02a638f5b/core.a(USBCore.cpp.o)
                0x00000000000039a4                USBDeviceClass::sendStringDescriptor(unsigned char const*, unsigned long)
 .text._ZN14USBDeviceClass17sendConfigurationEm
                0x0000000000003a08       0x80 /private/var/folders/cs/8k4rd8wn11g9t0b617_34rdr0000gp/T/arduino/sketches/50020086DF468555A24024536F63254E/../../cores/arduino_samd_mkrwan1310_69f8762d4f40de9fbf6a58e02a638f5b/core.a(USBCore.cpp.o)
                0x0000000000003a08                USBDeviceClass::sendConfiguration(unsigned long)
 .text._ZN14USBDeviceClass14sendDescriptorERN7arduino8USBSetupE
                0x0000000000003a88       0xd8 /private/var/folders/cs/8k4rd8wn11g9t0b617_34rdr0000gp/T/arduino/sketches/50020086DF468555A24024536F63254E/../../cores/arduino_samd_mkrwan1310_69f8762d4f40de9fbf6a58e02a638f5b/core.a(USBCore.cpp.o)
                0x0000000000003a88                USBDeviceClass::sendDescriptor(arduino::USBSetup&)
 .text._ZN14USBDeviceClass7sendZlpEm
                0x0000000000003b60       0x18 /private/var/folders/cs/8k4rd8wn11g9t0b617_34rdr0000gp/T/arduino/sketches/50020086DF468555A24024536F63254E/../../cores/arduino_samd_mkrwan1310_69f8762d4f40de9fbf6a58e02a638f5b/core.a(USBCore.cpp.o)
                0x0000000000003b60                USBDeviceClass::sendZlp(unsigned long)
 .text._ZN14USBDeviceClass19handleStandardSetupERN7arduino8USBSetupE
                0x0000000000003b78       0xf0 /private/var/folders/cs/8k4rd8wn11g9t0b617_34rdr0000gp/T/arduino/sketches/50020086DF468555A24024536F63254E/../../cores/arduino_samd_mkrwan1310_69f8762d4f40de9fbf6a58e02a638f5b/core.a(USBCore.cpp.o)
                0x0000000000003b78                USBDeviceClass::handleStandardSetup(arduino::USBSetup&)
 .text._ZN14USBDeviceClass10ISRHandlerEv
                0x0000000000003c68      0x108 /private/var/folders/cs/8k4rd8wn11g9t0b617_34rdr0000gp/T/arduino/sketches/50020086DF468555A24024536F63254E/../../cores/arduino_samd_mkrwan1310_69f8762d4f40de9fbf6a58e02a638f5b/core.a(USBCore.cpp.o)
                0x0000000000003c68                USBDeviceClass::ISRHandler()
 .text.UDD_Handler
                0x0000000000003d70       0x10 /private/var/folders/cs/8k4rd8wn11g9t0b617_34rdr0000gp/T/arduino/sketches/50020086DF468555A24024536F63254E/../../cores/arduino_samd_mkrwan1310_69f8762d4f40de9fbf6a58e02a638f5b/core.a(USBCore.cpp.o)
                0x0000000000003d70                UDD_Handler
 .text._ZN7arduino13PluggableUSB_C2Ev
                0x0000000000003d80       0x10 /private/var/folders/cs/8k4rd8wn11g9t0b617_34rdr0000gp/T/arduino/sketches/50020086DF468555A24024536F63254E/../../cores/arduino_samd_mkrwan1310_69f8762d4f40de9fbf6a58e02a638f5b/core.a(USBCore.cpp.o)
                0x0000000000003d80                arduino::PluggableUSB_::PluggableUSB_()
                0x0000000000003d80                arduino::PluggableUSB_::PluggableUSB_()
 .text._Z8epBufferj
                0x0000000000003d90        0xc /private/var/folders/cs/8k4rd8wn11g9t0b617_34rdr0000gp/T/arduino/sketches/50020086DF468555A24024536F63254E/../../cores/arduino_samd_mkrwan1310_69f8762d4f40de9fbf6a58e02a638f5b/core.a(USBCore.cpp.o)
                0x0000000000003d90                epBuffer(unsigned int)
 .text._ZN7arduino11RingBufferNILi64EE10store_charEh
                0x0000000000003d9c       0x1c /private/var/folders/cs/8k4rd8wn11g9t0b617_34rdr0000gp/T/arduino/sketches/50020086DF468555A24024536F63254E/../../cores/arduino_samd_mkrwan1310_69f8762d4f40de9fbf6a58e02a638f5b/core.a(USBCore.cpp.o)
                0x0000000000003d9c                arduino::RingBufferN<64>::store_char(unsigned char)
 .text._ZN26DoubleBufferedEPOutHandler5_recvEv
                0x0000000000003db8      0x15e /private/var/folders/cs/8k4rd8wn11g9t0b617_34rdr0000gp/T/arduino/sketches/50020086DF468555A24024536F63254E/../../cores/arduino_samd_mkrwan1310_69f8762d4f40de9fbf6a58e02a638f5b/core.a(USBCore.cpp.o)
                0x0000000000003db8                DoubleBufferedEPOutHandler::_recv()
 .text._ZN26DoubleBufferedEPOutHandler9availableEv
                0x0000000000003f16        0xc /private/var/folders/cs/8k4rd8wn11g9t0b617_34rdr0000gp/T/arduino/sketches/50020086DF468555A24024536F63254E/../../cores/arduino_samd_mkrwan1310_69f8762d4f40de9fbf6a58e02a638f5b/core.a(USBCore.cpp.o)
                0x0000000000003f16                DoubleBufferedEPOutHandler::available()
 .text._ZN26DoubleBufferedEPOutHandler4peekEv
                0x0000000000003f22       0x1c /private/var/folders/cs/8k4rd8wn11g9t0b617_34rdr0000gp/T/arduino/sketches/50020086DF468555A24024536F63254E/../../cores/arduino_samd_mkrwan1310_69f8762d4f40de9fbf6a58e02a638f5b/core.a(USBCore.cpp.o)
                0x0000000000003f22                DoubleBufferedEPOutHandler::peek()
 .text._ZN26DoubleBufferedEPOutHandler4recvEPvm
                0x0000000000003f3e       0x60 /private/var/folders/cs/8k4rd8wn11g9t0b617_34rdr0000gp/T/arduino/sketches/50020086DF468555A24024536F63254E/../../cores/arduino_samd_mkrwan1310_69f8762d4f40de9fbf6a58e02a638f5b/core.a(USBCore.cpp.o)
                0x0000000000003f3e                DoubleBufferedEPOutHandler::recv(void*, unsigned long)
 *fill*         0x0000000000003f9e        0x2 
 .text.startup._GLOBAL__sub_I_usbd
                0x0000000000003fa0       0x10 /private/var/folders/cs/8k4rd8wn11g9t0b617_34rdr0000gp/T/arduino/sketches/50020086DF468555A24024536F63254E/../../cores/arduino_samd_mkrwan1310_69f8762d4f40de9fbf6a58e02a638f5b/core.a(USBCore.cpp.o)
 .text._ZN14USBDeviceClass4initEv
                0x0000000000003fb0      0x15c /private/var/folders/cs/8k4rd8wn11g9t0b617_34rdr0000gp/T/arduino/sketches/50020086DF468555A24024536F63254E/../../cores/arduino_samd_mkrwan1310_69f8762d4f40de9fbf6a58e02a638f5b/core.a(USBCore.cpp.o)
                0x0000000000003fb0                USBDeviceClass::init()
 .text._ZN7arduino13PluggableUSB_12getInterfaceEPh
                0x000000000000410c       0x28 /private/var/folders/cs/8k4rd8wn11g9t0b617_34rdr0000gp/T/arduino/sketches/50020086DF468555A24024536F63254E/../../cores/arduino_samd_mkrwan1310_69f8762d4f40de9fbf6a58e02a638f5b/core.a(PluggableUSB.cpp.o)
                0x000000000000410c                arduino::PluggableUSB_::getInterface(unsigned char*)
 .text._ZN7arduino13PluggableUSB_13getDescriptorERNS_8USBSetupE
                0x0000000000004134       0x20 /private/var/folders/cs/8k4rd8wn11g9t0b617_34rdr0000gp/T/arduino/sketches/50020086DF468555A24024536F63254E/../../cores/arduino_samd_mkrwan1310_69f8762d4f40de9fbf6a58e02a638f5b/core.a(PluggableUSB.cpp.o)
                0x0000000000004134                arduino::PluggableUSB_::getDescriptor(arduino::USBSetup&)
 .text._ZN7arduino13PluggableUSB_12getShortNameEPc
                0x0000000000004154       0x1e /private/var/folders/cs/8k4rd8wn11g9t0b617_34rdr0000gp/T/arduino/sketches/50020086DF468555A24024536F63254E/../../cores/arduino_samd_mkrwan1310_69f8762d4f40de9fbf6a58e02a638f5b/core.a(PluggableUSB.cpp.o)
                0x0000000000004154                arduino::PluggableUSB_::getShortName(char*)
 .text._ZN7arduino13PluggableUSB_5setupERNS_8USBSetupE
                0x0000000000004172       0x20 /private/var/folders/cs/8k4rd8wn11g9t0b617_34rdr0000gp/T/arduino/sketches/50020086DF468555A24024536F63254E/../../cores/arduino_samd_mkrwan1310_69f8762d4f40de9fbf6a58e02a638f5b/core.a(PluggableUSB.cpp.o)
                0x0000000000004172                arduino::PluggableUSB_::setup(arduino::USBSetup&)
 .text._ZN7arduino13PluggableUSB_4plugEPNS_18PluggableUSBModuleE
                0x0000000000004192       0x5c /private/var/folders/cs/8k4rd8wn11g9t0b617_34rdr0000gp/T/arduino/sketches/50020086DF468555A24024536F63254E/../../cores/arduino_samd_mkrwan1310_69f8762d4f40de9fbf6a58e02a638f5b/core.a(PluggableUSB.cpp.o)
                0x0000000000004192                arduino::PluggableUSB_::plug(arduino::PluggableUSBModule*)
 *fill*         0x00000000000041ee        0x2 
 .text._Z12PluggableUSBv
                0x00000000000041f0       0x24 /private/var/folders/cs/8k4rd8wn11g9t0b617_34rdr0000gp/T/arduino/sketches/50020086DF468555A24024536F63254E/../../cores/arduino_samd_mkrwan1310_69f8762d4f40de9fbf6a58e02a638f5b/core.a(PluggableUSB.cpp.o)
                0x00000000000041f0                PluggableUSB()
 .text._Znwj    0x0000000000004214        0x8 /private/var/folders/cs/8k4rd8wn11g9t0b617_34rdr0000gp/T/arduino/sketches/50020086DF468555A24024536F63254E/../../cores/arduino_samd_mkrwan1310_69f8762d4f40de9fbf6a58e02a638f5b/core.a(new.cpp.o)
                0x0000000000004214                operator new(unsigned int)
 .text._ZdlPv   0x000000000000421c        0x8 /private/var/folders/cs/8k4rd8wn11g9t0b617_34rdr0000gp/T/arduino/sketches/50020086DF468555A24024536F63254E/../../cores/arduino_samd_mkrwan1310_69f8762d4f40de9fbf6a58e02a638f5b/core.a(new.cpp.o)
                0x000000000000421c                operator delete(void*)
 .text._ZN7Serial_13getDescriptorERN7arduino8USBSetupE
                0x0000000000004224        0x4 /private/var/folders/cs/8k4rd8wn11g9t0b617_34rdr0000gp/T/arduino/sketches/50020086DF468555A24024536F63254E/../../cores/arduino_samd_mkrwan1310_69f8762d4f40de9fbf6a58e02a638f5b/core.a(CDC.cpp.o)
                0x0000000000004224                Serial_::getDescriptor(arduino::USBSetup&)
 .text._ZL5utox8mPc
                0x0000000000004228       0x24 /private/var/folders/cs/8k4rd8wn11g9t0b617_34rdr0000gp/T/arduino/sketches/50020086DF468555A24024536F63254E/../../cores/arduino_samd_mkrwan1310_69f8762d4f40de9fbf6a58e02a638f5b/core.a(CDC.cpp.o)
 .text._ZN7Serial_12getShortNameEPc
                0x000000000000424c       0x44 /private/var/folders/cs/8k4rd8wn11g9t0b617_34rdr0000gp/T/arduino/sketches/50020086DF468555A24024536F63254E/../../cores/arduino_samd_mkrwan1310_69f8762d4f40de9fbf6a58e02a638f5b/core.a(CDC.cpp.o)
                0x000000000000424c                Serial_::getShortName(char*)
 .text._ZThn16_N7Serial_12getShortNameEPc
                0x0000000000004290       0x10 /private/var/folders/cs/8k4rd8wn11g9t0b617_34rdr0000gp/T/arduino/sketches/50020086DF468555A24024536F63254E/../../cores/arduino_samd_mkrwan1310_69f8762d4f40de9fbf6a58e02a638f5b/core.a(CDC.cpp.o)
                0x0000000000004290                non-virtual thunk to Serial_::getShortName(char*)
 .text._ZN7Serial_5beginEm
                0x00000000000042a0        0x2 /private/var/folders/cs/8k4rd8wn11g9t0b617_34rdr0000gp/T/arduino/sketches/50020086DF468555A24024536F63254E/../../cores/arduino_samd_mkrwan1310_69f8762d4f40de9fbf6a58e02a638f5b/core.a(CDC.cpp.o)
                0x00000000000042a0                Serial_::begin(unsigned long)
 .text._ZN7Serial_5beginEmt
                0x00000000000042a2        0x2 /private/var/folders/cs/8k4rd8wn11g9t0b617_34rdr0000gp/T/arduino/sketches/50020086DF468555A24024536F63254E/../../cores/arduino_samd_mkrwan1310_69f8762d4f40de9fbf6a58e02a638f5b/core.a(CDC.cpp.o)
                0x00000000000042a2                Serial_::begin(unsigned long, unsigned short)
 .text._ZN7Serial_17availableForWriteEv
                0x00000000000042a4        0x4 /private/var/folders/cs/8k4rd8wn11g9t0b617_34rdr0000gp/T/arduino/sketches/50020086DF468555A24024536F63254E/../../cores/arduino_samd_mkrwan1310_69f8762d4f40de9fbf6a58e02a638f5b/core.a(CDC.cpp.o)
                0x00000000000042a4                Serial_::availableForWrite()
 .text._ZN7Serial_5writeEh
                0x00000000000042a8       0x14 /private/var/folders/cs/8k4rd8wn11g9t0b617_34rdr0000gp/T/arduino/sketches/50020086DF468555A24024536F63254E/../../cores/arduino_samd_mkrwan1310_69f8762d4f40de9fbf6a58e02a638f5b/core.a(CDC.cpp.o)
                0x00000000000042a8                Serial_::write(unsigned char)
 .text._ZN7Serial_12getInterfaceEPh
                0x00000000000042bc      0x11c /private/var/folders/cs/8k4rd8wn11g9t0b617_34rdr0000gp/T/arduino/sketches/50020086DF468555A24024536F63254E/../../cores/arduino_samd_mkrwan1310_69f8762d4f40de9fbf6a58e02a638f5b/core.a(CDC.cpp.o)
                0x00000000000042bc                Serial_::getInterface(unsigned char*)
 .text._ZThn16_N7Serial_12getInterfaceEPh
                0x00000000000043d8       0x10 /private/var/folders/cs/8k4rd8wn11g9t0b617_34rdr0000gp/T/arduino/sketches/50020086DF468555A24024536F63254E/../../cores/arduino_samd_mkrwan1310_69f8762d4f40de9fbf6a58e02a638f5b/core.a(CDC.cpp.o)
                0x00000000000043d8                non-virtual thunk to Serial_::getInterface(unsigned char*)
 .text._ZN7Serial_5setupERN7arduino8USBSetupE
                0x00000000000043e8       0x98 /private/var/folders/cs/8k4rd8wn11g9t0b617_34rdr0000gp/T/arduino/sketches/50020086DF468555A24024536F63254E/../../cores/arduino_samd_mkrwan1310_69f8762d4f40de9fbf6a58e02a638f5b/core.a(CDC.cpp.o)
                0x00000000000043e8                Serial_::setup(arduino::USBSetup&)
 .text._ZThn16_N7Serial_5setupERN7arduino8USBSetupE
                0x0000000000004480       0x10 /private/var/folders/cs/8k4rd8wn11g9t0b617_34rdr0000gp/T/arduino/sketches/50020086DF468555A24024536F63254E/../../cores/arduino_samd_mkrwan1310_69f8762d4f40de9fbf6a58e02a638f5b/core.a(CDC.cpp.o)
                0x0000000000004480                non-virtual thunk to Serial_::setup(arduino::USBSetup&)
 .text._ZN7Serial_3endEv
                0x0000000000004490       0x14 /private/var/folders/cs/8k4rd8wn11g9t0b617_34rdr0000gp/T/arduino/sketches/50020086DF468555A24024536F63254E/../../cores/arduino_samd_mkrwan1310_69f8762d4f40de9fbf6a58e02a638f5b/core.a(CDC.cpp.o)
                0x0000000000004490                Serial_::end()
 .text._ZN7Serial_9availableEv
                0x00000000000044a4       0x20 /private/var/folders/cs/8k4rd8wn11g9t0b617_34rdr0000gp/T/arduino/sketches/50020086DF468555A24024536F63254E/../../cores/arduino_samd_mkrwan1310_69f8762d4f40de9fbf6a58e02a638f5b/core.a(CDC.cpp.o)
                0x00000000000044a4                Serial_::available()
 .text._ZN7Serial_5flushEv
                0x00000000000044c4        0xe /private/var/folders/cs/8k4rd8wn11g9t0b617_34rdr0000gp/T/arduino/sketches/50020086DF468555A24024536F63254E/../../cores/arduino_samd_mkrwan1310_69f8762d4f40de9fbf6a58e02a638f5b/core.a(CDC.cpp.o)
                0x00000000000044c4                Serial_::flush()
 .text._ZN7Serial_5clearEv
                0x00000000000044d2        0xe /private/var/folders/cs/8k4rd8wn11g9t0b617_34rdr0000gp/T/arduino/sketches/50020086DF468555A24024536F63254E/../../cores/arduino_samd_mkrwan1310_69f8762d4f40de9fbf6a58e02a638f5b/core.a(CDC.cpp.o)
                0x00000000000044d2                Serial_::clear()
 .text._ZN7Serial_5writeEPKhj
                0x00000000000044e0       0x1e /private/var/folders/cs/8k4rd8wn11g9t0b617_34rdr0000gp/T/arduino/sketches/50020086DF468555A24024536F63254E/../../cores/arduino_samd_mkrwan1310_69f8762d4f40de9fbf6a58e02a638f5b/core.a(CDC.cpp.o)
                0x00000000000044e0                Serial_::write(unsigned char const*, unsigned int)
 *fill*         0x00000000000044fe        0x2 
 .text._ZN7Serial_4peekEv
                0x0000000000004500       0x1c /private/var/folders/cs/8k4rd8wn11g9t0b617_34rdr0000gp/T/arduino/sketches/50020086DF468555A24024536F63254E/../../cores/arduino_samd_mkrwan1310_69f8762d4f40de9fbf6a58e02a638f5b/core.a(CDC.cpp.o)
                0x0000000000004500                Serial_::peek()
 .text._ZN7Serial_4readEv
                0x000000000000451c       0x24 /private/var/folders/cs/8k4rd8wn11g9t0b617_34rdr0000gp/T/arduino/sketches/50020086DF468555A24024536F63254E/../../cores/arduino_samd_mkrwan1310_69f8762d4f40de9fbf6a58e02a638f5b/core.a(CDC.cpp.o)
                0x000000000000451c                Serial_::read()
 .text._ZN7Serial_cvbEv
                0x0000000000004540       0x28 /private/var/folders/cs/8k4rd8wn11g9t0b617_34rdr0000gp/T/arduino/sketches/50020086DF468555A24024536F63254E/../../cores/arduino_samd_mkrwan1310_69f8762d4f40de9fbf6a58e02a638f5b/core.a(CDC.cpp.o)
                0x0000000000004540                Serial_::operator bool()
 .text._ZThn16_N7Serial_13getDescriptorERN7arduino8USBSetupE
                0x0000000000004568        0x4 /private/var/folders/cs/8k4rd8wn11g9t0b617_34rdr0000gp/T/arduino/sketches/50020086DF468555A24024536F63254E/../../cores/arduino_samd_mkrwan1310_69f8762d4f40de9fbf6a58e02a638f5b/core.a(CDC.cpp.o)
                0x0000000000004568                non-virtual thunk to Serial_::getDescriptor(arduino::USBSetup&)
 .text._ZN7Serial_14handleEndpointEi
                0x000000000000456c        0x2 /private/var/folders/cs/8k4rd8wn11g9t0b617_34rdr0000gp/T/arduino/sketches/50020086DF468555A24024536F63254E/../../cores/arduino_samd_mkrwan1310_69f8762d4f40de9fbf6a58e02a638f5b/core.a(CDC.cpp.o)
                0x000000000000456c                Serial_::handleEndpoint(int)
 *fill*         0x000000000000456e        0x2 
 .text._ZN7Serial_C2ER14USBDeviceClass
                0x0000000000004570       0x50 /private/var/folders/cs/8k4rd8wn11g9t0b617_34rdr0000gp/T/arduino/sketches/50020086DF468555A24024536F63254E/../../cores/arduino_samd_mkrwan1310_69f8762d4f40de9fbf6a58e02a638f5b/core.a(CDC.cpp.o)
                0x0000000000004570                Serial_::Serial_(USBDeviceClass&)
                0x0000000000004570                Serial_::Serial_(USBDeviceClass&)
 .text._ZN7Serial_15enableInterruptEv
                0x00000000000045c0       0x30 /private/var/folders/cs/8k4rd8wn11g9t0b617_34rdr0000gp/T/arduino/sketches/50020086DF468555A24024536F63254E/../../cores/arduino_samd_mkrwan1310_69f8762d4f40de9fbf6a58e02a638f5b/core.a(CDC.cpp.o)
                0x00000000000045c0                Serial_::enableInterrupt()
 .text.startup._GLOBAL__sub_I__ZN7Serial_12getInterfaceEPh
                0x00000000000045f0       0x14 /private/var/folders/cs/8k4rd8wn11g9t0b617_34rdr0000gp/T/arduino/sketches/50020086DF468555A24024536F63254E/../../cores/arduino_samd_mkrwan1310_69f8762d4f40de9fbf6a58e02a638f5b/core.a(CDC.cpp.o)
 .text          0x0000000000004604       0x14 /Users/student/Library/Arduino15/packages/arduino/tools/arm-none-eabi-gcc/7-2017q4/bin/../lib/gcc/arm-none-eabi/7.2.1/thumb/v6-m/libgcc.a(_thumb1_case_uqi.o)
                0x0000000000004604                __gnu_thumb1_case_uqi
 .text          0x0000000000004618      0x114 /Users/student/Library/Arduino15/packages/arduino/tools/arm-none-eabi-gcc/7-2017q4/bin/../lib/gcc/arm-none-eabi/7.2.1/thumb/v6-m/libgcc.a(_udivsi3.o)
                0x0000000000004618                __udivsi3
                0x0000000000004618                __aeabi_uidiv
                0x0000000000004724                __aeabi_uidivmod
 .text          0x000000000000472c        0x4 /Users/student/Library/Arduino15/packages/arduino/tools/arm-none-eabi-gcc/7-2017q4/bin/../lib/gcc/arm-none-eabi/7.2.1/thumb/v6-m/libgcc.a(_dvmd_tls.o)
                0x000000000000472c                __aeabi_ldiv0
                0x000000000000472c                __aeabi_idiv0
 .text.__libc_init_array
                0x0000000000004730       0x48 /Users/student/Library/Arduino15/packages/arduino/tools/arm-none-eabi-gcc/7-2017q4/bin/../lib/gcc/arm-none-eabi/7.2.1/../../../../arm-none-eabi/lib/thumb/v6-m/libc_nano.a(lib_a-init.o)
                0x0000000000004730                __libc_init_array
 .text.malloc   0x0000000000004778       0x14 /Users/student/Library/Arduino15/packages/arduino/tools/arm-none-eabi-gcc/7-2017q4/bin/../lib/gcc/arm-none-eabi/7.2.1/../../../../arm-none-eabi/lib/thumb/v6-m/libc_nano.a(lib_a-malloc.o)
                0x0000000000004778                malloc
 .text.free     0x000000000000478c       0x14 /Users/student/Library/Arduino15/packages/arduino/tools/arm-none-eabi-gcc/7-2017q4/bin/../lib/gcc/arm-none-eabi/7.2.1/../../../../arm-none-eabi/lib/thumb/v6-m/libc_nano.a(lib_a-malloc.o)
                0x000000000000478c                free
 .text.memcpy   0x00000000000047a0       0x12 /Users/student/Library/Arduino15/packages/arduino/tools/arm-none-eabi-gcc/7-2017q4/bin/../lib/gcc/arm-none-eabi/7.2.1/../../../../arm-none-eabi/lib/thumb/v6-m/libc_nano.a(lib_a-memcpy-stub.o)
                0x00000000000047a0                memcpy
 .text.memset   0x00000000000047b2       0x10 /Users/student/Library/Arduino15/packages/arduino/tools/arm-none-eabi-gcc/7-2017q4/bin/../lib/gcc/arm-none-eabi/7.2.1/../../../../arm-none-eabi/lib/thumb/v6-m/libc_nano.a(lib_a-memset.o)
                0x00000000000047b2                memset
 *fill*         0x00000000000047c2        0x2 
 .text._free_r  0x00000000000047c4       0x94 /Users/student/Library/Arduino15/packages/arduino/tools/arm-none-eabi-gcc/7-2017q4/bin/../lib/gcc/arm-none-eabi/7.2.1/../../../../arm-none-eabi/lib/thumb/v6-m/libc_nano.a(lib_a-nano-freer.o)
                0x00000000000047c4                _free_r
 .text._malloc_r
                0x0000000000004858       0xbc /Users/student/Library/Arduino15/packages/arduino/tools/arm-none-eabi-gcc/7-2017q4/bin/../lib/gcc/arm-none-eabi/7.2.1/../../../../arm-none-eabi/lib/thumb/v6-m/libc_nano.a(lib_a-nano-mallocr.o)
                0x0000000000004858                _malloc_r
 .text._sbrk_r  0x0000000000004914       0x24 /Users/student/Library/Arduino15/packages/arduino/tools/arm-none-eabi-gcc/7-2017q4/bin/../lib/gcc/arm-none-eabi/7.2.1/../../../../arm-none-eabi/lib/thumb/v6-m/libc_nano.a(lib_a-sbrkr.o)
                0x0000000000004914                _sbrk_r
 .text          0x0000000000004938        0xe /Users/student/Library/Arduino15/packages/arduino/tools/arm-none-eabi-gcc/7-2017q4/bin/../lib/gcc/arm-none-eabi/7.2.1/../../../../arm-none-eabi/lib/thumb/v6-m/libc_nano.a(lib_a-strlen.o)
                0x0000000000004938                strlen
 .text.__malloc_lock
                0x0000000000004946        0x2 /Users/student/Library/Arduino15/packages/arduino/tools/arm-none-eabi-gcc/7-2017q4/bin/../lib/gcc/arm-none-eabi/7.2.1/../../../../arm-none-eabi/lib/thumb/v6-m/libc_nano.a(lib_a-mlock.o)
                0x0000000000004946                __malloc_lock
 .text.__malloc_unlock
                0x0000000000004948        0x2 /Users/student/Library/Arduino15/packages/arduino/tools/arm-none-eabi-gcc/7-2017q4/bin/../lib/gcc/arm-none-eabi/7.2.1/../../../../arm-none-eabi/lib/thumb/v6-m/libc_nano.a(lib_a-mlock.o)
                0x0000000000004948                __malloc_unlock
 *fill*         0x000000000000494a        0x2 
 .text._sbrk    0x000000000000494c       0x1c /Users/student/Library/Arduino15/packages/arduino/tools/arm-none-eabi-gcc/7-2017q4/bin/../lib/gcc/arm-none-eabi/7.2.1/../../../../arm-none-eabi/lib/thumb/v6-m/libnosys.a(sbrk.o)
                0x000000000000494c                _sbrk
 *(.init)
 .init          0x0000000000004968        0x4 /Users/student/Library/Arduino15/packages/arduino/tools/arm-none-eabi-gcc/7-2017q4/bin/../lib/gcc/arm-none-eabi/7.2.1/thumb/v6-m/crti.o
                0x0000000000004968                _init
 .init          0x000000000000496c        0x8 /Users/student/Library/Arduino15/packages/arduino/tools/arm-none-eabi-gcc/7-2017q4/bin/../lib/gcc/arm-none-eabi/7.2.1/thumb/v6-m/crtn.o
 *(.fini)
 .fini          0x0000000000004974        0x4 /Users/student/Library/Arduino15/packages/arduino/tools/arm-none-eabi-gcc/7-2017q4/bin/../lib/gcc/arm-none-eabi/7.2.1/thumb/v6-m/crti.o
                0x0000000000004974                _fini
 .fini          0x0000000000004978        0x8 /Users/student/Library/Arduino15/packages/arduino/tools/arm-none-eabi-gcc/7-2017q4/bin/../lib/gcc/arm-none-eabi/7.2.1/thumb/v6-m/crtn.o
 *crtbegin.o(.ctors)
 *crtbegin?.o(.ctors)
 *(EXCLUDE_FILE(*crtend.o *crtend?.o) .ctors)
 *(SORT_BY_NAME(.ctors.*))
 *(.ctors)
 *crtbegin.o(.dtors)
 *crtbegin?.o(.dtors)
 *(EXCLUDE_FILE(*crtend.o *crtend?.o) .dtors)
 *(SORT_BY_NAME(.dtors.*))
 *(.dtors)
 *(.rodata*)
 .rodata.g_APinDescription
                0x0000000000004980      0x3a8 /private/var/folders/cs/8k4rd8wn11g9t0b617_34rdr0000gp/T/arduino/sketches/50020086DF468555A24024536F63254E/core/variant.cpp.o
                0x0000000000004980                g_APinDescription
 .rodata._ZTV4Uart
                0x0000000000004d28       0x34 /private/var/folders/cs/8k4rd8wn11g9t0b617_34rdr0000gp/T/arduino/sketches/50020086DF468555A24024536F63254E/../../cores/arduino_samd_mkrwan1310_69f8762d4f40de9fbf6a58e02a638f5b/core.a(Uart.cpp.o)
                0x0000000000004d28                vtable for Uart
 .rodata._ZTV26DoubleBufferedEPOutHandler
                0x0000000000004d5c       0x24 /private/var/folders/cs/8k4rd8wn11g9t0b617_34rdr0000gp/T/arduino/sketches/50020086DF468555A24024536F63254E/../../cores/arduino_samd_mkrwan1310_69f8762d4f40de9fbf6a58e02a638f5b/core.a(USBCore.cpp.o)
                0x0000000000004d5c                vtable for DoubleBufferedEPOutHandler
 .rodata._ZL14STRING_PRODUCT
                0x0000000000004d80       0x15 /private/var/folders/cs/8k4rd8wn11g9t0b617_34rdr0000gp/T/arduino/sketches/50020086DF468555A24024536F63254E/../../cores/arduino_samd_mkrwan1310_69f8762d4f40de9fbf6a58e02a638f5b/core.a(USBCore.cpp.o)
 *fill*         0x0000000000004d95        0x1 
 .rodata._ZL15STRING_LANGUAGE
                0x0000000000004d96        0x4 /private/var/folders/cs/8k4rd8wn11g9t0b617_34rdr0000gp/T/arduino/sketches/50020086DF468555A24024536F63254E/../../cores/arduino_samd_mkrwan1310_69f8762d4f40de9fbf6a58e02a638f5b/core.a(USBCore.cpp.o)
 .rodata._ZL19STRING_MANUFACTURER
                0x0000000000004d9a        0xc /private/var/folders/cs/8k4rd8wn11g9t0b617_34rdr0000gp/T/arduino/sketches/50020086DF468555A24024536F63254E/../../cores/arduino_samd_mkrwan1310_69f8762d4f40de9fbf6a58e02a638f5b/core.a(USBCore.cpp.o)
 .rodata._ZL21USB_DeviceDescriptorB
                0x0000000000004da6       0x12 /private/var/folders/cs/8k4rd8wn11g9t0b617_34rdr0000gp/T/arduino/sketches/50020086DF468555A24024536F63254E/../../cores/arduino_samd_mkrwan1310_69f8762d4f40de9fbf6a58e02a638f5b/core.a(USBCore.cpp.o)
 .rodata._ZTV7Serial_
                0x0000000000004db8       0x60 /private/var/folders/cs/8k4rd8wn11g9t0b617_34rdr0000gp/T/arduino/sketches/50020086DF468555A24024536F63254E/../../cores/arduino_samd_mkrwan1310_69f8762d4f40de9fbf6a58e02a638f5b/core.a(CDC.cpp.o)
                0x0000000000004db8                vtable for Serial_
 *(.eh_frame*)
 .eh_frame      0x0000000000004e18        0x0 /Users/student/Library/Arduino15/packages/arduino/tools/arm-none-eabi-gcc/7-2017q4/bin/../lib/gcc/arm-none-eabi/7.2.1/thumb/v6-m/crtbegin.o
 .eh_frame      0x0000000000004e18        0x4 /Users/student/Library/Arduino15/packages/arduino/tools/arm-none-eabi-gcc/7-2017q4/bin/../lib/gcc/arm-none-eabi/7.2.1/thumb/v6-m/crtend.o

.glue_7         0x0000000000004e1c        0x0
 .glue_7        0x0000000000004e1c        0x0 linker stubs

.glue_7t        0x0000000000004e1c        0x0
 .glue_7t       0x0000000000004e1c        0x0 linker stubs

.vfp11_veneer   0x0000000000004e1c        0x0
 .vfp11_veneer  0x0000000000004e1c        0x0 linker stubs

.v4_bx          0x0000000000004e1c        0x0
 .v4_bx         0x0000000000004e1c        0x0 linker stubs

.iplt           0x0000000000004e1c        0x0
 .iplt          0x0000000000004e1c        0x0 /Users/student/Library/Arduino15/packages/arduino/tools/arm-none-eabi-gcc/7-2017q4/bin/../lib/gcc/arm-none-eabi/7.2.1/thumb/v6-m/crtbegin.o

.rel.dyn        0x0000000000004e1c        0x0
 .rel.iplt      0x0000000000004e1c        0x0 /Users/student/Library/Arduino15/packages/arduino/tools/arm-none-eabi-gcc/7-2017q4/bin/../lib/gcc/arm-none-eabi/7.2.1/thumb/v6-m/crtbegin.o

.ARM.extab
 *(.ARM.extab* .gnu.linkonce.armextab.*)
                0x0000000000004e1c                __exidx_start = .

.ARM.exidx
 *(.ARM.exidx* .gnu.linkonce.armexidx.*)
                0x0000000000004e1c                __exidx_end = .
                0x0000000000004e1c                __etext = .

.data           0x0000000020000000       0x90 load address 0x0000000000004e1c
                0x0000000020000000                __data_start__ = .
 *(vtable)
 *(.data*)
 .data.SystemCoreClock
                0x0000000020000000        0x4 /private/var/folders/cs/8k4rd8wn11g9t0b617_34rdr0000gp/T/arduino/sketches/50020086DF468555A24024536F63254E/../../cores/arduino_samd_mkrwan1310_69f8762d4f40de9fbf6a58e02a638f5b/core.a(wiring.c.o)
                0x0000000020000000                SystemCoreClock
 .data._ZL5ticks
                0x0000000020000004        0x4 /private/var/folders/cs/8k4rd8wn11g9t0b617_34rdr0000gp/T/arduino/sketches/50020086DF468555A24024536F63254E/../../cores/arduino_samd_mkrwan1310_69f8762d4f40de9fbf6a58e02a638f5b/core.a(Reset.cpp.o)
 .data._ZL10breakValue
                0x0000000020000008        0x4 /private/var/folders/cs/8k4rd8wn11g9t0b617_34rdr0000gp/T/arduino/sketches/50020086DF468555A24024536F63254E/../../cores/arduino_samd_mkrwan1310_69f8762d4f40de9fbf6a58e02a638f5b/core.a(CDC.cpp.o)
 .data._ZL12_usbLineInfo
                0x000000002000000c        0x8 /private/var/folders/cs/8k4rd8wn11g9t0b617_34rdr0000gp/T/arduino/sketches/50020086DF468555A24024536F63254E/../../cores/arduino_samd_mkrwan1310_69f8762d4f40de9fbf6a58e02a638f5b/core.a(CDC.cpp.o)
 .data._serialPeek
                0x0000000020000014        0x4 /private/var/folders/cs/8k4rd8wn11g9t0b617_34rdr0000gp/T/arduino/sketches/50020086DF468555A24024536F63254E/../../cores/arduino_samd_mkrwan1310_69f8762d4f40de9fbf6a58e02a638f5b/core.a(CDC.cpp.o)
                0x0000000020000014                _serialPeek
 .data._impure_ptr
                0x0000000020000018        0x4 /Users/student/Library/Arduino15/packages/arduino/tools/arm-none-eabi-gcc/7-2017q4/bin/../lib/gcc/arm-none-eabi/7.2.1/../../../../arm-none-eabi/lib/thumb/v6-m/libc_nano.a(lib_a-impure.o)
                0x0000000020000018                _impure_ptr
 .data.impure_data
                0x000000002000001c       0x60 /Users/student/Library/Arduino15/packages/arduino/tools/arm-none-eabi-gcc/7-2017q4/bin/../lib/gcc/arm-none-eabi/7.2.1/../../../../arm-none-eabi/lib/thumb/v6-m/libc_nano.a(lib_a-impure.o)
                0x000000002000007c                . = ALIGN (0x4)
                0x000000002000007c                PROVIDE (__preinit_array_start, .)
 *(.preinit_array)
                0x000000002000007c                PROVIDE (__preinit_array_end, .)
                0x000000002000007c                . = ALIGN (0x4)
                0x000000002000007c                PROVIDE (__init_array_start, .)
 *(SORT_BY_NAME(.init_array.*))
 *(.init_array)
 .init_array    0x000000002000007c        0x4 /Users/student/Library/Arduino15/packages/arduino/tools/arm-none-eabi-gcc/7-2017q4/bin/../lib/gcc/arm-none-eabi/7.2.1/thumb/v6-m/crtbegin.o
 .init_array    0x0000000020000080        0x4 /private/var/folders/cs/8k4rd8wn11g9t0b617_34rdr0000gp/T/arduino/sketches/50020086DF468555A24024536F63254E/core/variant.cpp.o
 .init_array    0x0000000020000084        0x4 /private/var/folders/cs/8k4rd8wn11g9t0b617_34rdr0000gp/T/arduino/sketches/50020086DF468555A24024536F63254E/../../cores/arduino_samd_mkrwan1310_69f8762d4f40de9fbf6a58e02a638f5b/core.a(USBCore.cpp.o)
 .init_array    0x0000000020000088        0x4 /private/var/folders/cs/8k4rd8wn11g9t0b617_34rdr0000gp/T/arduino/sketches/50020086DF468555A24024536F63254E/../../cores/arduino_samd_mkrwan1310_69f8762d4f40de9fbf6a58e02a638f5b/core.a(CDC.cpp.o)
                0x000000002000008c                PROVIDE (__init_array_end, .)
                0x000000002000008c                . = ALIGN (0x4)
                [!provide]                        PROVIDE (__fini_array_start, .)
 *(SORT_BY_NAME(.fini_array.*))
 *(.fini_array)
 .fini_array    0x000000002000008c        0x4 /Users/student/Library/Arduino15/packages/arduino/tools/arm-none-eabi-gcc/7-2017q4/bin/../lib/gcc/arm-none-eabi/7.2.1/thumb/v6-m/crtbegin.o
                [!provide]                        PROVIDE (__fini_array_end, .)
 *(.jcr*)
                0x0000000020000090                . = ALIGN (0x10)
                0x0000000020000090                __data_end__ = .

.igot.plt       0x0000000020000090        0x0 load address 0x0000000000004eac
 .igot.plt      0x0000000020000090        0x0 /Users/student/Library/Arduino15/packages/arduino/tools/arm-none-eabi-gcc/7-2017q4/bin/../lib/gcc/arm-none-eabi/7.2.1/thumb/v6-m/crtbegin.o

.bss            0x0000000020000090      0xb14 load address 0x0000000000004eac
                0x0000000020000090                . = ALIGN (0x4)
                0x0000000020000090                __bss_start__ = .
 *(.bss*)
 .bss           0x0000000020000090       0x1c /Users/student/Library/Arduino15/packages/arduino/tools/arm-none-eabi-gcc/7-2017q4/bin/../lib/gcc/arm-none-eabi/7.2.1/thumb/v6-m/crtbegin.o
 .bss.Serial1   0x00000000200000ac      0x244 /private/var/folders/cs/8k4rd8wn11g9t0b617_34rdr0000gp/T/arduino/sketches/50020086DF468555A24024536F63254E/core/variant.cpp.o
                0x00000000200000ac                Serial1
 .bss.Serial2   0x00000000200002f0      0x244 /private/var/folders/cs/8k4rd8wn11g9t0b617_34rdr0000gp/T/arduino/sketches/50020086DF468555A24024536F63254E/core/variant.cpp.o
                0x00000000200002f0                Serial2
 .bss.sercom0   0x0000000020000534        0x8 /private/var/folders/cs/8k4rd8wn11g9t0b617_34rdr0000gp/T/arduino/sketches/50020086DF468555A24024536F63254E/core/variant.cpp.o
                0x0000000020000534                sercom0
 .bss.sercom1   0x000000002000053c        0x8 /private/var/folders/cs/8k4rd8wn11g9t0b617_34rdr0000gp/T/arduino/sketches/50020086DF468555A24024536F63254E/core/variant.cpp.o
                0x000000002000053c                sercom1
 .bss.sercom2   0x0000000020000544        0x8 /private/var/folders/cs/8k4rd8wn11g9t0b617_34rdr0000gp/T/arduino/sketches/50020086DF468555A24024536F63254E/core/variant.cpp.o
                0x0000000020000544                sercom2
 .bss.sercom3   0x000000002000054c        0x8 /private/var/folders/cs/8k4rd8wn11g9t0b617_34rdr0000gp/T/arduino/sketches/50020086DF468555A24024536F63254E/core/variant.cpp.o
                0x000000002000054c                sercom3
 .bss.sercom4   0x0000000020000554        0x8 /private/var/folders/cs/8k4rd8wn11g9t0b617_34rdr0000gp/T/arduino/sketches/50020086DF468555A24024536F63254E/core/variant.cpp.o
                0x0000000020000554                sercom4
 .bss.sercom5   0x000000002000055c        0x8 /private/var/folders/cs/8k4rd8wn11g9t0b617_34rdr0000gp/T/arduino/sketches/50020086DF468555A24024536F63254E/core/variant.cpp.o
                0x000000002000055c                sercom5
 .bss.usb_isr   0x0000000020000564        0x4 /private/var/folders/cs/8k4rd8wn11g9t0b617_34rdr0000gp/T/arduino/sketches/50020086DF468555A24024536F63254E/../../cores/arduino_samd_mkrwan1310_69f8762d4f40de9fbf6a58e02a638f5b/core.a(cortex_handlers.c.o)
 .bss._ulTickCount
                0x0000000020000568        0x4 /private/var/folders/cs/8k4rd8wn11g9t0b617_34rdr0000gp/T/arduino/sketches/50020086DF468555A24024536F63254E/../../cores/arduino_samd_mkrwan1310_69f8762d4f40de9fbf6a58e02a638f5b/core.a(delay.c.o)
 .bss.EndPoints
                0x000000002000056c       0x28 /private/var/folders/cs/8k4rd8wn11g9t0b617_34rdr0000gp/T/arduino/sketches/50020086DF468555A24024536F63254E/../../cores/arduino_samd_mkrwan1310_69f8762d4f40de9fbf6a58e02a638f5b/core.a(USBCore.cpp.o)
                0x000000002000056c                EndPoints
 .bss.USBDevice
                0x0000000020000594        0x1 /private/var/folders/cs/8k4rd8wn11g9t0b617_34rdr0000gp/T/arduino/sketches/50020086DF468555A24024536F63254E/../../cores/arduino_samd_mkrwan1310_69f8762d4f40de9fbf6a58e02a638f5b/core.a(USBCore.cpp.o)
                0x0000000020000594                USBDevice
 *fill*         0x0000000020000595        0x3 
 .bss._ZL10epHandlers
                0x0000000020000598       0x1c /private/var/folders/cs/8k4rd8wn11g9t0b617_34rdr0000gp/T/arduino/sketches/50020086DF468555A24024536F63254E/../../cores/arduino_samd_mkrwan1310_69f8762d4f40de9fbf6a58e02a638f5b/core.a(USBCore.cpp.o)
 .bss._ZL14isEndpointHalt
                0x00000000200005b4        0x1 /private/var/folders/cs/8k4rd8wn11g9t0b617_34rdr0000gp/T/arduino/sketches/50020086DF468555A24024536F63254E/../../cores/arduino_samd_mkrwan1310_69f8762d4f40de9fbf6a58e02a638f5b/core.a(USBCore.cpp.o)
 .bss._ZL20LastTransmitTimedOut
                0x00000000200005b5        0x7 /private/var/folders/cs/8k4rd8wn11g9t0b617_34rdr0000gp/T/arduino/sketches/50020086DF468555A24024536F63254E/../../cores/arduino_samd_mkrwan1310_69f8762d4f40de9fbf6a58e02a638f5b/core.a(USBCore.cpp.o)
 .bss._ZL21isRemoteWakeUpEnabled
                0x00000000200005bc        0x1 /private/var/folders/cs/8k4rd8wn11g9t0b617_34rdr0000gp/T/arduino/sketches/50020086DF468555A24024536F63254E/../../cores/arduino_samd_mkrwan1310_69f8762d4f40de9fbf6a58e02a638f5b/core.a(USBCore.cpp.o)
 *fill*         0x00000000200005bd        0x3 
 .bss._ZL22udd_ep_in_cache_buffer
                0x00000000200005c0      0x1c0 /private/var/folders/cs/8k4rd8wn11g9t0b617_34rdr0000gp/T/arduino/sketches/50020086DF468555A24024536F63254E/../../cores/arduino_samd_mkrwan1310_69f8762d4f40de9fbf6a58e02a638f5b/core.a(USBCore.cpp.o)
 .bss._ZL23udd_ep_out_cache_buffer
                0x0000000020000780      0x1c0 /private/var/folders/cs/8k4rd8wn11g9t0b617_34rdr0000gp/T/arduino/sketches/50020086DF468555A24024536F63254E/../../cores/arduino_samd_mkrwan1310_69f8762d4f40de9fbf6a58e02a638f5b/core.a(USBCore.cpp.o)
 .bss._dry_run  0x0000000020000940        0x1 /private/var/folders/cs/8k4rd8wn11g9t0b617_34rdr0000gp/T/arduino/sketches/50020086DF468555A24024536F63254E/../../cores/arduino_samd_mkrwan1310_69f8762d4f40de9fbf6a58e02a638f5b/core.a(USBCore.cpp.o)
                0x0000000020000940                _dry_run
 .bss._pack_buffer
                0x0000000020000941      0x100 /private/var/folders/cs/8k4rd8wn11g9t0b617_34rdr0000gp/T/arduino/sketches/50020086DF468555A24024536F63254E/../../cores/arduino_samd_mkrwan1310_69f8762d4f40de9fbf6a58e02a638f5b/core.a(USBCore.cpp.o)
                0x0000000020000941                _pack_buffer
 .bss._pack_message
                0x0000000020000a41        0x1 /private/var/folders/cs/8k4rd8wn11g9t0b617_34rdr0000gp/T/arduino/sketches/50020086DF468555A24024536F63254E/../../cores/arduino_samd_mkrwan1310_69f8762d4f40de9fbf6a58e02a638f5b/core.a(USBCore.cpp.o)
                0x0000000020000a41                _pack_message
 .bss._pack_size
                0x0000000020000a42        0x2 /private/var/folders/cs/8k4rd8wn11g9t0b617_34rdr0000gp/T/arduino/sketches/50020086DF468555A24024536F63254E/../../cores/arduino_samd_mkrwan1310_69f8762d4f40de9fbf6a58e02a638f5b/core.a(USBCore.cpp.o)
                0x0000000020000a42                _pack_size
 .bss._usbConfiguration
                0x0000000020000a44        0x4 /private/var/folders/cs/8k4rd8wn11g9t0b617_34rdr0000gp/T/arduino/sketches/50020086DF468555A24024536F63254E/../../cores/arduino_samd_mkrwan1310_69f8762d4f40de9fbf6a58e02a638f5b/core.a(USBCore.cpp.o)
                0x0000000020000a44                _usbConfiguration
 .bss._usbSetInterface
                0x0000000020000a48        0x4 /private/var/folders/cs/8k4rd8wn11g9t0b617_34rdr0000gp/T/arduino/sketches/50020086DF468555A24024536F63254E/../../cores/arduino_samd_mkrwan1310_69f8762d4f40de9fbf6a58e02a638f5b/core.a(USBCore.cpp.o)
                0x0000000020000a48                _usbSetInterface
 .bss.usbd      0x0000000020000a4c      0x104 /private/var/folders/cs/8k4rd8wn11g9t0b617_34rdr0000gp/T/arduino/sketches/50020086DF468555A24024536F63254E/../../cores/arduino_samd_mkrwan1310_69f8762d4f40de9fbf6a58e02a638f5b/core.a(USBCore.cpp.o)
                0x0000000020000a4c                usbd
 .bss._ZGVZ12PluggableUSBvE3obj
                0x0000000020000b50        0x4 /private/var/folders/cs/8k4rd8wn11g9t0b617_34rdr0000gp/T/arduino/sketches/50020086DF468555A24024536F63254E/../../cores/arduino_samd_mkrwan1310_69f8762d4f40de9fbf6a58e02a638f5b/core.a(PluggableUSB.cpp.o)
 .bss._ZZ12PluggableUSBvE3obj
                0x0000000020000b54        0xc /private/var/folders/cs/8k4rd8wn11g9t0b617_34rdr0000gp/T/arduino/sketches/50020086DF468555A24024536F63254E/../../cores/arduino_samd_mkrwan1310_69f8762d4f40de9fbf6a58e02a638f5b/core.a(PluggableUSB.cpp.o)
 .bss.SerialUSB
                0x0000000020000b60       0x34 /private/var/folders/cs/8k4rd8wn11g9t0b617_34rdr0000gp/T/arduino/sketches/50020086DF468555A24024536F63254E/../../cores/arduino_samd_mkrwan1310_69f8762d4f40de9fbf6a58e02a638f5b/core.a(CDC.cpp.o)
                0x0000000020000b60                SerialUSB
 .bss.__malloc_free_list
                0x0000000020000b94        0x4 /Users/student/Library/Arduino15/packages/arduino/tools/arm-none-eabi-gcc/7-2017q4/bin/../lib/gcc/arm-none-eabi/7.2.1/../../../../arm-none-eabi/lib/thumb/v6-m/libc_nano.a(lib_a-nano-mallocr.o)
                0x0000000020000b94                __malloc_free_list
 .bss.__malloc_sbrk_start
                0x0000000020000b98        0x4 /Users/student/Library/Arduino15/packages/arduino/tools/arm-none-eabi-gcc/7-2017q4/bin/../lib/gcc/arm-none-eabi/7.2.1/../../../../arm-none-eabi/lib/thumb/v6-m/libc_nano.a(lib_a-nano-mallocr.o)
                0x0000000020000b98                __malloc_sbrk_start
 .bss.heap_end.4102
                0x0000000020000b9c        0x4 /Users/student/Library/Arduino15/packages/arduino/tools/arm-none-eabi-gcc/7-2017q4/bin/../lib/gcc/arm-none-eabi/7.2.1/../../../../arm-none-eabi/lib/thumb/v6-m/libnosys.a(sbrk.o)
 *(COMMON)
 COMMON         0x0000000020000ba0        0x4 /Users/student/Library/Arduino15/packages/arduino/tools/arm-none-eabi-gcc/7-2017q4/bin/../lib/gcc/arm-none-eabi/7.2.1/../../../../arm-none-eabi/lib/thumb/v6-m/libc_nano.a(lib_a-reent.o)
                0x0000000020000ba0                errno
                0x0000000020000ba4                . = ALIGN (0x4)
                0x0000000020000ba4                __bss_end__ = .

.heap           0x0000000020000ba4        0x0
                0x0000000020000ba4                __end__ = .
                0x0000000020000ba4                PROVIDE (end, .)
 *(.heap*)
                0x0000000020000ba4                __HeapLimit = .

.stack_dummy    0x0000000020000ba4        0x0
 *(.stack*)
                0x0000000020008000                __StackTop = (ORIGIN (RAM) + LENGTH (RAM))
                0x0000000020008000                __StackLimit = (__StackTop - SIZEOF (.stack_dummy))
                0x0000000020008000                PROVIDE (__stack, __StackTop)
                0x0000000020007fff                __ram_end__ = ((ORIGIN (RAM) + LENGTH (RAM)) - 0x1)
                0x0000000000000001                ASSERT ((__StackLimit >= __HeapLimit), region RAM overflowed with stack)
OUTPUT(/private/var/folders/cs/8k4rd8wn11g9t0b617_34rdr0000gp/T/arduino/sketches/50020086DF468555A24024536F63254E/blinker.ino.elf elf32-littlearm)

.ARM.attributes
                0x0000000000000000       0x28
 .ARM.attributes
                0x0000000000000000       0x1e /Users/student/Library/Arduino15/packages/arduino/tools/arm-none-eabi-gcc/7-2017q4/bin/../lib/gcc/arm-none-eabi/7.2.1/thumb/v6-m/crti.o
 .ARM.attributes
                0x000000000000001e       0x2c /Users/student/Library/Arduino15/packages/arduino/tools/arm-none-eabi-gcc/7-2017q4/bin/../lib/gcc/arm-none-eabi/7.2.1/thumb/v6-m/crtbegin.o
 .ARM.attributes
                0x000000000000004a       0x32 /private/var/folders/cs/8k4rd8wn11g9t0b617_34rdr0000gp/T/arduino/sketches/50020086DF468555A24024536F63254E/sketch/blinker.ino.cpp.o
 .ARM.attributes
                0x000000000000007c       0x32 /private/var/folders/cs/8k4rd8wn11g9t0b617_34rdr0000gp/T/arduino/sketches/50020086DF468555A24024536F63254E/core/variant.cpp.o
 .ARM.attributes
                0x00000000000000ae       0x32 /private/var/folders/cs/8k4rd8wn11g9t0b617_34rdr0000gp/T/arduino/sketches/50020086DF468555A24024536F63254E/../../cores/arduino_samd_mkrwan1310_69f8762d4f40de9fbf6a58e02a638f5b/core.a(SERCOM.cpp.o)
 .ARM.attributes
                0x00000000000000e0       0x32 /private/var/folders/cs/8k4rd8wn11g9t0b617_34rdr0000gp/T/arduino/sketches/50020086DF468555A24024536F63254E/../../cores/arduino_samd_mkrwan1310_69f8762d4f40de9fbf6a58e02a638f5b/core.a(Uart.cpp.o)
 .ARM.attributes
                0x0000000000000112       0x32 /private/var/folders/cs/8k4rd8wn11g9t0b617_34rdr0000gp/T/arduino/sketches/50020086DF468555A24024536F63254E/../../cores/arduino_samd_mkrwan1310_69f8762d4f40de9fbf6a58e02a638f5b/core.a(Print.cpp.o)
 .ARM.attributes
                0x0000000000000144       0x32 /private/var/folders/cs/8k4rd8wn11g9t0b617_34rdr0000gp/T/arduino/sketches/50020086DF468555A24024536F63254E/../../cores/arduino_samd_mkrwan1310_69f8762d4f40de9fbf6a58e02a638f5b/core.a(cortex_handlers.c.o)
 .ARM.attributes
                0x0000000000000176       0x32 /private/var/folders/cs/8k4rd8wn11g9t0b617_34rdr0000gp/T/arduino/sketches/50020086DF468555A24024536F63254E/../../cores/arduino_samd_mkrwan1310_69f8762d4f40de9fbf6a58e02a638f5b/core.a(delay.c.o)
 .ARM.attributes
                0x00000000000001a8       0x32 /private/var/folders/cs/8k4rd8wn11g9t0b617_34rdr0000gp/T/arduino/sketches/50020086DF468555A24024536F63254E/../../cores/arduino_samd_mkrwan1310_69f8762d4f40de9fbf6a58e02a638f5b/core.a(hooks.c.o)
 .ARM.attributes
                0x00000000000001da       0x32 /private/var/folders/cs/8k4rd8wn11g9t0b617_34rdr0000gp/T/arduino/sketches/50020086DF468555A24024536F63254E/../../cores/arduino_samd_mkrwan1310_69f8762d4f40de9fbf6a58e02a638f5b/core.a(main.cpp.o)
 .ARM.attributes
                0x000000000000020c       0x32 /private/var/folders/cs/8k4rd8wn11g9t0b617_34rdr0000gp/T/arduino/sketches/50020086DF468555A24024536F63254E/../../cores/arduino_samd_mkrwan1310_69f8762d4f40de9fbf6a58e02a638f5b/core.a(startup.c.o)
 .ARM.attributes
                0x000000000000023e       0x32 /private/var/folders/cs/8k4rd8wn11g9t0b617_34rdr0000gp/T/arduino/sketches/50020086DF468555A24024536F63254E/../../cores/arduino_samd_mkrwan1310_69f8762d4f40de9fbf6a58e02a638f5b/core.a(wiring.c.o)
 .ARM.attributes
                0x0000000000000270       0x32 /private/var/folders/cs/8k4rd8wn11g9t0b617_34rdr0000gp/T/arduino/sketches/50020086DF468555A24024536F63254E/../../cores/arduino_samd_mkrwan1310_69f8762d4f40de9fbf6a58e02a638f5b/core.a(wiring_analog.c.o)
 .ARM.attributes
                0x00000000000002a2       0x32 /private/var/folders/cs/8k4rd8wn11g9t0b617_34rdr0000gp/T/arduino/sketches/50020086DF468555A24024536F63254E/../../cores/arduino_samd_mkrwan1310_69f8762d4f40de9fbf6a58e02a638f5b/core.a(wiring_digital.c.o)
 .ARM.attributes
                0x00000000000002d4       0x32 /private/var/folders/cs/8k4rd8wn11g9t0b617_34rdr0000gp/T/arduino/sketches/50020086DF468555A24024536F63254E/../../cores/arduino_samd_mkrwan1310_69f8762d4f40de9fbf6a58e02a638f5b/core.a(wiring_private.c.o)
 .ARM.attributes
                0x0000000000000306       0x32 /private/var/folders/cs/8k4rd8wn11g9t0b617_34rdr0000gp/T/arduino/sketches/50020086DF468555A24024536F63254E/../../cores/arduino_samd_mkrwan1310_69f8762d4f40de9fbf6a58e02a638f5b/core.a(Reset.cpp.o)
 .ARM.attributes
                0x0000000000000338       0x32 /private/var/folders/cs/8k4rd8wn11g9t0b617_34rdr0000gp/T/arduino/sketches/50020086DF468555A24024536F63254E/../../cores/arduino_samd_mkrwan1310_69f8762d4f40de9fbf6a58e02a638f5b/core.a(USBCore.cpp.o)
 .ARM.attributes
                0x000000000000036a       0x32 /private/var/folders/cs/8k4rd8wn11g9t0b617_34rdr0000gp/T/arduino/sketches/50020086DF468555A24024536F63254E/../../cores/arduino_samd_mkrwan1310_69f8762d4f40de9fbf6a58e02a638f5b/core.a(PluggableUSB.cpp.o)
 .ARM.attributes
                0x000000000000039c       0x32 /private/var/folders/cs/8k4rd8wn11g9t0b617_34rdr0000gp/T/arduino/sketches/50020086DF468555A24024536F63254E/../../cores/arduino_samd_mkrwan1310_69f8762d4f40de9fbf6a58e02a638f5b/core.a(new.cpp.o)
 .ARM.attributes
                0x00000000000003ce       0x32 /private/var/folders/cs/8k4rd8wn11g9t0b617_34rdr0000gp/T/arduino/sketches/50020086DF468555A24024536F63254E/../../cores/arduino_samd_mkrwan1310_69f8762d4f40de9fbf6a58e02a638f5b/core.a(CDC.cpp.o)
 .ARM.attributes
                0x0000000000000400       0x1e /Users/student/Library/Arduino15/packages/arduino/tools/arm-none-eabi-gcc/7-2017q4/bin/../lib/gcc/arm-none-eabi/7.2.1/thumb/v6-m/libgcc.a(_thumb1_case_uqi.o)
 .ARM.attributes
                0x000000000000041e       0x1e /Users/student/Library/Arduino15/packages/arduino/tools/arm-none-eabi-gcc/7-2017q4/bin/../lib/gcc/arm-none-eabi/7.2.1/thumb/v6-m/libgcc.a(_udivsi3.o)
 .ARM.attributes
                0x000000000000043c       0x1e /Users/student/Library/Arduino15/packages/arduino/tools/arm-none-eabi-gcc/7-2017q4/bin/../lib/gcc/arm-none-eabi/7.2.1/thumb/v6-m/libgcc.a(_dvmd_tls.o)
 .ARM.attributes
                0x000000000000045a       0x2c /Users/student/Library/Arduino15/packages/arduino/tools/arm-none-eabi-gcc/7-2017q4/bin/../lib/gcc/arm-none-eabi/7.2.1/../../../../arm-none-eabi/lib/thumb/v6-m/libc_nano.a(lib_a-impure.o)
 .ARM.attributes
                0x0000000000000486       0x2c /Users/student/Library/Arduino15/packages/arduino/tools/arm-none-eabi-gcc/7-2017q4/bin/../lib/gcc/arm-none-eabi/7.2.1/../../../../arm-none-eabi/lib/thumb/v6-m/libc_nano.a(lib_a-init.o)
 .ARM.attributes
                0x00000000000004b2       0x2c /Users/student/Library/Arduino15/packages/arduino/tools/arm-none-eabi-gcc/7-2017q4/bin/../lib/gcc/arm-none-eabi/7.2.1/../../../../arm-none-eabi/lib/thumb/v6-m/libc_nano.a(lib_a-malloc.o)
 .ARM.attributes
                0x00000000000004de       0x2c /Users/student/Library/Arduino15/packages/arduino/tools/arm-none-eabi-gcc/7-2017q4/bin/../lib/gcc/arm-none-eabi/7.2.1/../../../../arm-none-eabi/lib/thumb/v6-m/libc_nano.a(lib_a-memcpy-stub.o)
 .ARM.attributes
                0x000000000000050a       0x2c /Users/student/Library/Arduino15/packages/arduino/tools/arm-none-eabi-gcc/7-2017q4/bin/../lib/gcc/arm-none-eabi/7.2.1/../../../../arm-none-eabi/lib/thumb/v6-m/libc_nano.a(lib_a-memset.o)
 .ARM.attributes
                0x0000000000000536       0x2c /Users/student/Library/Arduino15/packages/arduino/tools/arm-none-eabi-gcc/7-2017q4/bin/../lib/gcc/arm-none-eabi/7.2.1/../../../../arm-none-eabi/lib/thumb/v6-m/libc_nano.a(lib_a-nano-freer.o)
 .ARM.attributes
                0x0000000000000562       0x2c /Users/student/Library/Arduino15/packages/arduino/tools/arm-none-eabi-gcc/7-2017q4/bin/../lib/gcc/arm-none-eabi/7.2.1/../../../../arm-none-eabi/lib/thumb/v6-m/libc_nano.a(lib_a-nano-mallocr.o)
 .ARM.attributes
                0x000000000000058e       0x2c /Users/student/Library/Arduino15/packages/arduino/tools/arm-none-eabi-gcc/7-2017q4/bin/../lib/gcc/arm-none-eabi/7.2.1/../../../../arm-none-eabi/lib/thumb/v6-m/libc_nano.a(lib_a-sbrkr.o)
 .ARM.attributes
                0x00000000000005ba       0x1c /Users/student/Library/Arduino15/packages/arduino/tools/arm-none-eabi-gcc/7-2017q4/bin/../lib/gcc/arm-none-eabi/7.2.1/../../../../arm-none-eabi/lib/thumb/v6-m/libc_nano.a(lib_a-strlen.o)
 .ARM.attributes
                0x00000000000005d6       0x2c /Users/student/Library/Arduino15/packages/arduino/tools/arm-none-eabi-gcc/7-2017q4/bin/../lib/gcc/arm-none-eabi/7.2.1/../../../../arm-none-eabi/lib/thumb/v6-m/libc_nano.a(lib_a-mlock.o)
 .ARM.attributes
                0x0000000000000602       0x2c /Users/student/Library/Arduino15/packages/arduino/tools/arm-none-eabi-gcc/7-2017q4/bin/../lib/gcc/arm-none-eabi/7.2.1/../../../../arm-none-eabi/lib/thumb/v6-m/libc_nano.a(lib_a-reent.o)
 .ARM.attributes
                0x000000000000062e       0x2c /Users/student/Library/Arduino15/packages/arduino/tools/arm-none-eabi-gcc/7-2017q4/bin/../lib/gcc/arm-none-eabi/7.2.1/../../../../arm-none-eabi/lib/thumb/v6-m/libnosys.a(sbrk.o)
 .ARM.attributes
                0x000000000000065a       0x2c /Users/student/Library/Arduino15/packages/arduino/tools/arm-none-eabi-gcc/7-2017q4/bin/../lib/gcc/arm-none-eabi/7.2.1/thumb/v6-m/crtend.o
 .ARM.attributes
                0x0000000000000686       0x1e /Users/student/Library/Arduino15/packages/arduino/tools/arm-none-eabi-gcc/7-2017q4/bin/../lib/gcc/arm-none-eabi/7.2.1/thumb/v6-m/crtn.o

.comment        0x0000000000000000       0x7e
 .comment       0x0000000000000000       0x7e /private/var/folders/cs/8k4rd8wn11g9t0b617_34rdr0000gp/T/arduino/sketches/50020086DF468555A24024536F63254E/sketch/blinker.ino.cpp.o
                                         0x7f (size before relaxing)
 .comment       0x000000000000007e       0x7f /private/var/folders/cs/8k4rd8wn11g9t0b617_34rdr0000gp/T/arduino/sketches/50020086DF468555A24024536F63254E/core/variant.cpp.o
 .comment       0x000000000000007e       0x7f /private/var/folders/cs/8k4rd8wn11g9t0b617_34rdr0000gp/T/arduino/sketches/50020086DF468555A24024536F63254E/../../cores/arduino_samd_mkrwan1310_69f8762d4f40de9fbf6a58e02a638f5b/core.a(SERCOM.cpp.o)
 .comment       0x000000000000007e       0x7f /private/var/folders/cs/8k4rd8wn11g9t0b617_34rdr0000gp/T/arduino/sketches/50020086DF468555A24024536F63254E/../../cores/arduino_samd_mkrwan1310_69f8762d4f40de9fbf6a58e02a638f5b/core.a(Uart.cpp.o)